Archive member included because of file (symbol)

/opt/altera/13.0sp1/nios2eds/bin/gnu/H-i686-pc-linux-gnu/bin/../lib/gcc/nios2-elf/4.1.2/mno-hw-mul/libgcc.a(_div_df.o)
                              obj/default/ContextSwitch.o (__divdf3)
/opt/altera/13.0sp1/nios2eds/bin/gnu/H-i686-pc-linux-gnu/bin/../lib/gcc/nios2-elf/4.1.2/mno-hw-mul/libgcc.a(_si_to_df.o)
                              obj/default/ContextSwitch.o (__floatsidf)
/opt/altera/13.0sp1/nios2eds/bin/gnu/H-i686-pc-linux-gnu/bin/../lib/gcc/nios2-elf/4.1.2/mno-hw-mul/libgcc.a(_thenan_df.o)
                              /opt/altera/13.0sp1/nios2eds/bin/gnu/H-i686-pc-linux-gnu/bin/../lib/gcc/nios2-elf/4.1.2/mno-hw-mul/libgcc.a(_div_df.o) (__thenan_df)
/opt/altera/13.0sp1/nios2eds/bin/gnu/H-i686-pc-linux-gnu/bin/../lib/gcc/nios2-elf/4.1.2/mno-hw-mul/libgcc.a(lib2-divmod.o)
                              obj/default/ContextSwitch.o (__modsi3)
/opt/altera/13.0sp1/nios2eds/bin/gnu/H-i686-pc-linux-gnu/bin/../lib/gcc/nios2-elf/4.1.2/mno-hw-mul/libgcc.a(_clzsi2.o)
                              /opt/altera/13.0sp1/nios2eds/bin/gnu/H-i686-pc-linux-gnu/bin/../lib/gcc/nios2-elf/4.1.2/mno-hw-mul/libgcc.a(_si_to_df.o) (__clzsi2)
/opt/altera/13.0sp1/nios2eds/bin/gnu/H-i686-pc-linux-gnu/bin/../lib/gcc/nios2-elf/4.1.2/mno-hw-mul/libgcc.a(_pack_df.o)
                              /opt/altera/13.0sp1/nios2eds/bin/gnu/H-i686-pc-linux-gnu/bin/../lib/gcc/nios2-elf/4.1.2/mno-hw-mul/libgcc.a(_div_df.o) (__pack_d)
/opt/altera/13.0sp1/nios2eds/bin/gnu/H-i686-pc-linux-gnu/bin/../lib/gcc/nios2-elf/4.1.2/mno-hw-mul/libgcc.a(_unpack_df.o)
                              /opt/altera/13.0sp1/nios2eds/bin/gnu/H-i686-pc-linux-gnu/bin/../lib/gcc/nios2-elf/4.1.2/mno-hw-mul/libgcc.a(_div_df.o) (__unpack_d)
/opt/altera/13.0sp1/nios2eds/bin/gnu/H-i686-pc-linux-gnu/bin/../lib/gcc/nios2-elf/4.1.2/mno-hw-mul/libgcc.a(_clz.o)
                              /opt/altera/13.0sp1/nios2eds/bin/gnu/H-i686-pc-linux-gnu/bin/../lib/gcc/nios2-elf/4.1.2/mno-hw-mul/libgcc.a(_clzsi2.o) (__clz_tab)
/opt/altera/13.0sp1/nios2eds/bin/gnu/H-i686-pc-linux-gnu/bin/../lib/gcc/nios2-elf/4.1.2/../../../../nios2-elf/lib/mno-hw-mul/libc.a(lib_a-printf.o)
                              obj/default/ContextSwitch.o (printf)
/opt/altera/13.0sp1/nios2eds/bin/gnu/H-i686-pc-linux-gnu/bin/../lib/gcc/nios2-elf/4.1.2/../../../../nios2-elf/lib/mno-hw-mul/libc.a(lib_a-puts.o)
                              obj/default/ContextSwitch.o (puts)
/opt/altera/13.0sp1/nios2eds/bin/gnu/H-i686-pc-linux-gnu/bin/../lib/gcc/nios2-elf/4.1.2/../../../../nios2-elf/lib/mno-hw-mul/libc.a(lib_a-strlen.o)
                              /opt/altera/13.0sp1/nios2eds/bin/gnu/H-i686-pc-linux-gnu/bin/../lib/gcc/nios2-elf/4.1.2/../../../../nios2-elf/lib/mno-hw-mul/libc.a(lib_a-puts.o) (strlen)
/opt/altera/13.0sp1/nios2eds/bin/gnu/H-i686-pc-linux-gnu/bin/../lib/gcc/nios2-elf/4.1.2/../../../../nios2-elf/lib/mno-hw-mul/libc.a(lib_a-vfprintf.o)
                              /opt/altera/13.0sp1/nios2eds/bin/gnu/H-i686-pc-linux-gnu/bin/../lib/gcc/nios2-elf/4.1.2/../../../../nios2-elf/lib/mno-hw-mul/libc.a(lib_a-printf.o) (___vfprintf_internal_r)
/opt/altera/13.0sp1/nios2eds/bin/gnu/H-i686-pc-linux-gnu/bin/../lib/gcc/nios2-elf/4.1.2/../../../../nios2-elf/lib/mno-hw-mul/libc.a(lib_a-wsetup.o)
                              /opt/altera/13.0sp1/nios2eds/bin/gnu/H-i686-pc-linux-gnu/bin/../lib/gcc/nios2-elf/4.1.2/../../../../nios2-elf/lib/mno-hw-mul/libc.a(lib_a-vfprintf.o) (__swsetup_r)
/opt/altera/13.0sp1/nios2eds/bin/gnu/H-i686-pc-linux-gnu/bin/../lib/gcc/nios2-elf/4.1.2/../../../../nios2-elf/lib/mno-hw-mul/libc.a(lib_a-dtoa.o)
                              /opt/altera/13.0sp1/nios2eds/bin/gnu/H-i686-pc-linux-gnu/bin/../lib/gcc/nios2-elf/4.1.2/../../../../nios2-elf/lib/mno-hw-mul/libc.a(lib_a-vfprintf.o) (_dtoa_r)
/opt/altera/13.0sp1/nios2eds/bin/gnu/H-i686-pc-linux-gnu/bin/../lib/gcc/nios2-elf/4.1.2/../../../../nios2-elf/lib/mno-hw-mul/libc.a(lib_a-fflush.o)
                              /opt/altera/13.0sp1/nios2eds/bin/gnu/H-i686-pc-linux-gnu/bin/../lib/gcc/nios2-elf/4.1.2/../../../../nios2-elf/lib/mno-hw-mul/libc.a(lib_a-vfprintf.o) (_fflush_r)
/opt/altera/13.0sp1/nios2eds/bin/gnu/H-i686-pc-linux-gnu/bin/../lib/gcc/nios2-elf/4.1.2/../../../../nios2-elf/lib/mno-hw-mul/libc.a(lib_a-findfp.o)
                              /opt/altera/13.0sp1/nios2eds/bin/gnu/H-i686-pc-linux-gnu/bin/../lib/gcc/nios2-elf/4.1.2/../../../../nios2-elf/lib/mno-hw-mul/libc.a(lib_a-vfprintf.o) (__sinit)
/opt/altera/13.0sp1/nios2eds/bin/gnu/H-i686-pc-linux-gnu/bin/../lib/gcc/nios2-elf/4.1.2/../../../../nios2-elf/lib/mno-hw-mul/libc.a(lib_a-freer.o)
                              /opt/altera/13.0sp1/nios2eds/bin/gnu/H-i686-pc-linux-gnu/bin/../lib/gcc/nios2-elf/4.1.2/../../../../nios2-elf/lib/mno-hw-mul/libc.a(lib_a-wsetup.o) (_free_r)
/opt/altera/13.0sp1/nios2eds/bin/gnu/H-i686-pc-linux-gnu/bin/../lib/gcc/nios2-elf/4.1.2/../../../../nios2-elf/lib/mno-hw-mul/libc.a(lib_a-fvwrite.o)
[...]
Memory Configuration

Name             Origin             Length             Attributes
onchip_memory    0x00000000         0x00006400
sram             0x00100000         0x00080000
reset            0x01000000         0x00000020
sdram            0x01000020         0x007fffe0
*default*        0x00000000         0xffffffff

Linker script and memory map

LOAD ../bsp//obj/HAL/src/crt0.o
LOAD obj/default/ContextSwitch.o
LOAD /opt/altera/13.0sp1/nios2eds/bin/gnu/H-i686-pc-linux-gnu/bin/../lib/gcc/nios2-elf/4.1.2/../../../../nios2-elf/lib/mno-hw-mul/libstdc++.a
LOAD /opt/altera/13.0sp1/nios2eds/bin/gnu/H-i686-pc-linux-gnu/bin/../lib/gcc/nios2-elf/4.1.2/../../../../nios2-elf/lib/mno-hw-mul/libm.a
LOAD /opt/altera/13.0sp1/nios2eds/bin/gnu/H-i686-pc-linux-gnu/bin/../lib/gcc/nios2-elf/4.1.2/mno-hw-mul/libgcc.a
START GROUP
LOAD /opt/altera/13.0sp1/nios2eds/bin/gnu/H-i686-pc-linux-gnu/bin/../lib/gcc/nios2-elf/4.1.2/../../../../nios2-elf/lib/mno-hw-mul/libc.a
LOAD /opt/altera/13.0sp1/nios2eds/bin/gnu/H-i686-pc-linux-gnu/bin/../lib/gcc/nios2-elf/4.1.2/mno-hw-mul/libgcc.a
LOAD ../bsp//libucosii_bsp.a
END GROUP
LOAD /opt/altera/13.0sp1/nios2eds/bin/gnu/H-i686-pc-linux-gnu/bin/../lib/gcc/nios2-elf/4.1.2/mno-hw-mul/libgcc.a
                0x00000000                __alt_mem_onchip_memory = 0x0
                0x00100000                __alt_mem_sram = 0x100000
                0x01000000                __alt_mem_sdram = 0x1000000

.entry          0x01000000       0x20
 *(.entry)
 .entry         0x01000000       0x20 ../bsp//obj/HAL/src/crt0.o
                0x01000000                __reset

.exceptions     0x01000020      0x124 load address 0x00100000
                0x01000020                PROVIDE (__ram_exceptions_start, ABSOLUTE (.))
                0x01000020                . = ALIGN (0x20)
 *(.irq)
 *(.exceptions.entry.label)
 .exceptions.entry.label
                0x01000020        0x0 ../bsp//libucosii_bsp.a(alt_irq_entry.o)
                0x01000020                alt_irq_entry
 .exceptions.entry.label
                0x01000020        0x0 ../bsp//libucosii_bsp.a(alt_exception_entry.o)
                0x01000020                alt_exception
 *(.exceptions.entry.user)
 *(.exceptions.entry)
 .exceptions.entry
                0x01000020       0x54 ../bsp//libucosii_bsp.a(alt_exception_entry.o)
 *(.exceptions.irqtest.user)
 *(.exceptions.irqtest)
 .exceptions.irqtest
                0x01000074       0x10 ../bsp//libucosii_bsp.a(alt_irq_entry.o)
 *(.exceptions.irqhandler.user)
 *(.exceptions.irqhandler)
 .exceptions.irqhandler
                0x01000084        0x4 ../bsp//libucosii_bsp.a(alt_irq_entry.o)
 *(.exceptions.irqreturn.user)
 *(.exceptions.irqreturn)
 .exceptions.irqreturn
                0x01000088        0x4 ../bsp//libucosii_bsp.a(alt_irq_entry.o)
 *(.exceptions.notirq.label)
 .exceptions.notirq.label
                0x0100008c        0x0 ../bsp//libucosii_bsp.a(alt_irq_entry.o)
 *(.exceptions.notirq.user)
 *(.exceptions.notirq)
 .exceptions.notirq
                0x0100008c        0x8 ../bsp//libucosii_bsp.a(alt_exception_entry.o)
 *(.exceptions.soft.user)
 *(.exceptions.soft)
 *(.exceptions.unknown.user)
 *(.exceptions.unknown)
 .exceptions.unknown
                0x01000094        0x4 ../bsp//libucosii_bsp.a(alt_exception_entry.o)
 *(.exceptions.exit.label)
 .exceptions.exit.label
                0x01000098        0x0 ../bsp//libucosii_bsp.a(alt_irq_entry.o)
 .exceptions.exit.label
                0x01000098        0x0 ../bsp//libucosii_bsp.a(alt_exception_entry.o)
 *(.exceptions.exit.user)
 *(.exceptions.exit)
 .exceptions.exit
                0x01000098       0x54 ../bsp//libucosii_bsp.a(alt_exception_entry.o)
 *(.exceptions)
 .exceptions    0x010000ec       0x58 ../bsp//libucosii_bsp.a(alt_irq_handler.o)
                0x010000ec                alt_irq_handler
                0x01000144                PROVIDE (__ram_exceptions_end, ABSOLUTE (.))
                0x00100000                PROVIDE (__flash_exceptions_start, LOADADDR (.exceptions))

.text           0x00100124    0x110f4
                0x00100124                PROVIDE (stext, ABSOLUTE (.))
 *(.interp)
 *(.hash)
 *(.dynsym)
 *(.dynstr)
 *(.gnu.version)
 *(.gnu.version_d)
 *(.gnu.version_r)
 *(.rel.init)
 *(.rela.init)
 *(.rel.text .rel.text.* .rel.gnu.linkonce.t.*)
 *(.rela.text .rela.text.* .rela.gnu.linkonce.t.*)
 *(.rel.fini)
 *(.rela.fini)
 *(.rel.rodata .rel.rodata.* .rel.gnu.linkonce.r.*)
 *(.rela.rodata .rela.rodata.* .rela.gnu.linkonce.r.*)
 *(.rel.data .rel.data.* .rel.gnu.linkonce.d.*)
 *(.rela.data .rela.data.* .rela.gnu.linkonce.d.*)
 *(.rel.tdata .rel.tdata.* .rel.gnu.linkonce.td.*)
 *(.rela.tdata .rela.tdata.* .rela.gnu.linkonce.td.*)
 *(.rel.tbss .rel.tbss.* .rel.gnu.linkonce.tb.*)
 *(.rela.tbss .rela.tbss.* .rela.gnu.linkonce.tb.*)
 *(.rel.ctors)
 *(.rela.ctors)
 *(.rel.dtors)
 *(.rela.dtors)
 *(.rel.got)
 *(.rela.got)
 *(.rel.sdata .rel.sdata.* .rel.gnu.linkonce.s.*)
 *(.rela.sdata .rela.sdata.* .rela.gnu.linkonce.s.*)
 *(.rel.sbss .rel.sbss.* .rel.gnu.linkonce.sb.*)
 *(.rela.sbss .rela.sbss.* .rela.gnu.linkonce.sb.*)
 *(.rel.sdata2 .rel.sdata2.* .rel.gnu.linkonce.s2.*)
 *(.rela.sdata2 .rela.sdata2.* .rela.gnu.linkonce.s2.*)
 *(.rel.sbss2 .rel.sbss2.* .rel.gnu.linkonce.sb2.*)
 *(.rela.sbss2 .rela.sbss2.* .rela.gnu.linkonce.sb2.*)
 *(.rel.bss .rel.bss.* .rel.gnu.linkonce.b.*)
 *(.rela.bss .rela.bss.* .rela.gnu.linkonce.b.*)
 *(.rel.plt)
 *(.rela.plt)
 *(.rel.dyn)
 *(.init)
 *(.plt)
 *(.text .stub .text.* .gnu.linkonce.t.*)
 .text          0x00100124       0x3c ../bsp//obj/HAL/src/crt0.o
                0x00100124                _start
 .text          0x00100160      0x39c obj/default/ContextSwitch.o
                0x00100160                printStackSize
                0x0010019c                task1
                0x00100218                task2
                0x001003fc                statisticTask
                0x00100410                main
 .text          0x001004fc      0x258 /opt/altera/13.0sp1/nios2eds/bin/gnu/H-i686-pc-linux-gnu/bin/../lib/gcc/nios2-elf/4.1.2/mno-hw-mul/libgcc.a(_div_df.o)
                0x001004fc                __divdf3
 .text          0x00100754       0xf8 /opt/altera/13.0sp1/nios2eds/bin/gnu/H-i686-pc-linux-gnu/bin/../lib/gcc/nios2-elf/4.1.2/mno-hw-mul/libgcc.a(_si_to_df.o)
                0x00100754                __floatsidf
 .text          0x0010084c        0x0 /opt/altera/13.0sp1/nios2eds/bin/gnu/H-i686-pc-linux-gnu/bin/../lib/gcc/nios2-elf/4.1.2/mno-hw-mul/libgcc.a(_thenan_df.o)
 .text          0x0010084c      0x14c /opt/altera/13.0sp1/nios2eds/bin/gnu/H-i686-pc-linux-gnu/bin/../lib/gcc/nios2-elf/4.1.2/mno-hw-mul/libgcc.a(lib2-divmod.o)
                0x001008c8                __divsi3
                0x00100928                __modsi3
                0x00100988                __udivsi3
                0x00100990                __umodsi3
 .text          0x00100998       0x80 /opt/altera/13.0sp1/nios2eds/bin/gnu/H-i686-pc-linux-gnu/bin/../lib/gcc/nios2-elf/4.1.2/mno-hw-mul/libgcc.a(_clzsi2.o)
                0x00100998                __clzsi2
 .text          0x00100a18      0x314 /opt/altera/13.0sp1/nios2eds/bin/gnu/H-i686-pc-linux-gnu/bin/../lib/gcc/nios2-elf/4.1.2/mno-hw-mul/libgcc.a(_pack_df.o)
                0x00100a18                __pack_d
 .text          0x00100d2c      0x138 /opt/altera/13.0sp1/nios2eds/bin/gnu/H-i686-pc-linux-gnu/bin/../lib/gcc/nios2-elf/4.1.2/mno-hw-mul/libgcc.a(_unpack_df.o)
                0x00100d2c                __unpack_d
 .text          0x00100e64        0x0 /opt/altera/13.0sp1/nios2eds/bin/gnu/H-i686-pc-linux-gnu/bin/../lib/gcc/nios2-elf/4.1.2/mno-hw-mul/libgcc.a(_clz.o)
 .text          0x00100e64       0x78 /opt/altera/13.0sp1/nios2eds/bin/gnu/H-i686-pc-linux-gnu/bin/../lib/gcc/nios2-elf/4.1.2/../../../../nios2-elf/lib/mno-hw-mul/libc.a(lib_a-printf.o)
                0x00100e64                printf
                0x00100ea8                _printf_r
 .text          0x00100edc       0xb4 /opt/altera/13.0sp1/nios2eds/bin/gnu/H-i686-pc-linux-gnu/bin/../lib/gcc/nios2-elf/4.1.2/../../../../nios2-elf/lib/mno-hw-mul/libc.a(lib_a-puts.o)
                0x00100edc                _puts_r
                0x00100f7c                puts
 .text          0x00100f90       0x74 /opt/altera/13.0sp1/nios2eds/bin/gnu/H-i686-pc-linux-gnu/bin/../lib/gcc/nios2-elf/4.1.2/../../../../nios2-elf/lib/mno-hw-mul/libc.a(lib_a-strlen.o)
                0x00100f90                strlen
 .text          0x00101004     0x1f40 /opt/altera/13.0sp1/nios2eds/bin/gnu/H-i686-pc-linux-gnu/bin/../lib/gcc/nios2-elf/4.1.2/../../../../nios2-elf/lib/mno-hw-mul/libc.a(lib_a-vfprintf.o)
                0x0010105c                ___vfprintf_internal_r
                0x00102f20                __vfprintf_internal
 .text          0x00102f44      0x13c /opt/altera/13.0sp1/nios2eds/bin/gnu/H-i686-pc-linux-gnu/bin/../lib/gcc/nios2-elf/4.1.2/../../../../nios2-elf/lib/mno-hw-mul/libc.a(lib_a-wsetup.o)
                0x00102f44                __swsetup_r
 .text          0x00103080     0x17f8 /opt/altera/13.0sp1/nios2eds/bin/gnu/H-i686-pc-linux-gnu/bin/../lib/gcc/nios2-elf/4.1.2/../../../../nios2-elf/lib/mno-hw-mul/libc.a(lib_a-dtoa.o)
                0x001032c4                _dtoa_r
 .text          0x00104878      0x230 /opt/altera/13.0sp1/nios2eds/bin/gnu/H-i686-pc-linux-gnu/bin/../lib/gcc/nios2-elf/4.1.2/../../../../nios2-elf/lib/mno-hw-mul/libc.a(lib_a-fflush.o)
                0x00104878                _fflush_r
                0x00104a74                fflush
 .text          0x00104aa8      0x2f4 /opt/altera/13.0sp1/nios2eds/bin/gnu/H-i686-pc-linux-gnu/bin/../lib/gcc/nios2-elf/4.1.2/../../../../nios2-elf/lib/mno-hw-mul/libc.a(lib_a-findfp.o)
                0x00104b00                __sfp_lock_acquire
                0x00104b04                __sfp_lock_release
                0x00104b08                __sinit_lock_acquire
                0x00104b0c                __sinit_lock_release
                0x00104b10                __sinit
                0x00104bc4                __fp_unlock_all
                0x00104bdc                __fp_lock_all
                0x00104bf4                _cleanup_r
                0x00104c00                _cleanup
                0x00104c10                __sfmoreglue
                0x00104cac                __sfp
 .text          0x00104d9c      0x440 /opt/altera/13.0sp1/nios2eds/bin/gnu/H-i686-pc-linux-gnu/bin/../lib/gcc/nios2-elf/4.1.2/../../../../nios2-elf/lib/mno-hw-mul/libc.a(lib_a-freer.o)
                0x00104d9c                _malloc_trim_r
                0x00104ec8                _free_r
 .text          0x001051dc      0x49c /opt/altera/13.0sp1/nios2eds/bin/gnu/H-i686-pc-linux-gnu/bin/../lib/gcc/nios2-elf/4.1.2/../../../../nios2-elf/lib/mno-hw-mul/libc.a(lib_a-fvwrite.o)
                0x001051dc                __sfvwrite_r
 .text          0x00105678      0x180 /opt/altera/13.0sp1/nios2eds/bin/gnu/H-i686-pc-linux-gnu/bin/../lib/gcc/nios2-elf/4.1.2/../../../../nios2-elf/lib/mno-hw-mul/libc.a(lib_a-fwalk.o)
                0x00105678                _fwalk_reent
                0x00105740                _fwalk
 .text          0x001057f8        0x0 /opt/altera/13.0sp1/nios2eds/bin/gnu/H-i686-pc-linux-gnu/bin/../lib/gcc/nios2-elf/4.1.2/../../../../nios2-elf/lib/mno-hw-mul/libc.a(lib_a-impure.o)
 .text          0x001057f8       0xc4 /opt/altera/13.0sp1/nios2eds/bin/gnu/H-i686-pc-linux-gnu/bin/../lib/gcc/nios2-elf/4.1.2/../../../../nios2-elf/lib/mno-hw-mul/libc.a(lib_a-locale.o)
                0x001057f8                __locale_charset
                0x00105800                _localeconv_r
                0x0010580c                localeconv
                0x0010581c                _setlocale_r
                0x001058a0                setlocale
 .text          0x001058bc      0x194 /opt/altera/13.0sp1/nios2eds/bin/gnu/H-i686-pc-linux-gnu/bin/../lib/gcc/nios2-elf/4.1.2/../../../../nios2-elf/lib/mno-hw-mul/libc.a(lib_a-makebuf.o)
                0x001058bc                __smakebuf_r
 .text          0x00105a50      0x740 /opt/altera/13.0sp1/nios2eds/bin/gnu/H-i686-pc-linux-gnu/bin/../lib/gcc/nios2-elf/4.1.2/../../../../nios2-elf/lib/mno-hw-mul/libc.a(lib_a-mallocr.o)
                0x00105a50                _malloc_r
 .text          0x00106190       0xe4 /opt/altera/13.0sp1/nios2eds/bin/gnu/H-i686-pc-linux-gnu/bin/../lib/gcc/nios2-elf/4.1.2/../../../../nios2-elf/lib/mno-hw-mul/libc.a(lib_a-memchr.o)
                0x00106190                memchr
 .text          0x00106274       0xa0 /opt/altera/13.0sp1/nios2eds/bin/gnu/H-i686-pc-linux-gnu/bin/../lib/gcc/nios2-elf/4.1.2/../../../../nios2-elf/lib/mno-hw-mul/libc.a(lib_a-memcpy.o)
                0x00106274                memcpy
 .text          0x00106314       0xe0 /opt/altera/13.0sp1/nios2eds/bin/gnu/H-i686-pc-linux-gnu/bin/../lib/gcc/nios2-elf/4.1.2/../../../../nios2-elf/lib/mno-hw-mul/libc.a(lib_a-memmove.o)
                0x00106314                memmove
 .text          0x001063f4       0x98 /opt/altera/13.0sp1/nios2eds/bin/gnu/H-i686-pc-linux-gnu/bin/../lib/gcc/nios2-elf/4.1.2/../../../../nios2-elf/lib/mno-hw-mul/libc.a(lib_a-memset.o)
                0x001063f4                memset
 .text          0x0010648c     0x108c /opt/altera/13.0sp1/nios2eds/bin/gnu/H-i686-pc-linux-gnu/bin/../lib/gcc/nios2-elf/4.1.2/../../../../nios2-elf/lib/mno-hw-mul/libc.a(lib_a-mprec.o)
                0x0010648c                _Bfree
                0x001064b4                __hi0bits
                0x00106524                __lo0bits
                0x001065e8                __mcmp
                0x00106648                __ulp
                0x001066c8                __b2d
                0x001067e8                __ratio
                0x00106898                _mprec_log10
                0x0010692c                __copybits
                0x00106984                __any_on
                0x00106a0c                _Balloc
                0x00106ac8                __d2b
                0x00106c44                __mdiff
                0x00106dd0                __lshift
                0x00106f1c                __multiply
                0x00107170                __i2b
                0x001071ac                __multadd
                0x001072d8                __pow5mult
                0x001073f8                __s2b
 .text          0x00107518      0x5f4 /opt/altera/13.0sp1/nios2eds/bin/gnu/H-i686-pc-linux-gnu/bin/../lib/gcc/nios2-elf/4.1.2/../../../../nios2-elf/lib/mno-hw-mul/libc.a(lib_a-reallocr.o)
                0x00107518                _realloc_r
 .text          0x00107b0c       0x40 /opt/altera/13.0sp1/nios2eds/bin/gnu/H-i686-pc-linux-gnu/bin/../lib/gcc/nios2-elf/4.1.2/../../../../nios2-elf/lib/mno-hw-mul/libc.a(lib_a-s_isinfd.o)
                0x00107b0c                __isinfd
 .text          0x00107b4c       0x30 /opt/altera/13.0sp1/nios2eds/bin/gnu/H-i686-pc-linux-gnu/bin/../lib/gcc/nios2-elf/4.1.2/../../../../nios2-elf/lib/mno-hw-mul/libc.a(lib_a-s_isnand.o)
                0x00107b4c                __isnand
 .text          0x00107b7c       0x70 /opt/altera/13.0sp1/nios2eds/bin/gnu/H-i686-pc-linux-gnu/bin/../lib/gcc/nios2-elf/4.1.2/../../../../nios2-elf/lib/mno-hw-mul/libc.a(lib_a-sbrkr.o)
                0x00107b7c                _sbrk_r
 .text          0x00107bec      0x14c /opt/altera/13.0sp1/nios2eds/bin/gnu/H-i686-pc-linux-gnu/bin/../lib/gcc/nios2-elf/4.1.2/../../../../nios2-elf/lib/mno-hw-mul/libc.a(lib_a-stdio.o)
                0x00107bec                __sclose
                0x00107bf4                __sseek
                0x00107c5c                __swrite
                0x00107cd8                __sread
 .text          0x00107d38       0xbc /opt/altera/13.0sp1/nios2eds/bin/gnu/H-i686-pc-linux-gnu/bin/../lib/gcc/nios2-elf/4.1.2/../../../../nios2-elf/lib/mno-hw-mul/libc.a(lib_a-strcmp.o)
                0x00107d38                strcmp
 .text          0x00107df4       0x78 /opt/altera/13.0sp1/nios2eds/bin/gnu/H-i686-pc-linux-gnu/bin/../lib/gcc/nios2-elf/4.1.2/../../../../nios2-elf/lib/mno-hw-mul/libc.a(lib_a-writer.o)
                0x00107df4                _write_r
 .text          0x00107e6c       0xc8 /opt/altera/13.0sp1/nios2eds/bin/gnu/H-i686-pc-linux-gnu/bin/../lib/gcc/nios2-elf/4.1.2/../../../../nios2-elf/lib/mno-hw-mul/libc.a(lib_a-callocr.o)
                0x00107e6c                _calloc_r
 .text          0x00107f34       0x70 /opt/altera/13.0sp1/nios2eds/bin/gnu/H-i686-pc-linux-gnu/bin/../lib/gcc/nios2-elf/4.1.2/../../../../nios2-elf/lib/mno-hw-mul/libc.a(lib_a-closer.o)
                0x00107f34                _close_r
 .text          0x00107fa4      0x124 /opt/altera/13.0sp1/nios2eds/bin/gnu/H-i686-pc-linux-gnu/bin/../lib/gcc/nios2-elf/4.1.2/../../../../nios2-elf/lib/mno-hw-mul/libc.a(lib_a-fclose.o)
                0x00107fa4                _fclose_r
                0x001080b4                fclose
 .text          0x001080c8       0x74 /opt/altera/13.0sp1/nios2eds/bin/gnu/H-i686-pc-linux-gnu/bin/../lib/gcc/nios2-elf/4.1.2/../../../../nios2-elf/lib/mno-hw-mul/libc.a(lib_a-fstatr.o)
                0x001080c8                _fstat_r
 .text          0x0010813c        0x0 /opt/altera/13.0sp1/nios2eds/bin/gnu/H-i686-pc-linux-gnu/bin/../lib/gcc/nios2-elf/4.1.2/../../../../nios2-elf/lib/mno-hw-mul/libc.a(lib_a-int_errno.o)
 .text          0x0010813c       0x70 /opt/altera/13.0sp1/nios2eds/bin/gnu/H-i686-pc-linux-gnu/bin/../lib/gcc/nios2-elf/4.1.2/../../../../nios2-elf/lib/mno-hw-mul/libc.a(lib_a-isattyr.o)
                0x0010813c                _isatty_r
 .text          0x001081ac       0x78 /opt/altera/13.0sp1/nios2eds/bin/gnu/H-i686-pc-linux-gnu/bin/../lib/gcc/nios2-elf/4.1.2/../../../../nios2-elf/lib/mno-hw-mul/libc.a(lib_a-lseekr.o)
                0x001081ac                _lseek_r
 .text          0x00108224       0x78 /opt/altera/13.0sp1/nios2eds/bin/gnu/H-i686-pc-linux-gnu/bin/../lib/gcc/nios2-elf/4.1.2/../../../../nios2-elf/lib/mno-hw-mul/libc.a(lib_a-readr.o)
                0x00108224                _read_r
 .text          0x0010829c      0x66c /opt/altera/13.0sp1/nios2eds/bin/gnu/H-i686-pc-linux-gnu/bin/../lib/gcc/nios2-elf/4.1.2/mno-hw-mul/libgcc.a(_udivdi3.o)
                0x0010829c                __udivdi3
 .text          0x00108908      0x660 /opt/altera/13.0sp1/nios2eds/bin/gnu/H-i686-pc-linux-gnu/bin/../lib/gcc/nios2-elf/4.1.2/mno-hw-mul/libgcc.a(_umoddi3.o)
                0x00108908                __umoddi3
 .text          0x00108f68      0x504 /opt/altera/13.0sp1/nios2eds/bin/gnu/H-i686-pc-linux-gnu/bin/../lib/gcc/nios2-elf/4.1.2/mno-hw-mul/libgcc.a(_addsub_df.o)
                0x00109378                __subdf3
                0x001093f8                __adddf3
 .text          0x0010946c      0x3c4 /opt/altera/13.0sp1/nios2eds/bin/gnu/H-i686-pc-linux-gnu/bin/../lib/gcc/nios2-elf/4.1.2/mno-hw-mul/libgcc.a(_mul_df.o)
                0x0010946c                __muldf3
 .text          0x00109830       0x88 /opt/altera/13.0sp1/nios2eds/bin/gnu/H-i686-pc-linux-gnu/bin/../lib/gcc/nios2-elf/4.1.2/mno-hw-mul/libgcc.a(_eq_df.o)
                0x00109830                __eqdf2
 .text          0x001098b8       0x88 /opt/altera/13.0sp1/nios2eds/bin/gnu/H-i686-pc-linux-gnu/bin/../lib/gcc/nios2-elf/4.1.2/mno-hw-mul/libgcc.a(_ne_df.o)
                0x001098b8                __nedf2
 .text          0x00109940       0x88 /opt/altera/13.0sp1/nios2eds/bin/gnu/H-i686-pc-linux-gnu/bin/../lib/gcc/nios2-elf/4.1.2/mno-hw-mul/libgcc.a(_gt_df.o)
                0x00109940                __gtdf2
 .text          0x001099c8       0x88 /opt/altera/13.0sp1/nios2eds/bin/gnu/H-i686-pc-linux-gnu/bin/../lib/gcc/nios2-elf/4.1.2/mno-hw-mul/libgcc.a(_ge_df.o)
                0x001099c8                __gedf2
 .text          0x00109a50       0x88 /opt/altera/13.0sp1/nios2eds/bin/gnu/H-i686-pc-linux-gnu/bin/../lib/gcc/nios2-elf/4.1.2/mno-hw-mul/libgcc.a(_lt_df.o)
                0x00109a50                __ltdf2
 .text          0x00109ad8       0xd8 /opt/altera/13.0sp1/nios2eds/bin/gnu/H-i686-pc-linux-gnu/bin/../lib/gcc/nios2-elf/4.1.2/mno-hw-mul/libgcc.a(_df_to_si.o)
                0x00109ad8                __fixdfsi
 .text          0x00109bb0      0x194 /opt/altera/13.0sp1/nios2eds/bin/gnu/H-i686-pc-linux-gnu/bin/../lib/gcc/nios2-elf/4.1.2/mno-hw-mul/libgcc.a(_usi_to_df.o)
                0x00109bb0                __floatunsidf
 .text          0x00109d44       0x38 /opt/altera/13.0sp1/nios2eds/bin/gnu/H-i686-pc-linux-gnu/bin/../lib/gcc/nios2-elf/4.1.2/mno-hw-mul/libgcc.a(lib2-mul.o)
                0x00109d44                __mulsi3
 .text          0x00109d7c      0x124 /opt/altera/13.0sp1/nios2eds/bin/gnu/H-i686-pc-linux-gnu/bin/../lib/gcc/nios2-elf/4.1.2/mno-hw-mul/libgcc.a(_muldi3.o)
                0x00109d7c                __muldi3
 .text          0x00109ea0       0xc8 /opt/altera/13.0sp1/nios2eds/bin/gnu/H-i686-pc-linux-gnu/bin/../lib/gcc/nios2-elf/4.1.2/mno-hw-mul/libgcc.a(_fpcmp_parts_df.o)
                0x00109ea0                __fpcmp_parts_d
 .text          0x00109f68       0xbc ../bsp//libucosii_bsp.a(alt_close.o)
                0x00109f88                close
 .text          0x0010a024        0x8 ../bsp//libucosii_bsp.a(alt_dev.o)
 .text          0x0010a02c        0x0 ../bsp//libucosii_bsp.a(alt_errno.o)
 .text          0x0010a02c       0x9c ../bsp//libucosii_bsp.a(alt_fstat.o)
                0x0010a02c                fstat
 .text          0x0010a0c8       0x94 ../bsp//libucosii_bsp.a(alt_isatty.o)
                0x0010a0c8                isatty
 .text          0x0010a15c       0x8c ../bsp//libucosii_bsp.a(alt_load.o)
                0x0010a17c                alt_load
 .text          0x0010a1e8       0xb8 ../bsp//libucosii_bsp.a(alt_lseek.o)
                0x0010a1e8                lseek
 .text          0x0010a2a0       0xa8 ../bsp//libucosii_bsp.a(alt_main.o)
                0x0010a2a0                alt_main
 .text          0x0010a348       0xd8 ../bsp//libucosii_bsp.a(alt_read.o)
                0x0010a368                read
 .text          0x0010a420       0x5c ../bsp//libucosii_bsp.a(alt_release_fd.o)
                0x0010a420                alt_release_fd
 .text          0x0010a47c       0x50 ../bsp//libucosii_bsp.a(alt_sbrk.o)
                0x0010a47c                sbrk
 .text          0x0010a4cc       0xd4 ../bsp//libucosii_bsp.a(alt_write.o)
                0x0010a4ec                write
 .text          0x0010a5a0       0xa8 ../bsp//libucosii_bsp.a(alt_env_lock.o)
                0x0010a5a0                __env_unlock
                0x0010a5c8                __env_lock
 .text          0x0010a648      0x110 ../bsp//libucosii_bsp.a(alt_malloc_lock.o)
                0x0010a648                __malloc_unlock
                0x0010a6a4                __malloc_lock
 .text          0x0010a758     0x1118 ../bsp//libucosii_bsp.a(os_core.o)
                0x0010a758                OSVersion
                0x0010a760                OS_Dummy
                0x0010a764                OS_EventTaskWait
                0x0010a7e8                OS_EventTaskWaitMulti
                0x0010a888                OS_EventTaskRemove
                0x0010a8d4                OS_EventTaskRemoveMulti
                0x0010a930                OS_EventTaskRdy
                0x0010aa24                OS_EventWaitListInit
                0x0010aa40                OS_MemClr
                0x0010aa5c                OS_MemCopy
                0x0010aa80                OS_StrCopy
                0x0010aaac                OS_StrLen
                0x0010aacc                OS_TaskStatStkChk
                0x0010ab50                OS_Sched
                0x0010ac08                OSStart
                0x0010ac74                OSInit
                0x0010ae54                OSEventNameGet
                0x0010af0c                OSEventPendMulti
                0x0010b264                OSIntEnter
                0x0010b2a0                OSSchedLock
                0x0010b2e4                OSSchedUnlock
                0x0010b338                OSStatInit
                0x0010b39c                OSTimeTick
                0x0010b4a8                OS_TaskIdle
                0x0010b4d8                OS_TaskStat
                0x0010b55c                OS_TCBInit
                0x0010b6e0                OSIntExit
                0x0010b7b4                OSEventNameSet
 .text          0x0010b870        0x4 ../bsp//libucosii_bsp.a(os_dbg.o)
                0x0010b870                OSDebugInit
 .text          0x0010b874      0xc5c ../bsp//libucosii_bsp.a(os_flag.o)
                0x0010b92c                OS_FlagUnlink
                0x0010b9f8                OS_FlagInit
                0x0010ba68                OSFlagQuery
                0x0010bac4                OSFlagAccept
                0x0010bc34                OSFlagCreate
                0x0010bcbc                OSFlagDel
                0x0010be1c                OSFlagNameGet
                0x0010bedc                OSFlagNameSet
                0x0010bfb0                OSFlagPend
                0x0010c2b0                OSFlagPendGetFlagsRdy
                0x0010c2dc                OSFlagPost
 .text          0x0010c4d0      0x3b8 ../bsp//libucosii_bsp.a(os_mem.o)
                0x0010c4d0                OS_MemInit
                0x0010c538                OSMemQuery
                0x0010c59c                OSMemCreate
                0x0010c66c                OSMemGet
                0x0010c6d8                OSMemNameGet
                0x0010c774                OSMemNameSet
                0x0010c830                OSMemPut
 .text          0x0010c888      0x9c4 ../bsp//libucosii_bsp.a(os_q.o)
                0x0010c888                OS_QInit
                0x0010c8d8                OSQQuery
                0x0010c970                OSQAccept
                0x0010ca0c                OSQCreate
                0x0010cb0c                OSQDel
                0x0010cc90                OSQFlush
                0x0010cce0                OSQPend
                0x0010cea0                OSQPendAbort
                0x0010cf88                OSQPost
                0x0010d044                OSQPostFront
                0x0010d108                OSQPostOpt
 .text          0x0010d24c      0x5e0 ../bsp//libucosii_bsp.a(os_sem.o)
                0x0010d24c                OSSemSet
                0x0010d2b0                OSSemAccept
                0x0010d2f4                OSSemCreate
                0x0010d380                OSSemDel
                0x0010d4d4                OSSemPend
                0x0010d63c                OSSemPendAbort
                0x0010d728                OSSemPost
                0x0010d7c4                OSSemQuery
 .text          0x0010d82c      0xe74 ../bsp//libucosii_bsp.a(os_task.o)
                0x0010d82c                OS_TaskStkClr
                0x0010d85c                OSTaskQuery
                0x0010d924                OSTaskChangePrio
                0x0010dbc0                OSTaskCreate
                0x0010dccc                OSTaskCreateExt
                0x0010de44                OSTaskDel
                0x0010e090                OSTaskDelReq
                0x0010e144                OSTaskNameGet
                0x0010e24c                OSTaskNameSet
                0x0010e368                OSTaskResume
                0x0010e46c                OSTaskStkChk
                0x0010e55c                OSTaskSuspend
 .text          0x0010e6a0      0x378 ../bsp//libucosii_bsp.a(os_time.o)
                0x0010e6a0                OSTimeSet
                0x0010e6c4                OSTimeDly
                0x0010e75c                OSTimeDlyHMSM
                0x0010e8fc                OSTimeDlyResume
                0x0010e9f4                OSTimeGet
 .text          0x0010ea18      0xb94 ../bsp//libucosii_bsp.a(os_tmr.o)
                0x0010eb84                OSTmr_Init
                0x0010ede0                OSTmrStop
                0x0010ef3c                OSTmrStart
                0x0010f040                OSTmrStateGet
                0x0010f0e8                OSTmrRemainGet
                0x0010f200                OSTmrDel
                0x0010f2fc                OSTmrSignal
                0x0010f324                OSTmrNameGet
                0x0010f410                OSTmrCreate
 .text          0x0010f5ac       0x9c ../bsp//libucosii_bsp.a(alt_sys_init.o)
                0x0010f5b8                alt_sys_init
                0x0010f628                alt_irq_init
 .text          0x0010f648       0x3c ../bsp//libucosii_bsp.a(altera_avalon_jtag_uart_fd.o)
                0x0010f648                altera_avalon_jtag_uart_ioctl_fd
                0x0010f654                altera_avalon_jtag_uart_close_fd
                0x0010f664                altera_avalon_jtag_uart_write_fd
                0x0010f674                altera_avalon_jtag_uart_read_fd
 .text          0x0010f684      0x2f4 ../bsp//libucosii_bsp.a(altera_avalon_jtag_uart_init.o)
                0x0010f684                altera_avalon_jtag_uart_close
                0x0010f744                altera_avalon_jtag_uart_init
 .text          0x0010f978       0x7c ../bsp//libucosii_bsp.a(altera_avalon_jtag_uart_ioctl.o)
                0x0010f978                altera_avalon_jtag_uart_ioctl
 .text          0x0010f9f4      0x1ac ../bsp//libucosii_bsp.a(altera_avalon_jtag_uart_read.o)
                0x0010f9f4                altera_avalon_jtag_uart_read
 .text          0x0010fba0      0x1b8 ../bsp//libucosii_bsp.a(altera_avalon_jtag_uart_write.o)
                0x0010fba0                altera_avalon_jtag_uart_write
 .text          0x0010fd58       0x5c ../bsp//libucosii_bsp.a(altera_avalon_performance_counter.o)
                0x0010fd58                alt_get_performance_counter_base
                0x0010fd60                alt_get_cpu_freq
                0x0010fd6c                perf_get_num_starts
                0x0010fd7c                perf_get_section_time
                0x0010fdac                perf_get_total_time
 .text          0x0010fdb4       0x8c ../bsp//libucosii_bsp.a(altera_avalon_timer_sc.o)
                0x0010fdb4                alt_avalon_timer_sc_init
 .text          0x0010fe40      0x250 ../bsp//libucosii_bsp.a(altera_up_avalon_character_lcd.o)
                0x0010fe40                get_DDRAM_addr
                0x0010fe58                alt_up_character_lcd_string
                0x0010fe74                alt_up_character_lcd_write
                0x0010fe98                alt_up_character_lcd_write_fd
                0x0010feb8                alt_up_character_lcd_init
                0x0010fec8                alt_up_character_lcd_send_cmd
                0x0010fed8                alt_up_character_lcd_cursor_blink_on
                0x0010fee0                alt_up_character_lcd_cursor_off
                0x0010fee8                alt_up_character_lcd_erase_pos
                0x0010ff4c                alt_up_character_lcd_shift_display
                0x0010ffbc                alt_up_character_lcd_shift_cursor
                0x0011002c                alt_up_character_lcd_set_cursor_pos
                0x00110084                alt_up_character_lcd_open_dev
 .text          0x00110090      0x1e0 ../bsp//libucosii_bsp.a(perf_print_formatted_report.o)
                0x00110090                perf_print_formatted_report
 .text          0x00110270       0x90 ../bsp//libucosii_bsp.a(alt_alarm_start.o)
                0x00110270                alt_alarm_start
 .text          0x00110300        0x4 ../bsp//libucosii_bsp.a(alt_dcache_flush_all.o)
                0x00110300                alt_dcache_flush_all
 .text          0x00110304       0x70 ../bsp//libucosii_bsp.a(alt_dev_llist_insert.o)
                0x00110304                alt_dev_llist_insert
 .text          0x00110374       0x40 ../bsp//libucosii_bsp.a(alt_do_ctors.o)
                0x00110374                _do_ctors
 .text          0x001103b4       0x40 ../bsp//libucosii_bsp.a(alt_do_dtors.o)
                0x001103b4                _do_dtors
 .text          0x001103f4       0x70 ../bsp//libucosii_bsp.a(alt_find_dev.o)
                0x001103f4                alt_find_dev
 .text          0x00110464        0x4 ../bsp//libucosii_bsp.a(alt_icache_flush_all.o)
                0x00110464                alt_icache_flush_all
 .text          0x00110468       0x9c ../bsp//libucosii_bsp.a(alt_iic.o)
                0x00110468                alt_ic_irq_enabled
                0x00110480                alt_ic_irq_enable
                0x001104c0                alt_ic_irq_disable
                0x00110500                alt_ic_isr_register
 .text          0x00110504       0x6c ../bsp//libucosii_bsp.a(alt_iic_isr_register.o)
                0x00110504                alt_iic_isr_register
 .text          0x00110570      0x114 ../bsp//libucosii_bsp.a(alt_io_redirect.o)
                0x001105f8                alt_io_redirect
 .text          0x00110684        0x0 ../bsp//libucosii_bsp.a(alt_irq_entry.o)
 .text          0x00110684        0x0 ../bsp//libucosii_bsp.a(alt_irq_handler.o)
 .text          0x00110684        0x0 ../bsp//libucosii_bsp.a(alt_irq_vars.o)
 .text          0x00110684      0x17c ../bsp//libucosii_bsp.a(alt_open.o)
                0x00110684                open
 .text          0x00110800       0xe0 ../bsp//libucosii_bsp.a(alt_tick.o)
                0x00110800                alt_alarm_stop
                0x00110834                alt_tick
 .text          0x001108e0        0x8 ../bsp//libucosii_bsp.a(altera_nios2_qsys_irq.o)
                0x001108e0                altera_nios2_qsys_irq_init
 .text          0x001108e8       0xd0 ../bsp//libucosii_bsp.a(os_cpu_a.o)
                0x001108e8                OSCtxSw
                0x001108e8                OSIntCtxSw
                0x00110974                OSStartHighRdy
                0x00110994                OSStartTsk
 .text          0x001109b8      0x228 ../bsp//libucosii_bsp.a(os_cpu_c.o)
                0x001109b8                OSTaskCreateHook
                0x001109bc                OSTaskDelHook
                0x001109c0                OSTaskSwHook
                0x001109c4                OSTaskStatHook
                0x001109c8                OSInitHookBegin
                0x001109d0                OSInitHookEnd
                0x001109d4                OSTaskIdleHook
                0x001109d8                OSTCBInitHook
                0x001109dc                OSTimeTickHook
                0x00110a34                OSTaskStkInit
 .text          0x00110be0        0x0 ../bsp//libucosii_bsp.a(alt_exception_entry.o)
 .text          0x00110be0       0x9c ../bsp//libucosii_bsp.a(alt_find_file.o)
                0x00110be0                alt_find_file
 .text          0x00110c7c       0xa4 ../bsp//libucosii_bsp.a(alt_get_fd.o)
                0x00110c7c                alt_get_fd
 .text          0x00110d20       0x14 /opt/altera/13.0sp1/nios2eds/bin/gnu/H-i686-pc-linux-gnu/bin/../lib/gcc/nios2-elf/4.1.2/../../../../nios2-elf/lib/mno-hw-mul/libc.a(lib_a-atexit.o)
                0x00110d20                atexit
 .text          0x00110d34       0x38 /opt/altera/13.0sp1/nios2eds/bin/gnu/H-i686-pc-linux-gnu/bin/../lib/gcc/nios2-elf/4.1.2/../../../../nios2-elf/lib/mno-hw-mul/libc.a(lib_a-exit.o)
                0x00110d34                exit
 .text          0x00110d6c       0x74 /opt/altera/13.0sp1/nios2eds/bin/gnu/H-i686-pc-linux-gnu/bin/../lib/gcc/nios2-elf/4.1.2/../../../../nios2-elf/lib/mno-hw-mul/libc.a(lib_a-memcmp.o)
                0x00110d6c                memcmp
 .text          0x00110de0      0x134 /opt/altera/13.0sp1/nios2eds/bin/gnu/H-i686-pc-linux-gnu/bin/../lib/gcc/nios2-elf/4.1.2/../../../../nios2-elf/lib/mno-hw-mul/libc.a(lib_a-__atexit.o)
                0x00110de0                __register_exitproc
 .text          0x00110f14      0x1b4 /opt/altera/13.0sp1/nios2eds/bin/gnu/H-i686-pc-linux-gnu/bin/../lib/gcc/nios2-elf/4.1.2/../../../../nios2-elf/lib/mno-hw-mul/libc.a(lib_a-__call_atexit.o)
                0x00110f18                __call_exitprocs
 .text          0x001110c8       0xa4 /opt/altera/13.0sp1/nios2eds/bin/gnu/H-i686-pc-linux-gnu/bin/../lib/gcc/nios2-elf/4.1.2/mno-hw-mul/libgcc.a(_fixunsdfsi.o)
                0x001110c8                __fixunsdfsi
 .text          0x0011116c       0x88 /opt/altera/13.0sp1/nios2eds/bin/gnu/H-i686-pc-linux-gnu/bin/../lib/gcc/nios2-elf/4.1.2/mno-hw-mul/libgcc.a(_floatundidf.o)
                0x0011116c                __floatundidf
 .text          0x001111f4       0x20 ../bsp//libucosii_bsp.a(alt_exit.o)
                0x001111f4                _exit
 *(.gnu.warning.*)
 *(.fini)
                0x00111214                PROVIDE (__etext, ABSOLUTE (.))
                0x00111214                PROVIDE (_etext, ABSOLUTE (.))
                0x00111214                PROVIDE (etext, ABSOLUTE (.))
 *(.eh_frame_hdr)
                0x00111214                . = ALIGN (0x4)
                0x00111214                PROVIDE (__preinit_array_start, ABSOLUTE (.))
 *(.preinit_array)
                0x00111214                PROVIDE (__preinit_array_end, ABSOLUTE (.))
                0x00111214                PROVIDE (__init_array_start, ABSOLUTE (.))
 *(.init_array)
                0x00111214                PROVIDE (__init_array_end, ABSOLUTE (.))
                0x00111214                PROVIDE (__fini_array_start, ABSOLUTE (.))
 *(.fini_array)
                0x00111214                PROVIDE (__fini_array_end, ABSOLUTE (.))
 *(.eh_frame)
 *(.gcc_except_table)
 *(.dynamic)
                0x00111214                PROVIDE (__CTOR_LIST__, ABSOLUTE (.))
 *(.ctors)
 *(SORT(.ctors.*))
 .ctors.65535   0x00111214        0x4 /opt/altera/13.0sp1/nios2eds/bin/gnu/H-i686-pc-linux-gnu/bin/../lib/gcc/nios2-elf/4.1.2/../../../../nios2-elf/lib/mno-hw-mul/libc.a(lib_a-__call_atexit.o)
                0x00111218                PROVIDE (__CTOR_END__, ABSOLUTE (.))
                0x00111218                PROVIDE (__DTOR_LIST__, ABSOLUTE (.))
 *(.dtors)
 *(SORT(.dtors.*))
                0x00111218                PROVIDE (__DTOR_END__, ABSOLUTE (.))
 *(.jcr)
                0x00111218                . = ALIGN (0x4)

.rodata         0x00111218      0x648
                0x00111218                PROVIDE (__ram_rodata_start, ABSOLUTE (.))
                0x00111218                . = ALIGN (0x4)
 *(.rodata .rodata.* .gnu.linkonce.r.*)
 .rodata        0x00111218       0xb0 obj/default/ContextSwitch.o
 .rodata        0x001112c8       0x14 /opt/altera/13.0sp1/nios2eds/bin/gnu/H-i686-pc-linux-gnu/bin/../lib/gcc/nios2-elf/4.1.2/mno-hw-mul/libgcc.a(_thenan_df.o)
                0x001112c8                __thenan_df
 .rodata        0x001112dc      0x100 /opt/altera/13.0sp1/nios2eds/bin/gnu/H-i686-pc-linux-gnu/bin/../lib/gcc/nios2-elf/4.1.2/mno-hw-mul/libgcc.a(_clz.o)
                0x001112dc                __clz_tab
 .rodata.str1.4
                0x001113dc        0x2 /opt/altera/13.0sp1/nios2eds/bin/gnu/H-i686-pc-linux-gnu/bin/../lib/gcc/nios2-elf/4.1.2/../../../../nios2-elf/lib/mno-hw-mul/libc.a(lib_a-puts.o)
                                  0x4 (size before relaxing)
 *fill*         0x001113de        0x2 00
 .rodata.str1.4
                0x001113e0       0x5e /opt/altera/13.0sp1/nios2eds/bin/gnu/H-i686-pc-linux-gnu/bin/../lib/gcc/nios2-elf/4.1.2/../../../../nios2-elf/lib/mno-hw-mul/libc.a(lib_a-vfprintf.o)
                                 0x60 (size before relaxing)
 .rodata        0x0011143e       0x20 /opt/altera/13.0sp1/nios2eds/bin/gnu/H-i686-pc-linux-gnu/bin/../lib/gcc/nios2-elf/4.1.2/../../../../nios2-elf/lib/mno-hw-mul/libc.a(lib_a-vfprintf.o)
 *fill*         0x0011145e        0x2 00
 .rodata.str1.4
                0x00111460       0x10 /opt/altera/13.0sp1/nios2eds/bin/gnu/H-i686-pc-linux-gnu/bin/../lib/gcc/nios2-elf/4.1.2/../../../../nios2-elf/lib/mno-hw-mul/libc.a(lib_a-dtoa.o)
                                 0x14 (size before relaxing)
 .rodata.str1.4
                0x00111470        0x2 /opt/altera/13.0sp1/nios2eds/bin/gnu/H-i686-pc-linux-gnu/bin/../lib/gcc/nios2-elf/4.1.2/../../../../nios2-elf/lib/mno-hw-mul/libc.a(lib_a-impure.o)
                                  0x4 (size before relaxing)
 *fill*         0x00111472        0x2 00
 .rodata.str1.4
                0x00111474        0xf /opt/altera/13.0sp1/nios2eds/bin/gnu/H-i686-pc-linux-gnu/bin/../lib/gcc/nios2-elf/4.1.2/../../../../nios2-elf/lib/mno-hw-mul/libc.a(lib_a-locale.o)
                                 0x18 (size before relaxing)
 *fill*         0x00111483        0x1 00
 .rodata        0x00111484       0x30 /opt/altera/13.0sp1/nios2eds/bin/gnu/H-i686-pc-linux-gnu/bin/../lib/gcc/nios2-elf/4.1.2/../../../../nios2-elf/lib/mno-hw-mul/libc.a(lib_a-locale.o)
 .rodata        0x001114b4      0x124 /opt/altera/13.0sp1/nios2eds/bin/gnu/H-i686-pc-linux-gnu/bin/../lib/gcc/nios2-elf/4.1.2/../../../../nios2-elf/lib/mno-hw-mul/libc.a(lib_a-mprec.o)
                0x001114b4                __mprec_tens
                0x0011157c                __mprec_bigtens
                0x001115a4                __mprec_tinytens
 .rodata.str1.4
                0x001115d8        0xa ../bsp//libucosii_bsp.a(alt_dev.o)
                                  0xc (size before relaxing)
 *fill*         0x001115e2        0x2 00
 .rodata.str1.4
                0x001115e4       0x11 ../bsp//libucosii_bsp.a(alt_main.o)
                                 0x14 (size before relaxing)
 *fill*         0x001115f5        0x3 00
 .rodata.str1.4
                0x001115f8       0x1e ../bsp//libucosii_bsp.a(os_core.o)
                                 0x20 (size before relaxing)
 .rodata        0x00111616      0x100 ../bsp//libucosii_bsp.a(os_core.o)
                0x00111616                OSUnMapTbl
 *fill*         0x00111716        0x2 00
 .rodata.str1.4
                0x00111718       0x35 ../bsp//libucosii_bsp.a(os_tmr.o)
                                 0x38 (size before relaxing)
 *fill*         0x0011174d        0x3 00
 .rodata.str1.4
                0x00111750        0xd ../bsp//libucosii_bsp.a(alt_sys_init.o)
                                 0x24 (size before relaxing)
 *fill*         0x0011175d        0x3 00
 .rodata.str1.4
                0x00111760      0x100 ../bsp//libucosii_bsp.a(perf_print_formatted_report.o)
 .rodata.str1.4
                0x00000000        0x4 ../bsp//libucosii_bsp.a(os_cpu_c.o)
 *(.rodata1)
                0x00111860                . = ALIGN (0x4)
                0x00111860                PROVIDE (__ram_rodata_end, ABSOLUTE (.))
                0x00111218                PROVIDE (__flash_rodata_start, LOADADDR (.rodata))

.rwdata         0x00111860     0x1b10 load address 0x00113370
                0x00111860                PROVIDE (__ram_rwdata_start, ABSOLUTE (.))
                0x00111860                . = ALIGN (0x4)
 *(.got.plt)
 *(.got)
 *(.data1)
 *(.data .data.* .gnu.linkonce.d.*)
 .data          0x00111860        0x0 ../bsp//obj/HAL/src/crt0.o
 .data          0x00111860        0x0 obj/default/ContextSwitch.o
 .data          0x00111860        0x0 /opt/altera/13.0sp1/nios2eds/bin/gnu/H-i686-pc-linux-gnu/bin/../lib/gcc/nios2-elf/4.1.2/mno-hw-mul/libgcc.a(_div_df.o)
 .data          0x00111860        0x0 /opt/altera/13.0sp1/nios2eds/bin/gnu/H-i686-pc-linux-gnu/bin/../lib/gcc/nios2-elf/4.1.2/mno-hw-mul/libgcc.a(_si_to_df.o)
 .data          0x00111860        0x0 /opt/altera/13.0sp1/nios2eds/bin/gnu/H-i686-pc-linux-gnu/bin/../lib/gcc/nios2-elf/4.1.2/mno-hw-mul/libgcc.a(_thenan_df.o)
 .data          0x00111860        0x0 /opt/altera/13.0sp1/nios2eds/bin/gnu/H-i686-pc-linux-gnu/bin/../lib/gcc/nios2-elf/4.1.2/mno-hw-mul/libgcc.a(lib2-divmod.o)
 .data          0x00111860        0x0 /opt/altera/13.0sp1/nios2eds/bin/gnu/H-i686-pc-linux-gnu/bin/../lib/gcc/nios2-elf/4.1.2/mno-hw-mul/libgcc.a(_clzsi2.o)
 .data          0x00111860        0x0 /opt/altera/13.0sp1/nios2eds/bin/gnu/H-i686-pc-linux-gnu/bin/../lib/gcc/nios2-elf/4.1.2/mno-hw-mul/libgcc.a(_pack_df.o)
 .data          0x00111860        0x0 /opt/altera/13.0sp1/nios2eds/bin/gnu/H-i686-pc-linux-gnu/bin/../lib/gcc/nios2-elf/4.1.2/mno-hw-mul/libgcc.a(_unpack_df.o)
 .data          0x00111860        0x0 /opt/altera/13.0sp1/nios2eds/bin/gnu/H-i686-pc-linux-gnu/bin/../lib/gcc/nios2-elf/4.1.2/mno-hw-mul/libgcc.a(_clz.o)
 .data          0x00111860        0x0 /opt/altera/13.0sp1/nios2eds/bin/gnu/H-i686-pc-linux-gnu/bin/../lib/gcc/nios2-elf/4.1.2/../../../../nios2-elf/lib/mno-hw-mul/libc.a(lib_a-printf.o)
 .data          0x00111860        0x0 /opt/altera/13.0sp1/nios2eds/bin/gnu/H-i686-pc-linux-gnu/bin/../lib/gcc/nios2-elf/4.1.2/../../../../nios2-elf/lib/mno-hw-mul/libc.a(lib_a-puts.o)
 .data          0x00111860        0x0 /opt/altera/13.0sp1/nios2eds/bin/gnu/H-i686-pc-linux-gnu/bin/../lib/gcc/nios2-elf/4.1.2/../../../../nios2-elf/lib/mno-hw-mul/libc.a(lib_a-strlen.o)
 .data          0x00111860        0x0 /opt/altera/13.0sp1/nios2eds/bin/gnu/H-i686-pc-linux-gnu/bin/../lib/gcc/nios2-elf/4.1.2/../../../../nios2-elf/lib/mno-hw-mul/libc.a(lib_a-vfprintf.o)
 .data          0x00111860        0x0 /opt/altera/13.0sp1/nios2eds/bin/gnu/H-i686-pc-linux-gnu/bin/../lib/gcc/nios2-elf/4.1.2/../../../../nios2-elf/lib/mno-hw-mul/libc.a(lib_a-wsetup.o)
 .data          0x00111860        0x0 /opt/altera/13.0sp1/nios2eds/bin/gnu/H-i686-pc-linux-gnu/bin/../lib/gcc/nios2-elf/4.1.2/../../../../nios2-elf/lib/mno-hw-mul/libc.a(lib_a-dtoa.o)
 .data          0x00111860        0x0 /opt/altera/13.0sp1/nios2eds/bin/gnu/H-i686-pc-linux-gnu/bin/../lib/gcc/nios2-elf/4.1.2/../../../../nios2-elf/lib/mno-hw-mul/libc.a(lib_a-fflush.o)
 .data          0x00111860        0x0 /opt/altera/13.0sp1/nios2eds/bin/gnu/H-i686-pc-linux-gnu/bin/../lib/gcc/nios2-elf/4.1.2/../../../../nios2-elf/lib/mno-hw-mul/libc.a(lib_a-findfp.o)
 .data          0x00111860        0x0 /opt/altera/13.0sp1/nios2eds/bin/gnu/H-i686-pc-linux-gnu/bin/../lib/gcc/nios2-elf/4.1.2/../../../../nios2-elf/lib/mno-hw-mul/libc.a(lib_a-freer.o)
 .data          0x00111860        0x0 /opt/altera/13.0sp1/nios2eds/bin/gnu/H-i686-pc-linux-gnu/bin/../lib/gcc/nios2-elf/4.1.2/../../../../nios2-elf/lib/mno-hw-mul/libc.a(lib_a-fvwrite.o)
 .data          0x00111860        0x0 /opt/altera/13.0sp1/nios2eds/bin/gnu/H-i686-pc-linux-gnu/bin/../lib/gcc/nios2-elf/4.1.2/../../../../nios2-elf/lib/mno-hw-mul/libc.a(lib_a-fwalk.o)
 .data          0x00111860      0x400 /opt/altera/13.0sp1/nios2eds/bin/gnu/H-i686-pc-linux-gnu/bin/../lib/gcc/nios2-elf/4.1.2/../../../../nios2-elf/lib/mno-hw-mul/libc.a(lib_a-impure.o)
 .data          0x00111c60        0xc /opt/altera/13.0sp1/nios2eds/bin/gnu/H-i686-pc-linux-gnu/bin/../lib/gcc/nios2-elf/4.1.2/../../../../nios2-elf/lib/mno-hw-mul/libc.a(lib_a-locale.o)
                0x00111c60                __lc_ctype
 .data          0x00111c6c        0x0 /opt/altera/13.0sp1/nios2eds/bin/gnu/H-i686-pc-linux-gnu/bin/../lib/gcc/nios2-elf/4.1.2/../../../../nios2-elf/lib/mno-hw-mul/libc.a(lib_a-makebuf.o)
 .data          0x00111c6c      0x408 /opt/altera/13.0sp1/nios2eds/bin/gnu/H-i686-pc-linux-gnu/bin/../lib/gcc/nios2-elf/4.1.2/../../../../nios2-elf/lib/mno-hw-mul/libc.a(lib_a-mallocr.o)
                0x00111c6c                __malloc_av_
 .data          0x00112074        0x0 /opt/altera/13.0sp1/nios2eds/bin/gnu/H-i686-pc-linux-gnu/bin/../lib/gcc/nios2-elf/4.1.2/../../../../nios2-elf/lib/mno-hw-mul/libc.a(lib_a-memchr.o)
 .data          0x00112074        0x0 /opt/altera/13.0sp1/nios2eds/bin/gnu/H-i686-pc-linux-gnu/bin/../lib/gcc/nios2-elf/4.1.2/../../../../nios2-elf/lib/mno-hw-mul/libc.a(lib_a-memcpy.o)
 .data          0x00112074        0x0 /opt/altera/13.0sp1/nios2eds/bin/gnu/H-i686-pc-linux-gnu/bin/../lib/gcc/nios2-elf/4.1.2/../../../../nios2-elf/lib/mno-hw-mul/libc.a(lib_a-memmove.o)
 .data          0x00112074        0x0 /opt/altera/13.0sp1/nios2eds/bin/gnu/H-i686-pc-linux-gnu/bin/../lib/gcc/nios2-elf/4.1.2/../../../../nios2-elf/lib/mno-hw-mul/libc.a(lib_a-memset.o)
 .data          0x00112074        0x0 /opt/altera/13.0sp1/nios2eds/bin/gnu/H-i686-pc-linux-gnu/bin/../lib/gcc/nios2-elf/4.1.2/../../../../nios2-elf/lib/mno-hw-mul/libc.a(lib_a-mprec.o)
 .data          0x00112074        0x0 /opt/altera/13.0sp1/nios2eds/bin/gnu/H-i686-pc-linux-gnu/bin/../lib/gcc/nios2-elf/4.1.2/../../../../nios2-elf/lib/mno-hw-mul/libc.a(lib_a-reallocr.o)
 .data          0x00112074        0x0 /opt/altera/13.0sp1/nios2eds/bin/gnu/H-i686-pc-linux-gnu/bin/../lib/gcc/nios2-elf/4.1.2/../../../../nios2-elf/lib/mno-hw-mul/libc.a(lib_a-s_isinfd.o)
 .data          0x00112074        0x0 /opt/altera/13.0sp1/nios2eds/bin/gnu/H-i686-pc-linux-gnu/bin/../lib/gcc/nios2-elf/4.1.2/../../../../nios2-elf/lib/mno-hw-mul/libc.a(lib_a-s_isnand.o)
 .data          0x00112074        0x0 /opt/altera/13.0sp1/nios2eds/bin/gnu/H-i686-pc-linux-gnu/bin/../lib/gcc/nios2-elf/4.1.2/../../../../nios2-elf/lib/mno-hw-mul/libc.a(lib_a-sbrkr.o)
 .data          0x00112074        0x0 /opt/altera/13.0sp1/nios2eds/bin/gnu/H-i686-pc-linux-gnu/bin/../lib/gcc/nios2-elf/4.1.2/../../../../nios2-elf/lib/mno-hw-mul/libc.a(lib_a-stdio.o)
 .data          0x00112074        0x0 /opt/altera/13.0sp1/nios2eds/bin/gnu/H-i686-pc-linux-gnu/bin/../lib/gcc/nios2-elf/4.1.2/../../../../nios2-elf/lib/mno-hw-mul/libc.a(lib_a-strcmp.o)
 .data          0x00112074        0x0 /opt/altera/13.0sp1/nios2eds/bin/gnu/H-i686-pc-linux-gnu/bin/../lib/gcc/nios2-elf/4.1.2/../../../../nios2-elf/lib/mno-hw-mul/libc.a(lib_a-writer.o)
 .data          0x00112074        0x0 /opt/altera/13.0sp1/nios2eds/bin/gnu/H-i686-pc-linux-gnu/bin/../lib/gcc/nios2-elf/4.1.2/../../../../nios2-elf/lib/mno-hw-mul/libc.a(lib_a-callocr.o)
 .data          0x00112074        0x0 /opt/altera/13.0sp1/nios2eds/bin/gnu/H-i686-pc-linux-gnu/bin/../lib/gcc/nios2-elf/4.1.2/../../../../nios2-elf/lib/mno-hw-mul/libc.a(lib_a-closer.o)
 .data          0x00112074        0x0 /opt/altera/13.0sp1/nios2eds/bin/gnu/H-i686-pc-linux-gnu/bin/../lib/gcc/nios2-elf/4.1.2/../../../../nios2-elf/lib/mno-hw-mul/libc.a(lib_a-fclose.o)
 .data          0x00112074        0x0 /opt/altera/13.0sp1/nios2eds/bin/gnu/H-i686-pc-linux-gnu/bin/../lib/gcc/nios2-elf/4.1.2/../../../../nios2-elf/lib/mno-hw-mul/libc.a(lib_a-fstatr.o)
 .data          0x00112074        0x0 /opt/altera/13.0sp1/nios2eds/bin/gnu/H-i686-pc-linux-gnu/bin/../lib/gcc/nios2-elf/4.1.2/../../../../nios2-elf/lib/mno-hw-mul/libc.a(lib_a-int_errno.o)
 .data          0x00112074        0x0 /opt/altera/13.0sp1/nios2eds/bin/gnu/H-i686-pc-linux-gnu/bin/../lib/gcc/nios2-elf/4.1.2/../../../../nios2-elf/lib/mno-hw-mul/libc.a(lib_a-isattyr.o)
 .data          0x00112074        0x0 /opt/altera/13.0sp1/nios2eds/bin/gnu/H-i686-pc-linux-gnu/bin/../lib/gcc/nios2-elf/4.1.2/../../../../nios2-elf/lib/mno-hw-mul/libc.a(lib_a-lseekr.o)
 .data          0x00112074        0x0 /opt/altera/13.0sp1/nios2eds/bin/gnu/H-i686-pc-linux-gnu/bin/../lib/gcc/nios2-elf/4.1.2/../../../../nios2-elf/lib/mno-hw-mul/libc.a(lib_a-readr.o)
 .data          0x00112074        0x0 /opt/altera/13.0sp1/nios2eds/bin/gnu/H-i686-pc-linux-gnu/bin/../lib/gcc/nios2-elf/4.1.2/mno-hw-mul/libgcc.a(_udivdi3.o)
 .data          0x00112074        0x0 /opt/altera/13.0sp1/nios2eds/bin/gnu/H-i686-pc-linux-gnu/bin/../lib/gcc/nios2-elf/4.1.2/mno-hw-mul/libgcc.a(_umoddi3.o)
 .data          0x00112074        0x0 /opt/altera/13.0sp1/nios2eds/bin/gnu/H-i686-pc-linux-gnu/bin/../lib/gcc/nios2-elf/4.1.2/mno-hw-mul/libgcc.a(_addsub_df.o)
 .data          0x00112074        0x0 /opt/altera/13.0sp1/nios2eds/bin/gnu/H-i686-pc-linux-gnu/bin/../lib/gcc/nios2-elf/4.1.2/mno-hw-mul/libgcc.a(_mul_df.o)
 .data          0x00112074        0x0 /opt/altera/13.0sp1/nios2eds/bin/gnu/H-i686-pc-linux-gnu/bin/../lib/gcc/nios2-elf/4.1.2/mno-hw-mul/libgcc.a(_eq_df.o)
 .data          0x00112074        0x0 /opt/altera/13.0sp1/nios2eds/bin/gnu/H-i686-pc-linux-gnu/bin/../lib/gcc/nios2-elf/4.1.2/mno-hw-mul/libgcc.a(_ne_df.o)
 .data          0x00112074        0x0 /opt/altera/13.0sp1/nios2eds/bin/gnu/H-i686-pc-linux-gnu/bin/../lib/gcc/nios2-elf/4.1.2/mno-hw-mul/libgcc.a(_gt_df.o)
 .data          0x00112074        0x0 /opt/altera/13.0sp1/nios2eds/bin/gnu/H-i686-pc-linux-gnu/bin/../lib/gcc/nios2-elf/4.1.2/mno-hw-mul/libgcc.a(_ge_df.o)
 .data          0x00112074        0x0 /opt/altera/13.0sp1/nios2eds/bin/gnu/H-i686-pc-linux-gnu/bin/../lib/gcc/nios2-elf/4.1.2/mno-hw-mul/libgcc.a(_lt_df.o)
 .data          0x00112074        0x0 /opt/altera/13.0sp1/nios2eds/bin/gnu/H-i686-pc-linux-gnu/bin/../lib/gcc/nios2-elf/4.1.2/mno-hw-mul/libgcc.a(_df_to_si.o)
 .data          0x00112074        0x0 /opt/altera/13.0sp1/nios2eds/bin/gnu/H-i686-pc-linux-gnu/bin/../lib/gcc/nios2-elf/4.1.2/mno-hw-mul/libgcc.a(_usi_to_df.o)
 .data          0x00112074        0x0 /opt/altera/13.0sp1/nios2eds/bin/gnu/H-i686-pc-linux-gnu/bin/../lib/gcc/nios2-elf/4.1.2/mno-hw-mul/libgcc.a(lib2-mul.o)
 .data          0x00112074        0x0 /opt/altera/13.0sp1/nios2eds/bin/gnu/H-i686-pc-linux-gnu/bin/../lib/gcc/nios2-elf/4.1.2/mno-hw-mul/libgcc.a(_muldi3.o)
 .data          0x00112074        0x0 /opt/altera/13.0sp1/nios2eds/bin/gnu/H-i686-pc-linux-gnu/bin/../lib/gcc/nios2-elf/4.1.2/mno-hw-mul/libgcc.a(_fpcmp_parts_df.o)
 .data          0x00112074        0x0 ../bsp//libucosii_bsp.a(alt_close.o)
 .data          0x00112074      0x1a8 ../bsp//libucosii_bsp.a(alt_dev.o)
                0x00112074                alt_dev_null
                0x0011209c                alt_fd_list
 .data          0x0011221c        0x0 ../bsp//libucosii_bsp.a(alt_errno.o)
 .data          0x0011221c        0x0 ../bsp//libucosii_bsp.a(alt_fstat.o)
 .data          0x0011221c        0x0 ../bsp//libucosii_bsp.a(alt_isatty.o)
 .data          0x0011221c        0x0 ../bsp//libucosii_bsp.a(alt_load.o)
 .data          0x0011221c        0x0 ../bsp//libucosii_bsp.a(alt_lseek.o)
 .data          0x0011221c        0x0 ../bsp//libucosii_bsp.a(alt_main.o)
 .data          0x0011221c        0x0 ../bsp//libucosii_bsp.a(alt_read.o)
 .data          0x0011221c        0x0 ../bsp//libucosii_bsp.a(alt_release_fd.o)
 .data          0x0011221c        0x0 ../bsp//libucosii_bsp.a(alt_sbrk.o)
 .data          0x0011221c        0x0 ../bsp//libucosii_bsp.a(alt_write.o)
 .data          0x0011221c        0x0 ../bsp//libucosii_bsp.a(alt_env_lock.o)
 .data          0x0011221c        0x0 ../bsp//libucosii_bsp.a(alt_malloc_lock.o)
 .data          0x0011221c        0x0 ../bsp//libucosii_bsp.a(os_core.o)
 .data          0x0011221c        0x0 ../bsp//libucosii_bsp.a(os_dbg.o)
 .data          0x0011221c        0x0 ../bsp//libucosii_bsp.a(os_flag.o)
 .data          0x0011221c        0x0 ../bsp//libucosii_bsp.a(os_mem.o)
 .data          0x0011221c        0x0 ../bsp//libucosii_bsp.a(os_q.o)
 .data          0x0011221c        0x0 ../bsp//libucosii_bsp.a(os_sem.o)
 .data          0x0011221c        0x0 ../bsp//libucosii_bsp.a(os_task.o)
 .data          0x0011221c        0x0 ../bsp//libucosii_bsp.a(os_time.o)
 .data          0x0011221c        0x0 ../bsp//libucosii_bsp.a(os_tmr.o)
 .data          0x0011221c     0x1098 ../bsp//libucosii_bsp.a(alt_sys_init.o)
 .data          0x001132b4        0x0 ../bsp//libucosii_bsp.a(altera_avalon_jtag_uart_fd.o)
 .data          0x001132b4        0x0 ../bsp//libucosii_bsp.a(altera_avalon_jtag_uart_init.o)
 .data          0x001132b4        0x0 ../bsp//libucosii_bsp.a(altera_avalon_jtag_uart_ioctl.o)
 .data          0x001132b4        0x0 ../bsp//libucosii_bsp.a(altera_avalon_jtag_uart_read.o)
 .data          0x001132b4        0x0 ../bsp//libucosii_bsp.a(altera_avalon_jtag_uart_write.o)
 .data          0x001132b4        0x0 ../bsp//libucosii_bsp.a(altera_avalon_performance_counter.o)
 .data          0x001132b4        0x0 ../bsp//libucosii_bsp.a(altera_avalon_timer_sc.o)
 .data          0x001132b4        0x0 ../bsp//libucosii_bsp.a(altera_up_avalon_character_lcd.o)
 .data          0x001132b4        0x0 ../bsp//libucosii_bsp.a(perf_print_formatted_report.o)
 .data          0x001132b4        0x0 ../bsp//libucosii_bsp.a(alt_alarm_start.o)
 .data          0x001132b4        0x0 ../bsp//libucosii_bsp.a(alt_dcache_flush_all.o)
 .data          0x001132b4        0x0 ../bsp//libucosii_bsp.a(alt_dev_llist_insert.o)
 .data          0x001132b4        0x0 ../bsp//libucosii_bsp.a(alt_do_ctors.o)
 .data          0x001132b4        0x0 ../bsp//libucosii_bsp.a(alt_do_dtors.o)
 .data          0x001132b4        0x0 ../bsp//libucosii_bsp.a(alt_find_dev.o)
 .data          0x001132b4        0x0 ../bsp//libucosii_bsp.a(alt_icache_flush_all.o)
 .data          0x001132b4        0x0 ../bsp//libucosii_bsp.a(alt_iic.o)
 .data          0x001132b4        0x0 ../bsp//libucosii_bsp.a(alt_iic_isr_register.o)
 .data          0x001132b4        0x0 ../bsp//libucosii_bsp.a(alt_io_redirect.o)
 .data          0x001132b4        0x0 ../bsp//libucosii_bsp.a(alt_irq_entry.o)
 .data          0x001132b4        0x0 ../bsp//libucosii_bsp.a(alt_irq_handler.o)
 .data          0x001132b4        0x0 ../bsp//libucosii_bsp.a(alt_irq_vars.o)
 .data          0x001132b4        0x0 ../bsp//libucosii_bsp.a(alt_open.o)
 .data          0x001132b4        0x0 ../bsp//libucosii_bsp.a(alt_tick.o)
 .data          0x001132b4        0x0 ../bsp//libucosii_bsp.a(altera_nios2_qsys_irq.o)
 .data          0x001132b4        0x0 ../bsp//libucosii_bsp.a(os_cpu_a.o)
 .data          0x001132b4        0x0 ../bsp//libucosii_bsp.a(os_cpu_c.o)
 .data          0x001132b4        0x0 ../bsp//libucosii_bsp.a(alt_exception_entry.o)
 .data          0x001132b4        0x0 ../bsp//libucosii_bsp.a(alt_find_file.o)
 .data          0x001132b4        0x0 ../bsp//libucosii_bsp.a(alt_get_fd.o)
 .data          0x001132b4        0x0 /opt/altera/13.0sp1/nios2eds/bin/gnu/H-i686-pc-linux-gnu/bin/../lib/gcc/nios2-elf/4.1.2/../../../../nios2-elf/lib/mno-hw-mul/libc.a(lib_a-atexit.o)
 .data          0x001132b4        0x0 /opt/altera/13.0sp1/nios2eds/bin/gnu/H-i686-pc-linux-gnu/bin/../lib/gcc/nios2-elf/4.1.2/../../../../nios2-elf/lib/mno-hw-mul/libc.a(lib_a-exit.o)
 .data          0x001132b4        0x0 /opt/altera/13.0sp1/nios2eds/bin/gnu/H-i686-pc-linux-gnu/bin/../lib/gcc/nios2-elf/4.1.2/../../../../nios2-elf/lib/mno-hw-mul/libc.a(lib_a-memcmp.o)
 .data          0x001132b4        0x0 /opt/altera/13.0sp1/nios2eds/bin/gnu/H-i686-pc-linux-gnu/bin/../lib/gcc/nios2-elf/4.1.2/../../../../nios2-elf/lib/mno-hw-mul/libc.a(lib_a-__atexit.o)
 .data          0x001132b4        0x0 /opt/altera/13.0sp1/nios2eds/bin/gnu/H-i686-pc-linux-gnu/bin/../lib/gcc/nios2-elf/4.1.2/../../../../nios2-elf/lib/mno-hw-mul/libc.a(lib_a-__call_atexit.o)
 .data          0x001132b4        0x0 /opt/altera/13.0sp1/nios2eds/bin/gnu/H-i686-pc-linux-gnu/bin/../lib/gcc/nios2-elf/4.1.2/mno-hw-mul/libgcc.a(_fixunsdfsi.o)
 .data          0x001132b4        0x0 /opt/altera/13.0sp1/nios2eds/bin/gnu/H-i686-pc-linux-gnu/bin/../lib/gcc/nios2-elf/4.1.2/mno-hw-mul/libgcc.a(_floatundidf.o)
 .data          0x001132b4        0x0 ../bsp//libucosii_bsp.a(alt_exit.o)
                0x0011b2b4                _gp = ABSOLUTE ((. + 0x8000))
                0x0011b2b4                PROVIDE (gp, _gp)
 *(.rwdata .rwdata.*)
 *(.sdata .sdata.* .gnu.linkonce.s.*)
 .sdata         0x001132b4        0x8 /opt/altera/13.0sp1/nios2eds/bin/gnu/H-i686-pc-linux-gnu/bin/../lib/gcc/nios2-elf/4.1.2/../../../../nios2-elf/lib/mno-hw-mul/libc.a(lib_a-impure.o)
                0x001132b4                _impure_ptr
                0x001132b8                _global_impure_ptr
 .sdata         0x001132bc        0x8 /opt/altera/13.0sp1/nios2eds/bin/gnu/H-i686-pc-linux-gnu/bin/../lib/gcc/nios2-elf/4.1.2/../../../../nios2-elf/lib/mno-hw-mul/libc.a(lib_a-locale.o)
                0x001132bc                __mb_cur_max
 .sdata         0x001132c4        0x8 /opt/altera/13.0sp1/nios2eds/bin/gnu/H-i686-pc-linux-gnu/bin/../lib/gcc/nios2-elf/4.1.2/../../../../nios2-elf/lib/mno-hw-mul/libc.a(lib_a-mallocr.o)
                0x001132c4                __malloc_trim_threshold
                0x001132c8                __malloc_sbrk_base
 .sdata         0x001132cc       0x14 ../bsp//libucosii_bsp.a(alt_dev.o)
                0x001132cc                alt_fs_list
                0x001132d4                alt_dev_list
                0x001132dc                alt_max_fd
 .sdata         0x001132e0        0x4 ../bsp//libucosii_bsp.a(alt_errno.o)
                0x001132e0                alt_errno
 .sdata         0x001132e4        0x4 ../bsp//libucosii_bsp.a(alt_sbrk.o)
 .sdata         0x001132e8        0x4 ../bsp//libucosii_bsp.a(alt_env_lock.o)
 .sdata         0x001132ec        0x4 ../bsp//libucosii_bsp.a(alt_malloc_lock.o)
 .sdata         0x001132f0       0x74 ../bsp//libucosii_bsp.a(os_dbg.o)
                0x001132f0                OSDebugEn
                0x001132f4                OSEndiannessTest
                0x001132f8                OSEventEn
                0x001132fa                OSEventMax
                0x001132fc                OSEventNameSize
                0x001132fe                OSEventSize
                0x00113300                OSEventTblSize
                0x00113302                OSEventMultiEn
                0x00113304                OSFlagEn
                0x00113306                OSFlagGrpSize
                0x00113308                OSFlagNodeSize
                0x0011330a                OSFlagWidth
                0x0011330c                OSFlagMax
                0x0011330e                OSFlagNameSize
                0x00113310                OSLowestPrio
                0x00113312                OSMboxEn
                0x00113314                OSMemEn
                0x00113316                OSMemMax
                0x00113318                OSMemNameSize
                0x0011331a                OSMemSize
                0x0011331c                OSMemTblSize
                0x0011331e                OSMutexEn
                0x00113320                OSPtrSize
                0x00113322                OSQEn
                0x00113324                OSQMax
                0x00113326                OSQSize
                0x00113328                OSRdyTblSize
                0x0011332a                OSSemEn
                0x0011332c                OSStkWidth
                0x0011332e                OSTaskCreateEn
                0x00113330                OSTaskCreateExtEn
                0x00113332                OSTaskDelEn
                0x00113334                OSTaskIdleStkSize
                0x00113336                OSTaskProfileEn
                0x00113338                OSTaskMax
                0x0011333a                OSTaskNameSize
                0x0011333c                OSTaskStatEn
                0x0011333e                OSTaskStatStkSize
                0x00113340                OSTaskStatStkChkEn
                0x00113342                OSTaskSwHookEn
                0x00113344                OSTCBPrioTblMax
                0x00113346                OSTCBSize
                0x00113348                OSTicksPerSec
                0x0011334a                OSTimeTickHookEn
                0x0011334c                OSVersionNbr
                0x0011334e                OSTmrEn
                0x00113350                OSTmrCfgMax
                0x00113352                OSTmrCfgNameSize
                0x00113354                OSTmrCfgWheelSize
                0x00113356                OSTmrCfgTicksPerSec
                0x00113358                OSTmrSize
                0x0011335a                OSTmrTblSize
                0x0011335c                OSTmrWheelSize
                0x0011335e                OSTmrWheelTblSize
                0x00113360                OSDataSize
 .sdata         0x00113364        0x4 ../bsp//libucosii_bsp.a(alt_irq_vars.o)
                0x00113364                alt_priority_mask
 .sdata         0x00113368        0x8 ../bsp//libucosii_bsp.a(alt_tick.o)
                0x00113368                alt_alarm_list
 *(.sdata2 .sdata2.* .gnu.linkonce.s2.*)
                0x00113370                . = ALIGN (0x4)
                0x00113370                _edata = ABSOLUTE (.)
                0x00113370                PROVIDE (edata, ABSOLUTE (.))
                0x00113370                PROVIDE (__ram_rwdata_end, ABSOLUTE (.))
                0x00113370                PROVIDE (__flash_rwdata_start, LOADADDR (.rwdata))

.bss            0x00114e80     0xa0e8
                0x00114e80                __bss_start = ABSOLUTE (.)
                0x00114e80                PROVIDE (__sbss_start, ABSOLUTE (.))
                0x00114e80                PROVIDE (___sbss_start, ABSOLUTE (.))
 *(.dynsbss)
 *(.sbss .sbss.* .gnu.linkonce.sb.*)
 .sbss          0x00114e80        0x8 obj/default/ContextSwitch.o
                0x00114e80                sem1
                0x00114e84                sem0
 .sbss          0x00114e88        0xc /opt/altera/13.0sp1/nios2eds/bin/gnu/H-i686-pc-linux-gnu/bin/../lib/gcc/nios2-elf/4.1.2/../../../../nios2-elf/lib/mno-hw-mul/libc.a(lib_a-locale.o)
                0x00114e88                __nlocale_changed
                0x00114e8c                __mlocale_changed
                0x00114e90                _PathLocale
 .sbss          0x00114e94        0xc /opt/altera/13.0sp1/nios2eds/bin/gnu/H-i686-pc-linux-gnu/bin/../lib/gcc/nios2-elf/4.1.2/../../../../nios2-elf/lib/mno-hw-mul/libc.a(lib_a-mallocr.o)
                0x00114e94                __malloc_top_pad
                0x00114e98                __malloc_max_sbrked_mem
                0x00114e9c                __malloc_max_total_mem
 .sbss          0x00114ea0        0x4 /opt/altera/13.0sp1/nios2eds/bin/gnu/H-i686-pc-linux-gnu/bin/../lib/gcc/nios2-elf/4.1.2/../../../../nios2-elf/lib/mno-hw-mul/libc.a(lib_a-int_errno.o)
                0x00114ea0                errno
 .sbss          0x00114ea4        0x4 ../bsp//libucosii_bsp.a(alt_dev.o)
                0x00114ea4                alt_fd_list_lock
 .sbss          0x00114ea8        0xc ../bsp//libucosii_bsp.a(alt_main.o)
                0x00114ea8                alt_argc
                0x00114eac                alt_argv
                0x00114eb0                alt_envp
 .sbss          0x00114eb4        0x8 ../bsp//libucosii_bsp.a(alt_env_lock.o)
                0x00114eb8                alt_envsem
 .sbss          0x00114ebc        0x8 ../bsp//libucosii_bsp.a(alt_malloc_lock.o)
                0x00114ec0                alt_heapsem
 .sbss          0x00114ec4       0x68 ../bsp//libucosii_bsp.a(os_core.o)
                0x00114ec4                OSTmrFreeList
                0x00114ec8                OSLockNesting
                0x00114ecc                OSTmrSemSignal
                0x00114ed0                OSRunning
                0x00114ed4                OSIdleCtr
                0x00114ed8                OSTmrUsed
                0x00114eda                OSPrioHighRdy
                0x00114edb                OSPrioCur
                0x00114edc                OSTCBList
                0x00114ee0                OSTickStepState
                0x00114ee4                OSCtxSwCtr
                0x00114ee8                OSTmrFree
                0x00114eec                OSIdleCtrMax
                0x00114ef0                OSTCBFreeList
                0x00114ef4                OSCPUUsage
                0x00114ef5                OSTaskCtr
                0x00114ef8                OSMemFreeList
                0x00114efc                OSTCBHighRdy
                0x00114f00                OSQFreeList
                0x00114f04                OSRdyGrp
                0x00114f05                OSRdyTbl
                0x00114f08                OSEventFreeList
                0x00114f0c                OSIntNesting
                0x00114f10                OSTCBCur
                0x00114f14                OSTmrTime
                0x00114f18                OSTime
                0x00114f1c                OSTmrSem
                0x00114f20                OSFlagFreeList
                0x00114f24                OSStatRdy
                0x00114f28                OSIdleCtrRun
 .sbss          0x00114f2c        0x4 ../bsp//libucosii_bsp.a(alt_irq_vars.o)
                0x00114f2c                alt_irq_active
 .sbss          0x00114f30        0x8 ../bsp//libucosii_bsp.a(alt_tick.o)
                0x00114f30                _alt_tick_rate
                0x00114f34                _alt_nticks
 .sbss          0x00114f38        0x2 ../bsp//libucosii_bsp.a(os_cpu_c.o)
 *(.sbss2 .sbss2.* .gnu.linkonce.sb2.*)
 *(.scommon)
                0x00114f3a                PROVIDE (__sbss_end, ABSOLUTE (.))
                0x00114f3a                PROVIDE (___sbss_end, ABSOLUTE (.))
 *(.dynbss)
 *(.bss .bss.* .gnu.linkonce.b.*)
 .bss           0x00114f3a        0x0 ../bsp//obj/HAL/src/crt0.o
 .bss           0x00114f3a        0x0 obj/default/ContextSwitch.o
 .bss           0x00114f3a        0x0 /opt/altera/13.0sp1/nios2eds/bin/gnu/H-i686-pc-linux-gnu/bin/../lib/gcc/nios2-elf/4.1.2/mno-hw-mul/libgcc.a(_div_df.o)
 .bss           0x00114f3a        0x0 /opt/altera/13.0sp1/nios2eds/bin/gnu/H-i686-pc-linux-gnu/bin/../lib/gcc/nios2-elf/4.1.2/mno-hw-mul/libgcc.a(_si_to_df.o)
 .bss           0x00114f3a        0x0 /opt/altera/13.0sp1/nios2eds/bin/gnu/H-i686-pc-linux-gnu/bin/../lib/gcc/nios2-elf/4.1.2/mno-hw-mul/libgcc.a(_thenan_df.o)
 .bss           0x00114f3a        0x0 /opt/altera/13.0sp1/nios2eds/bin/gnu/H-i686-pc-linux-gnu/bin/../lib/gcc/nios2-elf/4.1.2/mno-hw-mul/libgcc.a(lib2-divmod.o)
 .bss           0x00114f3a        0x0 /opt/altera/13.0sp1/nios2eds/bin/gnu/H-i686-pc-linux-gnu/bin/../lib/gcc/nios2-elf/4.1.2/mno-hw-mul/libgcc.a(_clzsi2.o)
 .bss           0x00114f3a        0x0 /opt/altera/13.0sp1/nios2eds/bin/gnu/H-i686-pc-linux-gnu/bin/../lib/gcc/nios2-elf/4.1.2/mno-hw-mul/libgcc.a(_pack_df.o)
 .bss           0x00114f3a        0x0 /opt/altera/13.0sp1/nios2eds/bin/gnu/H-i686-pc-linux-gnu/bin/../lib/gcc/nios2-elf/4.1.2/mno-hw-mul/libgcc.a(_unpack_df.o)
 .bss           0x00114f3a        0x0 /opt/altera/13.0sp1/nios2eds/bin/gnu/H-i686-pc-linux-gnu/bin/../lib/gcc/nios2-elf/4.1.2/mno-hw-mul/libgcc.a(_clz.o)
 .bss           0x00114f3a        0x0 /opt/altera/13.0sp1/nios2eds/bin/gnu/H-i686-pc-linux-gnu/bin/../lib/gcc/nios2-elf/4.1.2/../../../../nios2-elf/lib/mno-hw-mul/libc.a(lib_a-printf.o)
 .bss           0x00114f3a        0x0 /opt/altera/13.0sp1/nios2eds/bin/gnu/H-i686-pc-linux-gnu/bin/../lib/gcc/nios2-elf/4.1.2/../../../../nios2-elf/lib/mno-hw-mul/libc.a(lib_a-puts.o)
 .bss           0x00114f3a        0x0 /opt/altera/13.0sp1/nios2eds/bin/gnu/H-i686-pc-linux-gnu/bin/../lib/gcc/nios2-elf/4.1.2/../../../../nios2-elf/lib/mno-hw-mul/libc.a(lib_a-strlen.o)
 .bss           0x00114f3a        0x0 /opt/altera/13.0sp1/nios2eds/bin/gnu/H-i686-pc-linux-gnu/bin/../lib/gcc/nios2-elf/4.1.2/../../../../nios2-elf/lib/mno-hw-mul/libc.a(lib_a-vfprintf.o)
 .bss           0x00114f3a        0x0 /opt/altera/13.0sp1/nios2eds/bin/gnu/H-i686-pc-linux-gnu/bin/../lib/gcc/nios2-elf/4.1.2/../../../../nios2-elf/lib/mno-hw-mul/libc.a(lib_a-wsetup.o)
 .bss           0x00114f3a        0x0 /opt/altera/13.0sp1/nios2eds/bin/gnu/H-i686-pc-linux-gnu/bin/../lib/gcc/nios2-elf/4.1.2/../../../../nios2-elf/lib/mno-hw-mul/libc.a(lib_a-dtoa.o)
 .bss           0x00114f3a        0x0 /opt/altera/13.0sp1/nios2eds/bin/gnu/H-i686-pc-linux-gnu/bin/../lib/gcc/nios2-elf/4.1.2/../../../../nios2-elf/lib/mno-hw-mul/libc.a(lib_a-fflush.o)
 .bss           0x00114f3a        0x0 /opt/altera/13.0sp1/nios2eds/bin/gnu/H-i686-pc-linux-gnu/bin/../lib/gcc/nios2-elf/4.1.2/../../../../nios2-elf/lib/mno-hw-mul/libc.a(lib_a-findfp.o)
 .bss           0x00114f3a        0x0 /opt/altera/13.0sp1/nios2eds/bin/gnu/H-i686-pc-linux-gnu/bin/../lib/gcc/nios2-elf/4.1.2/../../../../nios2-elf/lib/mno-hw-mul/libc.a(lib_a-freer.o)
 .bss           0x00114f3a        0x0 /opt/altera/13.0sp1/nios2eds/bin/gnu/H-i686-pc-linux-gnu/bin/../lib/gcc/nios2-elf/4.1.2/../../../../nios2-elf/lib/mno-hw-mul/libc.a(lib_a-fvwrite.o)
 .bss           0x00114f3a        0x0 /opt/altera/13.0sp1/nios2eds/bin/gnu/H-i686-pc-linux-gnu/bin/../lib/gcc/nios2-elf/4.1.2/../../../../nios2-elf/lib/mno-hw-mul/libc.a(lib_a-fwalk.o)
 .bss           0x00114f3a        0x0 /opt/altera/13.0sp1/nios2eds/bin/gnu/H-i686-pc-linux-gnu/bin/../lib/gcc/nios2-elf/4.1.2/../../../../nios2-elf/lib/mno-hw-mul/libc.a(lib_a-impure.o)
 .bss           0x00114f3a        0x0 /opt/altera/13.0sp1/nios2eds/bin/gnu/H-i686-pc-linux-gnu/bin/../lib/gcc/nios2-elf/4.1.2/../../../../nios2-elf/lib/mno-hw-mul/libc.a(lib_a-locale.o)
 .bss           0x00114f3a        0x0 /opt/altera/13.0sp1/nios2eds/bin/gnu/H-i686-pc-linux-gnu/bin/../lib/gcc/nios2-elf/4.1.2/../../../../nios2-elf/lib/mno-hw-mul/libc.a(lib_a-makebuf.o)
 *fill*         0x00114f3a        0x2 00
 .bss           0x00114f3c       0x28 /opt/altera/13.0sp1/nios2eds/bin/gnu/H-i686-pc-linux-gnu/bin/../lib/gcc/nios2-elf/4.1.2/../../../../nios2-elf/lib/mno-hw-mul/libc.a(lib_a-mallocr.o)
                0x00114f3c                __malloc_current_mallinfo
 .bss           0x00114f64        0x0 /opt/altera/13.0sp1/nios2eds/bin/gnu/H-i686-pc-linux-gnu/bin/../lib/gcc/nios2-elf/4.1.2/../../../../nios2-elf/lib/mno-hw-mul/libc.a(lib_a-memchr.o)
 .bss           0x00114f64        0x0 /opt/altera/13.0sp1/nios2eds/bin/gnu/H-i686-pc-linux-gnu/bin/../lib/gcc/nios2-elf/4.1.2/../../../../nios2-elf/lib/mno-hw-mul/libc.a(lib_a-memcpy.o)
 .bss           0x00114f64        0x0 /opt/altera/13.0sp1/nios2eds/bin/gnu/H-i686-pc-linux-gnu/bin/../lib/gcc/nios2-elf/4.1.2/../../../../nios2-elf/lib/mno-hw-mul/libc.a(lib_a-memmove.o)
 .bss           0x00114f64        0x0 /opt/altera/13.0sp1/nios2eds/bin/gnu/H-i686-pc-linux-gnu/bin/../lib/gcc/nios2-elf/4.1.2/../../../../nios2-elf/lib/mno-hw-mul/libc.a(lib_a-memset.o)
 .bss           0x00114f64        0x0 /opt/altera/13.0sp1/nios2eds/bin/gnu/H-i686-pc-linux-gnu/bin/../lib/gcc/nios2-elf/4.1.2/../../../../nios2-elf/lib/mno-hw-mul/libc.a(lib_a-mprec.o)
 .bss           0x00114f64        0x0 /opt/altera/13.0sp1/nios2eds/bin/gnu/H-i686-pc-linux-gnu/bin/../lib/gcc/nios2-elf/4.1.2/../../../../nios2-elf/lib/mno-hw-mul/libc.a(lib_a-reallocr.o)
 .bss           0x00114f64        0x0 /opt/altera/13.0sp1/nios2eds/bin/gnu/H-i686-pc-linux-gnu/bin/../lib/gcc/nios2-elf/4.1.2/../../../../nios2-elf/lib/mno-hw-mul/libc.a(lib_a-s_isinfd.o)
 .bss           0x00114f64        0x0 /opt/altera/13.0sp1/nios2eds/bin/gnu/H-i686-pc-linux-gnu/bin/../lib/gcc/nios2-elf/4.1.2/../../../../nios2-elf/lib/mno-hw-mul/libc.a(lib_a-s_isnand.o)
 .bss           0x00114f64        0x0 /opt/altera/13.0sp1/nios2eds/bin/gnu/H-i686-pc-linux-gnu/bin/../lib/gcc/nios2-elf/4.1.2/../../../../nios2-elf/lib/mno-hw-mul/libc.a(lib_a-sbrkr.o)
 .bss           0x00114f64        0x0 /opt/altera/13.0sp1/nios2eds/bin/gnu/H-i686-pc-linux-gnu/bin/../lib/gcc/nios2-elf/4.1.2/../../../../nios2-elf/lib/mno-hw-mul/libc.a(lib_a-stdio.o)
 .bss           0x00114f64        0x0 /opt/altera/13.0sp1/nios2eds/bin/gnu/H-i686-pc-linux-gnu/bin/../lib/gcc/nios2-elf/4.1.2/../../../../nios2-elf/lib/mno-hw-mul/libc.a(lib_a-strcmp.o)
 .bss           0x00114f64        0x0 /opt/altera/13.0sp1/nios2eds/bin/gnu/H-i686-pc-linux-gnu/bin/../lib/gcc/nios2-elf/4.1.2/../../../../nios2-elf/lib/mno-hw-mul/libc.a(lib_a-writer.o)
 .bss           0x00114f64        0x0 /opt/altera/13.0sp1/nios2eds/bin/gnu/H-i686-pc-linux-gnu/bin/../lib/gcc/nios2-elf/4.1.2/../../../../nios2-elf/lib/mno-hw-mul/libc.a(lib_a-callocr.o)
 .bss           0x00114f64        0x0 /opt/altera/13.0sp1/nios2eds/bin/gnu/H-i686-pc-linux-gnu/bin/../lib/gcc/nios2-elf/4.1.2/../../../../nios2-elf/lib/mno-hw-mul/libc.a(lib_a-closer.o)
 .bss           0x00114f64        0x0 /opt/altera/13.0sp1/nios2eds/bin/gnu/H-i686-pc-linux-gnu/bin/../lib/gcc/nios2-elf/4.1.2/../../../../nios2-elf/lib/mno-hw-mul/libc.a(lib_a-fclose.o)
 .bss           0x00114f64        0x0 /opt/altera/13.0sp1/nios2eds/bin/gnu/H-i686-pc-linux-gnu/bin/../lib/gcc/nios2-elf/4.1.2/../../../../nios2-elf/lib/mno-hw-mul/libc.a(lib_a-fstatr.o)
 .bss           0x00114f64        0x0 /opt/altera/13.0sp1/nios2eds/bin/gnu/H-i686-pc-linux-gnu/bin/../lib/gcc/nios2-elf/4.1.2/../../../../nios2-elf/lib/mno-hw-mul/libc.a(lib_a-int_errno.o)
 .bss           0x00114f64        0x0 /opt/altera/13.0sp1/nios2eds/bin/gnu/H-i686-pc-linux-gnu/bin/../lib/gcc/nios2-elf/4.1.2/../../../../nios2-elf/lib/mno-hw-mul/libc.a(lib_a-isattyr.o)
 .bss           0x00114f64        0x0 /opt/altera/13.0sp1/nios2eds/bin/gnu/H-i686-pc-linux-gnu/bin/../lib/gcc/nios2-elf/4.1.2/../../../../nios2-elf/lib/mno-hw-mul/libc.a(lib_a-lseekr.o)
 .bss           0x00114f64        0x0 /opt/altera/13.0sp1/nios2eds/bin/gnu/H-i686-pc-linux-gnu/bin/../lib/gcc/nios2-elf/4.1.2/../../../../nios2-elf/lib/mno-hw-mul/libc.a(lib_a-readr.o)
 .bss           0x00114f64        0x0 /opt/altera/13.0sp1/nios2eds/bin/gnu/H-i686-pc-linux-gnu/bin/../lib/gcc/nios2-elf/4.1.2/mno-hw-mul/libgcc.a(_udivdi3.o)
 .bss           0x00114f64        0x0 /opt/altera/13.0sp1/nios2eds/bin/gnu/H-i686-pc-linux-gnu/bin/../lib/gcc/nios2-elf/4.1.2/mno-hw-mul/libgcc.a(_umoddi3.o)
 .bss           0x00114f64        0x0 /opt/altera/13.0sp1/nios2eds/bin/gnu/H-i686-pc-linux-gnu/bin/../lib/gcc/nios2-elf/4.1.2/mno-hw-mul/libgcc.a(_addsub_df.o)
 .bss           0x00114f64        0x0 /opt/altera/13.0sp1/nios2eds/bin/gnu/H-i686-pc-linux-gnu/bin/../lib/gcc/nios2-elf/4.1.2/mno-hw-mul/libgcc.a(_mul_df.o)
 .bss           0x00114f64        0x0 /opt/altera/13.0sp1/nios2eds/bin/gnu/H-i686-pc-linux-gnu/bin/../lib/gcc/nios2-elf/4.1.2/mno-hw-mul/libgcc.a(_eq_df.o)
 .bss           0x00114f64        0x0 /opt/altera/13.0sp1/nios2eds/bin/gnu/H-i686-pc-linux-gnu/bin/../lib/gcc/nios2-elf/4.1.2/mno-hw-mul/libgcc.a(_ne_df.o)
 .bss           0x00114f64        0x0 /opt/altera/13.0sp1/nios2eds/bin/gnu/H-i686-pc-linux-gnu/bin/../lib/gcc/nios2-elf/4.1.2/mno-hw-mul/libgcc.a(_gt_df.o)
 .bss           0x00114f64        0x0 /opt/altera/13.0sp1/nios2eds/bin/gnu/H-i686-pc-linux-gnu/bin/../lib/gcc/nios2-elf/4.1.2/mno-hw-mul/libgcc.a(_ge_df.o)
 .bss           0x00114f64        0x0 /opt/altera/13.0sp1/nios2eds/bin/gnu/H-i686-pc-linux-gnu/bin/../lib/gcc/nios2-elf/4.1.2/mno-hw-mul/libgcc.a(_lt_df.o)
 .bss           0x00114f64        0x0 /opt/altera/13.0sp1/nios2eds/bin/gnu/H-i686-pc-linux-gnu/bin/../lib/gcc/nios2-elf/4.1.2/mno-hw-mul/libgcc.a(_df_to_si.o)
 .bss           0x00114f64        0x0 /opt/altera/13.0sp1/nios2eds/bin/gnu/H-i686-pc-linux-gnu/bin/../lib/gcc/nios2-elf/4.1.2/mno-hw-mul/libgcc.a(_usi_to_df.o)
 .bss           0x00114f64        0x0 /opt/altera/13.0sp1/nios2eds/bin/gnu/H-i686-pc-linux-gnu/bin/../lib/gcc/nios2-elf/4.1.2/mno-hw-mul/libgcc.a(lib2-mul.o)
 .bss           0x00114f64        0x0 /opt/altera/13.0sp1/nios2eds/bin/gnu/H-i686-pc-linux-gnu/bin/../lib/gcc/nios2-elf/4.1.2/mno-hw-mul/libgcc.a(_muldi3.o)
 .bss           0x00114f64        0x0 /opt/altera/13.0sp1/nios2eds/bin/gnu/H-i686-pc-linux-gnu/bin/../lib/gcc/nios2-elf/4.1.2/mno-hw-mul/libgcc.a(_fpcmp_parts_df.o)
 .bss           0x00114f64        0x0 ../bsp//libucosii_bsp.a(alt_close.o)
 .bss           0x00114f64        0x0 ../bsp//libucosii_bsp.a(alt_dev.o)
 .bss           0x00114f64        0x0 ../bsp//libucosii_bsp.a(alt_errno.o)
 .bss           0x00114f64        0x0 ../bsp//libucosii_bsp.a(alt_fstat.o)
 .bss           0x00114f64        0x0 ../bsp//libucosii_bsp.a(alt_isatty.o)
 .bss           0x00114f64        0x0 ../bsp//libucosii_bsp.a(alt_load.o)
 .bss           0x00114f64        0x0 ../bsp//libucosii_bsp.a(alt_lseek.o)
 .bss           0x00114f64        0x0 ../bsp//libucosii_bsp.a(alt_main.o)
 .bss           0x00114f64        0x0 ../bsp//libucosii_bsp.a(alt_read.o)
 .bss           0x00114f64        0x0 ../bsp//libucosii_bsp.a(alt_release_fd.o)
 .bss           0x00114f64        0x0 ../bsp//libucosii_bsp.a(alt_sbrk.o)
 .bss           0x00114f64        0x0 ../bsp//libucosii_bsp.a(alt_write.o)
 .bss           0x00114f64        0x0 ../bsp//libucosii_bsp.a(alt_env_lock.o)
 .bss           0x00114f64        0x0 ../bsp//libucosii_bsp.a(alt_malloc_lock.o)
 .bss           0x00114f64        0x0 ../bsp//libucosii_bsp.a(os_core.o)
 .bss           0x00114f64        0x0 ../bsp//libucosii_bsp.a(os_dbg.o)
 .bss           0x00114f64        0x0 ../bsp//libucosii_bsp.a(os_flag.o)
 .bss           0x00114f64        0x0 ../bsp//libucosii_bsp.a(os_mem.o)
 .bss           0x00114f64        0x0 ../bsp//libucosii_bsp.a(os_q.o)
 .bss           0x00114f64        0x0 ../bsp//libucosii_bsp.a(os_sem.o)
 .bss           0x00114f64        0x0 ../bsp//libucosii_bsp.a(os_task.o)
 .bss           0x00114f64        0x0 ../bsp//libucosii_bsp.a(os_time.o)
 .bss           0x00114f64        0x0 ../bsp//libucosii_bsp.a(os_tmr.o)
 .bss           0x00114f64        0x0 ../bsp//libucosii_bsp.a(alt_sys_init.o)
 .bss           0x00114f64        0x0 ../bsp//libucosii_bsp.a(altera_avalon_jtag_uart_fd.o)
 .bss           0x00114f64        0x0 ../bsp//libucosii_bsp.a(altera_avalon_jtag_uart_init.o)
 .bss           0x00114f64        0x0 ../bsp//libucosii_bsp.a(altera_avalon_jtag_uart_ioctl.o)
 .bss           0x00114f64        0x0 ../bsp//libucosii_bsp.a(altera_avalon_jtag_uart_read.o)
 .bss           0x00114f64        0x0 ../bsp//libucosii_bsp.a(altera_avalon_jtag_uart_write.o)
 .bss           0x00114f64        0x0 ../bsp//libucosii_bsp.a(altera_avalon_performance_counter.o)
 .bss           0x00114f64        0x0 ../bsp//libucosii_bsp.a(altera_avalon_timer_sc.o)
 .bss           0x00114f64        0x0 ../bsp//libucosii_bsp.a(altera_up_avalon_character_lcd.o)
 .bss           0x00114f64        0x0 ../bsp//libucosii_bsp.a(perf_print_formatted_report.o)
 .bss           0x00114f64        0x0 ../bsp//libucosii_bsp.a(alt_alarm_start.o)
 .bss           0x00114f64        0x0 ../bsp//libucosii_bsp.a(alt_dcache_flush_all.o)
 .bss           0x00114f64        0x0 ../bsp//libucosii_bsp.a(alt_dev_llist_insert.o)
 .bss           0x00114f64        0x0 ../bsp//libucosii_bsp.a(alt_do_ctors.o)
 .bss           0x00114f64        0x0 ../bsp//libucosii_bsp.a(alt_do_dtors.o)
 .bss           0x00114f64        0x0 ../bsp//libucosii_bsp.a(alt_find_dev.o)
 .bss           0x00114f64        0x0 ../bsp//libucosii_bsp.a(alt_icache_flush_all.o)
 .bss           0x00114f64        0x0 ../bsp//libucosii_bsp.a(alt_iic.o)
 .bss           0x00114f64        0x0 ../bsp//libucosii_bsp.a(alt_iic_isr_register.o)
 .bss           0x00114f64        0x0 ../bsp//libucosii_bsp.a(alt_io_redirect.o)
 .bss           0x00114f64        0x0 ../bsp//libucosii_bsp.a(alt_irq_entry.o)
 .bss           0x00114f64        0x0 ../bsp//libucosii_bsp.a(alt_irq_handler.o)
 .bss           0x00114f64        0x0 ../bsp//libucosii_bsp.a(alt_irq_vars.o)
 .bss           0x00114f64        0x0 ../bsp//libucosii_bsp.a(alt_open.o)
 .bss           0x00114f64        0x0 ../bsp//libucosii_bsp.a(alt_tick.o)
 .bss           0x00114f64        0x0 ../bsp//libucosii_bsp.a(altera_nios2_qsys_irq.o)
 .bss           0x00114f64        0x0 ../bsp//libucosii_bsp.a(os_cpu_a.o)
 .bss           0x00114f64        0x0 ../bsp//libucosii_bsp.a(os_cpu_c.o)
 .bss           0x00114f64        0x0 ../bsp//libucosii_bsp.a(alt_exception_entry.o)
 .bss           0x00114f64        0x0 ../bsp//libucosii_bsp.a(alt_find_file.o)
 .bss           0x00114f64        0x0 ../bsp//libucosii_bsp.a(alt_get_fd.o)
 .bss           0x00114f64        0x0 /opt/altera/13.0sp1/nios2eds/bin/gnu/H-i686-pc-linux-gnu/bin/../lib/gcc/nios2-elf/4.1.2/../../../../nios2-elf/lib/mno-hw-mul/libc.a(lib_a-atexit.o)
 .bss           0x00114f64        0x0 /opt/altera/13.0sp1/nios2eds/bin/gnu/H-i686-pc-linux-gnu/bin/../lib/gcc/nios2-elf/4.1.2/../../../../nios2-elf/lib/mno-hw-mul/libc.a(lib_a-exit.o)
 .bss           0x00114f64        0x0 /opt/altera/13.0sp1/nios2eds/bin/gnu/H-i686-pc-linux-gnu/bin/../lib/gcc/nios2-elf/4.1.2/../../../../nios2-elf/lib/mno-hw-mul/libc.a(lib_a-memcmp.o)
 .bss           0x00114f64        0x0 /opt/altera/13.0sp1/nios2eds/bin/gnu/H-i686-pc-linux-gnu/bin/../lib/gcc/nios2-elf/4.1.2/../../../../nios2-elf/lib/mno-hw-mul/libc.a(lib_a-__atexit.o)
 .bss           0x00114f64        0x0 /opt/altera/13.0sp1/nios2eds/bin/gnu/H-i686-pc-linux-gnu/bin/../lib/gcc/nios2-elf/4.1.2/../../../../nios2-elf/lib/mno-hw-mul/libc.a(lib_a-__call_atexit.o)
 .bss           0x00114f64        0x0 /opt/altera/13.0sp1/nios2eds/bin/gnu/H-i686-pc-linux-gnu/bin/../lib/gcc/nios2-elf/4.1.2/mno-hw-mul/libgcc.a(_fixunsdfsi.o)
 .bss           0x00114f64        0x0 /opt/altera/13.0sp1/nios2eds/bin/gnu/H-i686-pc-linux-gnu/bin/../lib/gcc/nios2-elf/4.1.2/mno-hw-mul/libgcc.a(_floatundidf.o)
 .bss           0x00114f64        0x0 ../bsp//libucosii_bsp.a(alt_exit.o)
 *(COMMON)
 COMMON         0x00114f64     0x6000 obj/default/ContextSwitch.o
                0x00114f64                task1_stk
                0x00116f64                stat_stk
                0x00118f64                task2_stk
 COMMON         0x0011af64     0x3d74 ../bsp//libucosii_bsp.a(os_core.o)
                0x0011af64                OSTmrWheelTbl
                0x0011af74                OSFlagTbl
                0x0011b2e4                OSTmrTbl
                0x0011b624                OSMemTbl
                0x0011c254                OSTaskStatStk
                0x0011ca54                OSQTbl
                0x0011cc34                OSTmrTaskStk
                0x0011d434                OSTaskIdleStk
                0x0011dc34                OSEventTbl
                0x0011e774                OSTCBTbl
                0x0011ec84                OSTCBPrioTbl
 COMMON         0x0011ecd8      0x100 ../bsp//libucosii_bsp.a(alt_irq_handler.o)
                0x0011ecd8                alt_irq
 COMMON         0x0011edd8      0x190 /opt/altera/13.0sp1/nios2eds/bin/gnu/H-i686-pc-linux-gnu/bin/../lib/gcc/nios2-elf/4.1.2/../../../../nios2-elf/lib/mno-hw-mul/libc.a(lib_a-atexit.o)
                0x0011edd8                _atexit0
                0x0011ef68                . = ALIGN (0x4)
                0x0011ef68                __bss_end = ABSOLUTE (.)

.onchip_memory  0x00000000        0x0 load address 0x0011ef68
                0x00000000                PROVIDE (_alt_partition_onchip_memory_start, ABSOLUTE (.))
 *(.onchip_memory. onchip_memory.*)
                0x00000000                . = ALIGN (0x4)
                0x00000000                PROVIDE (_alt_partition_onchip_memory_end, ABSOLUTE (.))
                0x0011ef68                PROVIDE (_alt_partition_onchip_memory_load_addr, LOADADDR (.onchip_memory))

.sram           0x0011ef68        0x0
                0x0011ef68                PROVIDE (_alt_partition_sram_start, ABSOLUTE (.))
 *(.sram. sram.*)
                0x0011ef68                . = ALIGN (0x4)
                0x0011ef68                PROVIDE (_alt_partition_sram_end, ABSOLUTE (.))
                0x0011ef68                _end = ABSOLUTE (.)
                0x0011ef68                end = ABSOLUTE (.)
                0x0011ef68                __alt_stack_base = ABSOLUTE (.)
                0x0011ef68                PROVIDE (_alt_partition_sram_load_addr, LOADADDR (.sram))

.sdram          0x01000144        0x0 load address 0x0011ef68
                0x01000144                PROVIDE (_alt_partition_sdram_start, ABSOLUTE (.))
 *(.sdram. sdram.*)
                0x01000144                . = ALIGN (0x4)
                0x01000144                PROVIDE (_alt_partition_sdram_end, ABSOLUTE (.))
                0x0011ef68                PROVIDE (_alt_partition_sdram_load_addr, LOADADDR (.sdram))

.stab
 *(.stab)

.stabstr
 *(.stabstr)

.stab.excl
 *(.stab.excl)

.stab.exclstr
 *(.stab.exclstr)

.stab.index
 *(.stab.index)

.stab.indexstr
 *(.stab.indexstr)

.comment        0x00000000       0x26
 *(.comment)
 .comment       0x00000000       0x26 obj/default/ContextSwitch.o
                                 0x27 (size before relaxing)
 .comment       0x00000000       0x27 /opt/altera/13.0sp1/nios2eds/bin/gnu/H-i686-pc-linux-gnu/bin/../lib/gcc/nios2-elf/4.1.2/mno-hw-mul/libgcc.a(_div_df.o)
 .comment       0x00000000       0x27 /opt/altera/13.0sp1/nios2eds/bin/gnu/H-i686-pc-linux-gnu/bin/../lib/gcc/nios2-elf/4.1.2/mno-hw-mul/libgcc.a(_si_to_df.o)
 .comment       0x00000000       0x27 /opt/altera/13.0sp1/nios2eds/bin/gnu/H-i686-pc-linux-gnu/bin/../lib/gcc/nios2-elf/4.1.2/mno-hw-mul/libgcc.a(_thenan_df.o)
 .comment       0x00000000       0x27 /opt/altera/13.0sp1/nios2eds/bin/gnu/H-i686-pc-linux-gnu/bin/../lib/gcc/nios2-elf/4.1.2/mno-hw-mul/libgcc.a(lib2-divmod.o)
 .comment       0x00000000       0x27 /opt/altera/13.0sp1/nios2eds/bin/gnu/H-i686-pc-linux-gnu/bin/../lib/gcc/nios2-elf/4.1.2/mno-hw-mul/libgcc.a(_clzsi2.o)
 .comment       0x00000000       0x27 /opt/altera/13.0sp1/nios2eds/bin/gnu/H-i686-pc-linux-gnu/bin/../lib/gcc/nios2-elf/4.1.2/mno-hw-mul/libgcc.a(_pack_df.o)
 .comment       0x00000000       0x27 /opt/altera/13.0sp1/nios2eds/bin/gnu/H-i686-pc-linux-gnu/bin/../lib/gcc/nios2-elf/4.1.2/mno-hw-mul/libgcc.a(_unpack_df.o)
 .comment       0x00000000       0x27 /opt/altera/13.0sp1/nios2eds/bin/gnu/H-i686-pc-linux-gnu/bin/../lib/gcc/nios2-elf/4.1.2/mno-hw-mul/libgcc.a(_clz.o)
 .comment       0x00000000       0x27 /opt/altera/13.0sp1/nios2eds/bin/gnu/H-i686-pc-linux-gnu/bin/../lib/gcc/nios2-elf/4.1.2/../../../../nios2-elf/lib/mno-hw-mul/libc.a(lib_a-printf.o)
 .comment       0x00000000       0x27 /opt/altera/13.0sp1/nios2eds/bin/gnu/H-i686-pc-linux-gnu/bin/../lib/gcc/nios2-elf/4.1.2/../../../../nios2-elf/lib/mno-hw-mul/libc.a(lib_a-puts.o)
 .comment       0x00000000       0x27 /opt/altera/13.0sp1/nios2eds/bin/gnu/H-i686-pc-linux-gnu/bin/../lib/gcc/nios2-elf/4.1.2/../../../../nios2-elf/lib/mno-hw-mul/libc.a(lib_a-strlen.o)
 .comment       0x00000000       0x27 /opt/altera/13.0sp1/nios2eds/bin/gnu/H-i686-pc-linux-gnu/bin/../lib/gcc/nios2-elf/4.1.2/../../../../nios2-elf/lib/mno-hw-mul/libc.a(lib_a-vfprintf.o)
 .comment       0x00000000       0x27 /opt/altera/13.0sp1/nios2eds/bin/gnu/H-i686-pc-linux-gnu/bin/../lib/gcc/nios2-elf/4.1.2/../../../../nios2-elf/lib/mno-hw-mul/libc.a(lib_a-wsetup.o)
 .comment       0x00000000       0x27 /opt/altera/13.0sp1/nios2eds/bin/gnu/H-i686-pc-linux-gnu/bin/../lib/gcc/nios2-elf/4.1.2/../../../../nios2-elf/lib/mno-hw-mul/libc.a(lib_a-dtoa.o)
 .comment       0x00000000       0x27 /opt/altera/13.0sp1/nios2eds/bin/gnu/H-i686-pc-linux-gnu/bin/../lib/gcc/nios2-elf/4.1.2/../../../../nios2-elf/lib/mno-hw-mul/libc.a(lib_a-fflush.o)
 .comment       0x00000000       0x27 /opt/altera/13.0sp1/nios2eds/bin/gnu/H-i686-pc-linux-gnu/bin/../lib/gcc/nios2-elf/4.1.2/../../../../nios2-elf/lib/mno-hw-mul/libc.a(lib_a-findfp.o)
 .comment       0x00000000       0x27 /opt/altera/13.0sp1/nios2eds/bin/gnu/H-i686-pc-linux-gnu/bin/../lib/gcc/nios2-elf/4.1.2/../../../../nios2-elf/lib/mno-hw-mul/libc.a(lib_a-freer.o)
 .comment       0x00000000       0x27 /opt/altera/13.0sp1/nios2eds/bin/gnu/H-i686-pc-linux-gnu/bin/../lib/gcc/nios2-elf/4.1.2/../../../../nios2-elf/lib/mno-hw-mul/libc.a(lib_a-fvwrite.o)
 .comment       0x00000000       0x27 /opt/altera/13.0sp1/nios2eds/bin/gnu/H-i686-pc-linux-gnu/bin/../lib/gcc/nios2-elf/4.1.2/../../../../nios2-elf/lib/mno-hw-mul/libc.a(lib_a-fwalk.o)
 .comment       0x00000000       0x27 /opt/altera/13.0sp1/nios2eds/bin/gnu/H-i686-pc-linux-gnu/bin/../lib/gcc/nios2-elf/4.1.2/../../../../nios2-elf/lib/mno-hw-mul/libc.a(lib_a-impure.o)
 .comment       0x00000000       0x27 /opt/altera/13.0sp1/nios2eds/bin/gnu/H-i686-pc-linux-gnu/bin/../lib/gcc/nios2-elf/4.1.2/../../../../nios2-elf/lib/mno-hw-mul/libc.a(lib_a-locale.o)
 .comment       0x00000000       0x27 /opt/altera/13.0sp1/nios2eds/bin/gnu/H-i686-pc-linux-gnu/bin/../lib/gcc/nios2-elf/4.1.2/../../../../nios2-elf/lib/mno-hw-mul/libc.a(lib_a-makebuf.o)
 .comment       0x00000000       0x27 /opt/altera/13.0sp1/nios2eds/bin/gnu/H-i686-pc-linux-gnu/bin/../lib/gcc/nios2-elf/4.1.2/../../../../nios2-elf/lib/mno-hw-mul/libc.a(lib_a-mallocr.o)
 .comment       0x00000000       0x27 /opt/altera/13.0sp1/nios2eds/bin/gnu/H-i686-pc-linux-gnu/bin/../lib/gcc/nios2-elf/4.1.2/../../../../nios2-elf/lib/mno-hw-mul/libc.a(lib_a-memchr.o)
 .comment       0x00000000       0x27 /opt/altera/13.0sp1/nios2eds/bin/gnu/H-i686-pc-linux-gnu/bin/../lib/gcc/nios2-elf/4.1.2/../../../../nios2-elf/lib/mno-hw-mul/libc.a(lib_a-memcpy.o)
 .comment       0x00000000       0x27 /opt/altera/13.0sp1/nios2eds/bin/gnu/H-i686-pc-linux-gnu/bin/../lib/gcc/nios2-elf/4.1.2/../../../../nios2-elf/lib/mno-hw-mul/libc.a(lib_a-memmove.o)
 .comment       0x00000000       0x27 /opt/altera/13.0sp1/nios2eds/bin/gnu/H-i686-pc-linux-gnu/bin/../lib/gcc/nios2-elf/4.1.2/../../../../nios2-elf/lib/mno-hw-mul/libc.a(lib_a-memset.o)
 .comment       0x00000000       0x27 /opt/altera/13.0sp1/nios2eds/bin/gnu/H-i686-pc-linux-gnu/bin/../lib/gcc/nios2-elf/4.1.2/../../../../nios2-elf/lib/mno-hw-mul/libc.a(lib_a-mprec.o)
 .comment       0x00000000       0x27 /opt/altera/13.0sp1/nios2eds/bin/gnu/H-i686-pc-linux-gnu/bin/../lib/gcc/nios2-elf/4.1.2/../../../../nios2-elf/lib/mno-hw-mul/libc.a(lib_a-reallocr.o)
 .comment       0x00000000       0x27 /opt/altera/13.0sp1/nios2eds/bin/gnu/H-i686-pc-linux-gnu/bin/../lib/gcc/nios2-elf/4.1.2/../../../../nios2-elf/lib/mno-hw-mul/libc.a(lib_a-s_isinfd.o)
 .comment       0x00000000       0x27 /opt/altera/13.0sp1/nios2eds/bin/gnu/H-i686-pc-linux-gnu/bin/../lib/gcc/nios2-elf/4.1.2/../../../../nios2-elf/lib/mno-hw-mul/libc.a(lib_a-s_isnand.o)
 .comment       0x00000000       0x27 /opt/altera/13.0sp1/nios2eds/bin/gnu/H-i686-pc-linux-gnu/bin/../lib/gcc/nios2-elf/4.1.2/../../../../nios2-elf/lib/mno-hw-mul/libc.a(lib_a-sbrkr.o)
 .comment       0x00000000       0x27 /opt/altera/13.0sp1/nios2eds/bin/gnu/H-i686-pc-linux-gnu/bin/../lib/gcc/nios2-elf/4.1.2/../../../../nios2-elf/lib/mno-hw-mul/libc.a(lib_a-stdio.o)
 .comment       0x00000000       0x27 /opt/altera/13.0sp1/nios2eds/bin/gnu/H-i686-pc-linux-gnu/bin/../lib/gcc/nios2-elf/4.1.2/../../../../nios2-elf/lib/mno-hw-mul/libc.a(lib_a-strcmp.o)
 .comment       0x00000000       0x27 /opt/altera/13.0sp1/nios2eds/bin/gnu/H-i686-pc-linux-gnu/bin/../lib/gcc/nios2-elf/4.1.2/../../../../nios2-elf/lib/mno-hw-mul/libc.a(lib_a-writer.o)
 .comment       0x00000000       0x27 /opt/altera/13.0sp1/nios2eds/bin/gnu/H-i686-pc-linux-gnu/bin/../lib/gcc/nios2-elf/4.1.2/../../../../nios2-elf/lib/mno-hw-mul/libc.a(lib_a-callocr.o)
 .comment       0x00000000       0x27 /opt/altera/13.0sp1/nios2eds/bin/gnu/H-i686-pc-linux-gnu/bin/../lib/gcc/nios2-elf/4.1.2/../../../../nios2-elf/lib/mno-hw-mul/libc.a(lib_a-closer.o)
 .comment       0x00000000       0x27 /opt/altera/13.0sp1/nios2eds/bin/gnu/H-i686-pc-linux-gnu/bin/../lib/gcc/nios2-elf/4.1.2/../../../../nios2-elf/lib/mno-hw-mul/libc.a(lib_a-fclose.o)