Archive member included because of file (symbol)

/opt/altera/13.0sp1/nios2eds/bin/gnu/H-i686-pc-linux-gnu/bin/../lib/gcc/nios2-elf/4.1.2/../../../../nios2-elf/lib/mno-hw-mul/libc.a(lib_a-printf.o)
                              obj/default/ShareMemory.o (printf)
/opt/altera/13.0sp1/nios2eds/bin/gnu/H-i686-pc-linux-gnu/bin/../lib/gcc/nios2-elf/4.1.2/../../../../nios2-elf/lib/mno-hw-mul/libc.a(lib_a-puts.o)
                              obj/default/ShareMemory.o (puts)
/opt/altera/13.0sp1/nios2eds/bin/gnu/H-i686-pc-linux-gnu/bin/../lib/gcc/nios2-elf/4.1.2/../../../../nios2-elf/lib/mno-hw-mul/libc.a(lib_a-strlen.o)
                              /opt/altera/13.0sp1/nios2eds/bin/gnu/H-i686-pc-linux-gnu/bin/../lib/gcc/nios2-elf/4.1.2/../../../../nios2-elf/lib/mno-hw-mul/libc.a(lib_a-puts.o) (strlen)
/opt/altera/13.0sp1/nios2eds/bin/gnu/H-i686-pc-linux-gnu/bin/../lib/gcc/nios2-elf/4.1.2/../../../../nios2-elf/lib/mno-hw-mul/libc.a(lib_a-vfprintf.o)
                              /opt/altera/13.0sp1/nios2eds/bin/gnu/H-i686-pc-linux-gnu/bin/../lib/gcc/nios2-elf/4.1.2/../../../../nios2-elf/lib/mno-hw-mul/libc.a(lib_a-printf.o) (___vfprintf_internal_r)
/opt/altera/13.0sp1/nios2eds/bin/gnu/H-i686-pc-linux-gnu/bin/../lib/gcc/nios2-elf/4.1.2/../../../../nios2-elf/lib/mno-hw-mul/libc.a(lib_a-wsetup.o)
                              /opt/altera/13.0sp1/nios2eds/bin/gnu/H-i686-pc-linux-gnu/bin/../lib/gcc/nios2-elf/4.1.2/../../../../nios2-elf/lib/mno-hw-mul/libc.a(lib_a-vfprintf.o) (__swsetup_r)
/opt/altera/13.0sp1/nios2eds/bin/gnu/H-i686-pc-linux-gnu/bin/../lib/gcc/nios2-elf/4.1.2/../../../../nios2-elf/lib/mno-hw-mul/libc.a(lib_a-dtoa.o)
                              /opt/altera/13.0sp1/nios2eds/bin/gnu/H-i686-pc-linux-gnu/bin/../lib/gcc/nios2-elf/4.1.2/../../../../nios2-elf/lib/mno-hw-mul/libc.a(lib_a-vfprintf.o) (_dtoa_r)
/opt/altera/13.0sp1/nios2eds/bin/gnu/H-i686-pc-linux-gnu/bin/../lib/gcc/nios2-elf/4.1.2/../../../../nios2-elf/lib/mno-hw-mul/libc.a(lib_a-fflush.o)
                              /opt/altera/13.0sp1/nios2eds/bin/gnu/H-i686-pc-linux-gnu/bin/../lib/gcc/nios2-elf/4.1.2/../../../../nios2-elf/lib/mno-hw-mul/libc.a(lib_a-vfprintf.o) (_fflush_r)
/opt/altera/13.0sp1/nios2eds/bin/gnu/H-i686-pc-linux-gnu/bin/../lib/gcc/nios2-elf/4.1.2/../../../../nios2-elf/lib/mno-hw-mul/libc.a(lib_a-findfp.o)
                              /opt/altera/13.0sp1/nios2eds/bin/gnu/H-i686-pc-linux-gnu/bin/../lib/gcc/nios2-elf/4.1.2/../../../../nios2-elf/lib/mno-hw-mul/libc.a(lib_a-vfprintf.o) (__sinit)
/opt/altera/13.0sp1/nios2eds/bin/gnu/H-i686-pc-linux-gnu/bin/../lib/gcc/nios2-elf/4.1.2/../../../../nios2-elf/lib/mno-hw-mul/libc.a(lib_a-freer.o)
                              /opt/altera/13.0sp1/nios2eds/bin/gnu/H-i686-pc-linux-gnu/bin/../lib/gcc/nios2-elf/4.1.2/../../../../nios2-elf/lib/mno-hw-mul/libc.a(lib_a-wsetup.o) (_free_r)
/opt/altera/13.0sp1/nios2eds/bin/gnu/H-i686-pc-linux-gnu/bin/../lib/gcc/nios2-elf/4.1.2/../../../../nios2-elf/lib/mno-hw-mul/libc.a(lib_a-fvwrite.o)
                              /opt/altera/13.0sp1/nios2eds/bin/gnu/H-i686-pc-linux-gnu/bin/../lib/gcc/nios2-elf/4.1.2/../../../../nios2-elf/lib/mno-hw-mul/libc.a(lib_a-puts.o) (__sfvwrite_r)
/opt/altera/13.0sp1/nios2eds/bin/gnu/H-i686-pc-linux-gnu/bin/../lib/gcc/nios2-elf/4.1.2/../../../../nios2-elf/lib/mno-hw-mul/libc.a(lib_a-fwalk.o)
                              /opt/altera/13.0sp1/nios2eds/bin/gnu/H-i686-pc-linux-gnu/bin/../lib/gcc/nios2-elf/4.1.2/../../../../nios2-elf/lib/mno-hw-mul/libc.a(lib_a-fflush.o) (_fwalk_reent)
/opt/altera/13.0sp1/nios2eds/bin/gnu/H-i686-pc-linux-gnu/bin/../lib/gcc/nios2-elf/4.1.2/../../../../nios2-elf/lib/mno-hw-mul/libc.a(lib_a-impure.o)
                              /opt/altera/13.0sp1/nios2eds/bin/gnu/H-i686-pc-linux-gnu/bin/../lib/gcc/nios2-elf/4.1.2/../../../../nios2-elf/lib/mno-hw-mul/libc.a(lib_a-printf.o) (_impure_ptr)
/opt/altera/13.0sp1/nios2eds/bin/gnu/H-i686-pc-linux-gnu/bin/../lib/gcc/nios2-elf/4.1.2/../../../../nios2-elf/lib/mno-hw-mul/libc.a(lib_a-locale.o)
                              /opt/altera/13.0sp1/nios2eds/bin/gnu/H-i686-pc-linux-gnu/bin/../lib/gcc/nios2-elf/4.1.2/../../../../nios2-elf/lib/mno-hw-mul/libc.a(lib_a-vfprintf.o) (_localeconv_r)
/opt/altera/13.0sp1/nios2eds/bin/gnu/H-i686-pc-linux-gnu/bin/../lib/gcc/nios2-elf/4.1.2/../../../../nios2-elf/lib/mno-hw-mul/libc.a(lib_a-makebuf.o)
                              /opt/altera/13.0sp1/nios2eds/bin/gnu/H-i686-pc-linux-gnu/bin/../lib/gcc/nios2-elf/4.1.2/../../../../nios2-elf/lib/mno-hw-mul/libc.a(lib_a-wsetup.o) (__smakebuf_r)
/opt/altera/13.0sp1/nios2eds/bin/gnu/H-i686-pc-linux-gnu/bin/../lib/gcc/nios2-elf/4.1.2/../../../../nios2-elf/lib/mno-hw-mul/libc.a(lib_a-mallocr.o)
                              /opt/altera/13.0sp1/nios2eds/bin/gnu/H-i686-pc-linux-gnu/bin/../lib/gcc/nios2-elf/4.1.2/../../../../nios2-elf/lib/mno-hw-mul/libc.a(lib_a-findfp.o) (_malloc_r)
[...]
Memory Configuration

Name             Origin             Length             Attributes
onchip_memory    0x00000000         0x00006400
sram             0x00100000         0x00080000
reset            0x01000000         0x00000020
sdram            0x01000020         0x007fffe0
*default*        0x00000000         0xffffffff

Linker script and memory map

LOAD ../bsp//obj/HAL/src/crt0.o
LOAD obj/default/ShareMemory.o
LOAD /opt/altera/13.0sp1/nios2eds/bin/gnu/H-i686-pc-linux-gnu/bin/../lib/gcc/nios2-elf/4.1.2/../../../../nios2-elf/lib/mno-hw-mul/libstdc++.a
LOAD /opt/altera/13.0sp1/nios2eds/bin/gnu/H-i686-pc-linux-gnu/bin/../lib/gcc/nios2-elf/4.1.2/../../../../nios2-elf/lib/mno-hw-mul/libm.a
LOAD /opt/altera/13.0sp1/nios2eds/bin/gnu/H-i686-pc-linux-gnu/bin/../lib/gcc/nios2-elf/4.1.2/mno-hw-mul/libgcc.a
START GROUP
LOAD /opt/altera/13.0sp1/nios2eds/bin/gnu/H-i686-pc-linux-gnu/bin/../lib/gcc/nios2-elf/4.1.2/../../../../nios2-elf/lib/mno-hw-mul/libc.a
LOAD /opt/altera/13.0sp1/nios2eds/bin/gnu/H-i686-pc-linux-gnu/bin/../lib/gcc/nios2-elf/4.1.2/mno-hw-mul/libgcc.a
LOAD ../bsp//libucosii_bsp.a
END GROUP
LOAD /opt/altera/13.0sp1/nios2eds/bin/gnu/H-i686-pc-linux-gnu/bin/../lib/gcc/nios2-elf/4.1.2/mno-hw-mul/libgcc.a
                0x00000000                __alt_mem_onchip_memory = 0x0
                0x00100000                __alt_mem_sram = 0x100000
                0x01000000                __alt_mem_sdram = 0x1000000

.entry          0x01000000       0x20
 *(.entry)
 .entry         0x01000000       0x20 ../bsp//obj/HAL/src/crt0.o
                0x01000000                __reset

.exceptions     0x01000020      0x124 load address 0x00100000
                0x01000020                PROVIDE (__ram_exceptions_start, ABSOLUTE (.))
                0x01000020                . = ALIGN (0x20)
 *(.irq)
 *(.exceptions.entry.label)
 .exceptions.entry.label
                0x01000020        0x0 ../bsp//libucosii_bsp.a(alt_irq_entry.o)
                0x01000020                alt_irq_entry
 .exceptions.entry.label
                0x01000020        0x0 ../bsp//libucosii_bsp.a(alt_exception_entry.o)
                0x01000020                alt_exception
 *(.exceptions.entry.user)
 *(.exceptions.entry)
 .exceptions.entry
                0x01000020       0x54 ../bsp//libucosii_bsp.a(alt_exception_entry.o)
 *(.exceptions.irqtest.user)
 *(.exceptions.irqtest)
 .exceptions.irqtest
                0x01000074       0x10 ../bsp//libucosii_bsp.a(alt_irq_entry.o)
 *(.exceptions.irqhandler.user)
 *(.exceptions.irqhandler)
 .exceptions.irqhandler
                0x01000084        0x4 ../bsp//libucosii_bsp.a(alt_irq_entry.o)
 *(.exceptions.irqreturn.user)
 *(.exceptions.irqreturn)
 .exceptions.irqreturn
                0x01000088        0x4 ../bsp//libucosii_bsp.a(alt_irq_entry.o)
 *(.exceptions.notirq.label)
 .exceptions.notirq.label
                0x0100008c        0x0 ../bsp//libucosii_bsp.a(alt_irq_entry.o)
 *(.exceptions.notirq.user)
 *(.exceptions.notirq)
 .exceptions.notirq
                0x0100008c        0x8 ../bsp//libucosii_bsp.a(alt_exception_entry.o)
 *(.exceptions.soft.user)
 *(.exceptions.soft)
 *(.exceptions.unknown.user)
 *(.exceptions.unknown)
 .exceptions.unknown
                0x01000094        0x4 ../bsp//libucosii_bsp.a(alt_exception_entry.o)
 *(.exceptions.exit.label)
 .exceptions.exit.label
                0x01000098        0x0 ../bsp//libucosii_bsp.a(alt_irq_entry.o)
 .exceptions.exit.label
                0x01000098        0x0 ../bsp//libucosii_bsp.a(alt_exception_entry.o)
 *(.exceptions.exit.user)
 *(.exceptions.exit)
 .exceptions.exit
                0x01000098       0x54 ../bsp//libucosii_bsp.a(alt_exception_entry.o)
 *(.exceptions)
 .exceptions    0x010000ec       0x58 ../bsp//libucosii_bsp.a(alt_irq_handler.o)
                0x010000ec                alt_irq_handler
                0x01000144                PROVIDE (__ram_exceptions_end, ABSOLUTE (.))
                0x00100000                PROVIDE (__flash_exceptions_start, LOADADDR (.exceptions))

.text           0x00100124    0x10cac
                0x00100124                PROVIDE (stext, ABSOLUTE (.))
 *(.interp)
 *(.hash)
 *(.dynsym)
 *(.dynstr)
 *(.gnu.version)
 *(.gnu.version_d)
 *(.gnu.version_r)
 *(.rel.init)
 *(.rela.init)
 *(.rel.text .rel.text.* .rel.gnu.linkonce.t.*)
 *(.rela.text .rela.text.* .rela.gnu.linkonce.t.*)
 *(.rel.fini)
 *(.rela.fini)
 *(.rel.rodata .rel.rodata.* .rel.gnu.linkonce.r.*)
 *(.rela.rodata .rela.rodata.* .rela.gnu.linkonce.r.*)
 *(.rel.data .rel.data.* .rel.gnu.linkonce.d.*)
 *(.rela.data .rela.data.* .rela.gnu.linkonce.d.*)
 *(.rel.tdata .rel.tdata.* .rel.gnu.linkonce.td.*)
 *(.rela.tdata .rela.tdata.* .rela.gnu.linkonce.td.*)
 *(.rel.tbss .rel.tbss.* .rel.gnu.linkonce.tb.*)
 *(.rela.tbss .rela.tbss.* .rela.gnu.linkonce.tb.*)
 *(.rel.ctors)
 *(.rela.ctors)
 *(.rel.dtors)
 *(.rela.dtors)
 *(.rel.got)
 *(.rela.got)
 *(.rel.sdata .rel.sdata.* .rel.gnu.linkonce.s.*)
 *(.rela.sdata .rela.sdata.* .rela.gnu.linkonce.s.*)
 *(.rel.sbss .rel.sbss.* .rel.gnu.linkonce.sb.*)
 *(.rela.sbss .rela.sbss.* .rela.gnu.linkonce.sb.*)
 *(.rel.sdata2 .rel.sdata2.* .rel.gnu.linkonce.s2.*)
 *(.rela.sdata2 .rela.sdata2.* .rela.gnu.linkonce.s2.*)
 *(.rel.sbss2 .rel.sbss2.* .rel.gnu.linkonce.sb2.*)
 *(.rela.sbss2 .rela.sbss2.* .rela.gnu.linkonce.sb2.*)
 *(.rel.bss .rel.bss.* .rel.gnu.linkonce.b.*)
 *(.rela.bss .rela.bss.* .rela.gnu.linkonce.b.*)
 *(.rel.plt)
 *(.rela.plt)
 *(.rel.dyn)
 *(.init)
 *(.plt)
 *(.text .stub .text.* .gnu.linkonce.t.*)
 .text          0x00100124       0x3c ../bsp//obj/HAL/src/crt0.o
                0x00100124                _start
 .text          0x00100160      0x218 obj/default/ShareMemory.o
                0x00100160                printStackSize
                0x0010019c                task1
                0x0010021c                task2
                0x00100258                statisticTask
                0x001002a0                main
 .text          0x00100378       0x78 /opt/altera/13.0sp1/nios2eds/bin/gnu/H-i686-pc-linux-gnu/bin/../lib/gcc/nios2-elf/4.1.2/../../../../nios2-elf/lib/mno-hw-mul/libc.a(lib_a-printf.o)
                0x00100378                printf
                0x001003bc                _printf_r
 .text          0x001003f0       0xb4 /opt/altera/13.0sp1/nios2eds/bin/gnu/H-i686-pc-linux-gnu/bin/../lib/gcc/nios2-elf/4.1.2/../../../../nios2-elf/lib/mno-hw-mul/libc.a(lib_a-puts.o)
                0x001003f0                _puts_r
                0x00100490                puts
 .text          0x001004a4       0x74 /opt/altera/13.0sp1/nios2eds/bin/gnu/H-i686-pc-linux-gnu/bin/../lib/gcc/nios2-elf/4.1.2/../../../../nios2-elf/lib/mno-hw-mul/libc.a(lib_a-strlen.o)
                0x001004a4                strlen
 .text          0x00100518     0x1f40 /opt/altera/13.0sp1/nios2eds/bin/gnu/H-i686-pc-linux-gnu/bin/../lib/gcc/nios2-elf/4.1.2/../../../../nios2-elf/lib/mno-hw-mul/libc.a(lib_a-vfprintf.o)
                0x00100570                ___vfprintf_internal_r
                0x00102434                __vfprintf_internal
 .text          0x00102458      0x13c /opt/altera/13.0sp1/nios2eds/bin/gnu/H-i686-pc-linux-gnu/bin/../lib/gcc/nios2-elf/4.1.2/../../../../nios2-elf/lib/mno-hw-mul/libc.a(lib_a-wsetup.o)
                0x00102458                __swsetup_r
 .text          0x00102594     0x17f8 /opt/altera/13.0sp1/nios2eds/bin/gnu/H-i686-pc-linux-gnu/bin/../lib/gcc/nios2-elf/4.1.2/../../../../nios2-elf/lib/mno-hw-mul/libc.a(lib_a-dtoa.o)
                0x001027d8                _dtoa_r
 .text          0x00103d8c      0x230 /opt/altera/13.0sp1/nios2eds/bin/gnu/H-i686-pc-linux-gnu/bin/../lib/gcc/nios2-elf/4.1.2/../../../../nios2-elf/lib/mno-hw-mul/libc.a(lib_a-fflush.o)
                0x00103d8c                _fflush_r
                0x00103f88                fflush
 .text          0x00103fbc      0x2f4 /opt/altera/13.0sp1/nios2eds/bin/gnu/H-i686-pc-linux-gnu/bin/../lib/gcc/nios2-elf/4.1.2/../../../../nios2-elf/lib/mno-hw-mul/libc.a(lib_a-findfp.o)
                0x00104014                __sfp_lock_acquire
                0x00104018                __sfp_lock_release
                0x0010401c                __sinit_lock_acquire
                0x00104020                __sinit_lock_release
                0x00104024                __sinit
                0x001040d8                __fp_unlock_all
                0x001040f0                __fp_lock_all
                0x00104108                _cleanup_r
                0x00104114                _cleanup
                0x00104124                __sfmoreglue
                0x001041c0                __sfp
 .text          0x001042b0      0x440 /opt/altera/13.0sp1/nios2eds/bin/gnu/H-i686-pc-linux-gnu/bin/../lib/gcc/nios2-elf/4.1.2/../../../../nios2-elf/lib/mno-hw-mul/libc.a(lib_a-freer.o)
                0x001042b0                _malloc_trim_r
                0x001043dc                _free_r
 .text          0x001046f0      0x49c /opt/altera/13.0sp1/nios2eds/bin/gnu/H-i686-pc-linux-gnu/bin/../lib/gcc/nios2-elf/4.1.2/../../../../nios2-elf/lib/mno-hw-mul/libc.a(lib_a-fvwrite.o)
                0x001046f0                __sfvwrite_r
 .text          0x00104b8c      0x180 /opt/altera/13.0sp1/nios2eds/bin/gnu/H-i686-pc-linux-gnu/bin/../lib/gcc/nios2-elf/4.1.2/../../../../nios2-elf/lib/mno-hw-mul/libc.a(lib_a-fwalk.o)
                0x00104b8c                _fwalk_reent
                0x00104c54                _fwalk
 .text          0x00104d0c        0x0 /opt/altera/13.0sp1/nios2eds/bin/gnu/H-i686-pc-linux-gnu/bin/../lib/gcc/nios2-elf/4.1.2/../../../../nios2-elf/lib/mno-hw-mul/libc.a(lib_a-impure.o)
 .text          0x00104d0c       0xc4 /opt/altera/13.0sp1/nios2eds/bin/gnu/H-i686-pc-linux-gnu/bin/../lib/gcc/nios2-elf/4.1.2/../../../../nios2-elf/lib/mno-hw-mul/libc.a(lib_a-locale.o)
                0x00104d0c                __locale_charset
                0x00104d14                _localeconv_r
                0x00104d20                localeconv
                0x00104d30                _setlocale_r
                0x00104db4                setlocale
 .text          0x00104dd0      0x194 /opt/altera/13.0sp1/nios2eds/bin/gnu/H-i686-pc-linux-gnu/bin/../lib/gcc/nios2-elf/4.1.2/../../../../nios2-elf/lib/mno-hw-mul/libc.a(lib_a-makebuf.o)
                0x00104dd0                __smakebuf_r
 .text          0x00104f64      0x740 /opt/altera/13.0sp1/nios2eds/bin/gnu/H-i686-pc-linux-gnu/bin/../lib/gcc/nios2-elf/4.1.2/../../../../nios2-elf/lib/mno-hw-mul/libc.a(lib_a-mallocr.o)
                0x00104f64                _malloc_r
 .text          0x001056a4       0xe4 /opt/altera/13.0sp1/nios2eds/bin/gnu/H-i686-pc-linux-gnu/bin/../lib/gcc/nios2-elf/4.1.2/../../../../nios2-elf/lib/mno-hw-mul/libc.a(lib_a-memchr.o)
                0x001056a4                memchr
 .text          0x00105788       0xa0 /opt/altera/13.0sp1/nios2eds/bin/gnu/H-i686-pc-linux-gnu/bin/../lib/gcc/nios2-elf/4.1.2/../../../../nios2-elf/lib/mno-hw-mul/libc.a(lib_a-memcpy.o)
                0x00105788                memcpy
 .text          0x00105828       0xe0 /opt/altera/13.0sp1/nios2eds/bin/gnu/H-i686-pc-linux-gnu/bin/../lib/gcc/nios2-elf/4.1.2/../../../../nios2-elf/lib/mno-hw-mul/libc.a(lib_a-memmove.o)
                0x00105828                memmove
 .text          0x00105908       0x98 /opt/altera/13.0sp1/nios2eds/bin/gnu/H-i686-pc-linux-gnu/bin/../lib/gcc/nios2-elf/4.1.2/../../../../nios2-elf/lib/mno-hw-mul/libc.a(lib_a-memset.o)
                0x00105908                memset
 .text          0x001059a0     0x108c /opt/altera/13.0sp1/nios2eds/bin/gnu/H-i686-pc-linux-gnu/bin/../lib/gcc/nios2-elf/4.1.2/../../../../nios2-elf/lib/mno-hw-mul/libc.a(lib_a-mprec.o)
                0x001059a0                _Bfree
                0x001059c8                __hi0bits
                0x00105a38                __lo0bits
                0x00105afc                __mcmp
                0x00105b5c                __ulp
                0x00105bdc                __b2d
                0x00105cfc                __ratio
                0x00105dac                _mprec_log10
                0x00105e40                __copybits
                0x00105e98                __any_on
                0x00105f20                _Balloc
                0x00105fdc                __d2b
                0x00106158                __mdiff
                0x001062e4                __lshift
                0x00106430                __multiply
                0x00106684                __i2b
                0x001066c0                __multadd
                0x001067ec                __pow5mult
                0x0010690c                __s2b
 .text          0x00106a2c      0x5f4 /opt/altera/13.0sp1/nios2eds/bin/gnu/H-i686-pc-linux-gnu/bin/../lib/gcc/nios2-elf/4.1.2/../../../../nios2-elf/lib/mno-hw-mul/libc.a(lib_a-reallocr.o)
                0x00106a2c                _realloc_r
 .text          0x00107020       0x40 /opt/altera/13.0sp1/nios2eds/bin/gnu/H-i686-pc-linux-gnu/bin/../lib/gcc/nios2-elf/4.1.2/../../../../nios2-elf/lib/mno-hw-mul/libc.a(lib_a-s_isinfd.o)
                0x00107020                __isinfd
 .text          0x00107060       0x30 /opt/altera/13.0sp1/nios2eds/bin/gnu/H-i686-pc-linux-gnu/bin/../lib/gcc/nios2-elf/4.1.2/../../../../nios2-elf/lib/mno-hw-mul/libc.a(lib_a-s_isnand.o)
                0x00107060                __isnand
 .text          0x00107090       0x70 /opt/altera/13.0sp1/nios2eds/bin/gnu/H-i686-pc-linux-gnu/bin/../lib/gcc/nios2-elf/4.1.2/../../../../nios2-elf/lib/mno-hw-mul/libc.a(lib_a-sbrkr.o)
                0x00107090                _sbrk_r
 .text          0x00107100      0x14c /opt/altera/13.0sp1/nios2eds/bin/gnu/H-i686-pc-linux-gnu/bin/../lib/gcc/nios2-elf/4.1.2/../../../../nios2-elf/lib/mno-hw-mul/libc.a(lib_a-stdio.o)
                0x00107100                __sclose
                0x00107108                __sseek
                0x00107170                __swrite
                0x001071ec                __sread
 .text          0x0010724c       0xbc /opt/altera/13.0sp1/nios2eds/bin/gnu/H-i686-pc-linux-gnu/bin/../lib/gcc/nios2-elf/4.1.2/../../../../nios2-elf/lib/mno-hw-mul/libc.a(lib_a-strcmp.o)
                0x0010724c                strcmp
 .text          0x00107308       0x78 /opt/altera/13.0sp1/nios2eds/bin/gnu/H-i686-pc-linux-gnu/bin/../lib/gcc/nios2-elf/4.1.2/../../../../nios2-elf/lib/mno-hw-mul/libc.a(lib_a-writer.o)
                0x00107308                _write_r
 .text          0x00107380       0xc8 /opt/altera/13.0sp1/nios2eds/bin/gnu/H-i686-pc-linux-gnu/bin/../lib/gcc/nios2-elf/4.1.2/../../../../nios2-elf/lib/mno-hw-mul/libc.a(lib_a-callocr.o)
                0x00107380                _calloc_r
 .text          0x00107448       0x70 /opt/altera/13.0sp1/nios2eds/bin/gnu/H-i686-pc-linux-gnu/bin/../lib/gcc/nios2-elf/4.1.2/../../../../nios2-elf/lib/mno-hw-mul/libc.a(lib_a-closer.o)
                0x00107448                _close_r
 .text          0x001074b8      0x124 /opt/altera/13.0sp1/nios2eds/bin/gnu/H-i686-pc-linux-gnu/bin/../lib/gcc/nios2-elf/4.1.2/../../../../nios2-elf/lib/mno-hw-mul/libc.a(lib_a-fclose.o)
                0x001074b8                _fclose_r
                0x001075c8                fclose
 .text          0x001075dc       0x74 /opt/altera/13.0sp1/nios2eds/bin/gnu/H-i686-pc-linux-gnu/bin/../lib/gcc/nios2-elf/4.1.2/../../../../nios2-elf/lib/mno-hw-mul/libc.a(lib_a-fstatr.o)
                0x001075dc                _fstat_r
 .text          0x00107650        0x0 /opt/altera/13.0sp1/nios2eds/bin/gnu/H-i686-pc-linux-gnu/bin/../lib/gcc/nios2-elf/4.1.2/../../../../nios2-elf/lib/mno-hw-mul/libc.a(lib_a-int_errno.o)
 .text          0x00107650       0x70 /opt/altera/13.0sp1/nios2eds/bin/gnu/H-i686-pc-linux-gnu/bin/../lib/gcc/nios2-elf/4.1.2/../../../../nios2-elf/lib/mno-hw-mul/libc.a(lib_a-isattyr.o)
                0x00107650                _isatty_r
 .text          0x001076c0       0x78 /opt/altera/13.0sp1/nios2eds/bin/gnu/H-i686-pc-linux-gnu/bin/../lib/gcc/nios2-elf/4.1.2/../../../../nios2-elf/lib/mno-hw-mul/libc.a(lib_a-lseekr.o)
                0x001076c0                _lseek_r
 .text          0x00107738       0x78 /opt/altera/13.0sp1/nios2eds/bin/gnu/H-i686-pc-linux-gnu/bin/../lib/gcc/nios2-elf/4.1.2/../../../../nios2-elf/lib/mno-hw-mul/libc.a(lib_a-readr.o)
                0x00107738                _read_r
 .text          0x001077b0      0x66c /opt/altera/13.0sp1/nios2eds/bin/gnu/H-i686-pc-linux-gnu/bin/../lib/gcc/nios2-elf/4.1.2/mno-hw-mul/libgcc.a(_udivdi3.o)
                0x001077b0                __udivdi3
 .text          0x00107e1c      0x660 /opt/altera/13.0sp1/nios2eds/bin/gnu/H-i686-pc-linux-gnu/bin/../lib/gcc/nios2-elf/4.1.2/mno-hw-mul/libgcc.a(_umoddi3.o)
                0x00107e1c                __umoddi3
 .text          0x0010847c      0x504 /opt/altera/13.0sp1/nios2eds/bin/gnu/H-i686-pc-linux-gnu/bin/../lib/gcc/nios2-elf/4.1.2/mno-hw-mul/libgcc.a(_addsub_df.o)
                0x0010888c                __subdf3
                0x0010890c                __adddf3
 .text          0x00108980      0x3c4 /opt/altera/13.0sp1/nios2eds/bin/gnu/H-i686-pc-linux-gnu/bin/../lib/gcc/nios2-elf/4.1.2/mno-hw-mul/libgcc.a(_mul_df.o)
                0x00108980                __muldf3
 .text          0x00108d44      0x258 /opt/altera/13.0sp1/nios2eds/bin/gnu/H-i686-pc-linux-gnu/bin/../lib/gcc/nios2-elf/4.1.2/mno-hw-mul/libgcc.a(_div_df.o)
                0x00108d44                __divdf3
 .text          0x00108f9c       0x88 /opt/altera/13.0sp1/nios2eds/bin/gnu/H-i686-pc-linux-gnu/bin/../lib/gcc/nios2-elf/4.1.2/mno-hw-mul/libgcc.a(_eq_df.o)
                0x00108f9c                __eqdf2
 .text          0x00109024       0x88 /opt/altera/13.0sp1/nios2eds/bin/gnu/H-i686-pc-linux-gnu/bin/../lib/gcc/nios2-elf/4.1.2/mno-hw-mul/libgcc.a(_ne_df.o)
                0x00109024                __nedf2
 .text          0x001090ac       0x88 /opt/altera/13.0sp1/nios2eds/bin/gnu/H-i686-pc-linux-gnu/bin/../lib/gcc/nios2-elf/4.1.2/mno-hw-mul/libgcc.a(_gt_df.o)
                0x001090ac                __gtdf2
 .text          0x00109134       0x88 /opt/altera/13.0sp1/nios2eds/bin/gnu/H-i686-pc-linux-gnu/bin/../lib/gcc/nios2-elf/4.1.2/mno-hw-mul/libgcc.a(_ge_df.o)
                0x00109134                __gedf2
 .text          0x001091bc       0x88 /opt/altera/13.0sp1/nios2eds/bin/gnu/H-i686-pc-linux-gnu/bin/../lib/gcc/nios2-elf/4.1.2/mno-hw-mul/libgcc.a(_lt_df.o)
                0x001091bc                __ltdf2
 .text          0x00109244       0xf8 /opt/altera/13.0sp1/nios2eds/bin/gnu/H-i686-pc-linux-gnu/bin/../lib/gcc/nios2-elf/4.1.2/mno-hw-mul/libgcc.a(_si_to_df.o)
                0x00109244                __floatsidf
 .text          0x0010933c       0xd8 /opt/altera/13.0sp1/nios2eds/bin/gnu/H-i686-pc-linux-gnu/bin/../lib/gcc/nios2-elf/4.1.2/mno-hw-mul/libgcc.a(_df_to_si.o)
                0x0010933c                __fixdfsi
 .text          0x00109414        0x0 /opt/altera/13.0sp1/nios2eds/bin/gnu/H-i686-pc-linux-gnu/bin/../lib/gcc/nios2-elf/4.1.2/mno-hw-mul/libgcc.a(_thenan_df.o)
 .text          0x00109414      0x194 /opt/altera/13.0sp1/nios2eds/bin/gnu/H-i686-pc-linux-gnu/bin/../lib/gcc/nios2-elf/4.1.2/mno-hw-mul/libgcc.a(_usi_to_df.o)
                0x00109414                __floatunsidf
 .text          0x001095a8      0x14c /opt/altera/13.0sp1/nios2eds/bin/gnu/H-i686-pc-linux-gnu/bin/../lib/gcc/nios2-elf/4.1.2/mno-hw-mul/libgcc.a(lib2-divmod.o)
                0x00109624                __divsi3
                0x00109684                __modsi3
                0x001096e4                __udivsi3
                0x001096ec                __umodsi3
 .text          0x001096f4       0x38 /opt/altera/13.0sp1/nios2eds/bin/gnu/H-i686-pc-linux-gnu/bin/../lib/gcc/nios2-elf/4.1.2/mno-hw-mul/libgcc.a(lib2-mul.o)
                0x001096f4                __mulsi3
 .text          0x0010972c      0x124 /opt/altera/13.0sp1/nios2eds/bin/gnu/H-i686-pc-linux-gnu/bin/../lib/gcc/nios2-elf/4.1.2/mno-hw-mul/libgcc.a(_muldi3.o)
                0x0010972c                __muldi3
 .text          0x00109850        0x0 /opt/altera/13.0sp1/nios2eds/bin/gnu/H-i686-pc-linux-gnu/bin/../lib/gcc/nios2-elf/4.1.2/mno-hw-mul/libgcc.a(_clz.o)
 .text          0x00109850       0x80 /opt/altera/13.0sp1/nios2eds/bin/gnu/H-i686-pc-linux-gnu/bin/../lib/gcc/nios2-elf/4.1.2/mno-hw-mul/libgcc.a(_clzsi2.o)
                0x00109850                __clzsi2
 .text          0x001098d0      0x314 /opt/altera/13.0sp1/nios2eds/bin/gnu/H-i686-pc-linux-gnu/bin/../lib/gcc/nios2-elf/4.1.2/mno-hw-mul/libgcc.a(_pack_df.o)
                0x001098d0                __pack_d
 .text          0x00109be4      0x138 /opt/altera/13.0sp1/nios2eds/bin/gnu/H-i686-pc-linux-gnu/bin/../lib/gcc/nios2-elf/4.1.2/mno-hw-mul/libgcc.a(_unpack_df.o)
                0x00109be4                __unpack_d
 .text          0x00109d1c       0xc8 /opt/altera/13.0sp1/nios2eds/bin/gnu/H-i686-pc-linux-gnu/bin/../lib/gcc/nios2-elf/4.1.2/mno-hw-mul/libgcc.a(_fpcmp_parts_df.o)
                0x00109d1c                __fpcmp_parts_d
 .text          0x00109de4       0xbc ../bsp//libucosii_bsp.a(alt_close.o)
                0x00109e04                close
 .text          0x00109ea0        0x8 ../bsp//libucosii_bsp.a(alt_dev.o)
 .text          0x00109ea8        0x0 ../bsp//libucosii_bsp.a(alt_errno.o)
 .text          0x00109ea8       0x9c ../bsp//libucosii_bsp.a(alt_fstat.o)
                0x00109ea8                fstat
 .text          0x00109f44       0x94 ../bsp//libucosii_bsp.a(alt_isatty.o)
                0x00109f44                isatty
 .text          0x00109fd8       0x8c ../bsp//libucosii_bsp.a(alt_load.o)
                0x00109ff8                alt_load
 .text          0x0010a064       0xb8 ../bsp//libucosii_bsp.a(alt_lseek.o)
                0x0010a064                lseek
 .text          0x0010a11c       0xa8 ../bsp//libucosii_bsp.a(alt_main.o)
                0x0010a11c                alt_main
 .text          0x0010a1c4       0xd8 ../bsp//libucosii_bsp.a(alt_read.o)
                0x0010a1e4                read
 .text          0x0010a29c       0x5c ../bsp//libucosii_bsp.a(alt_release_fd.o)
                0x0010a29c                alt_release_fd
 .text          0x0010a2f8       0x50 ../bsp//libucosii_bsp.a(alt_sbrk.o)
                0x0010a2f8                sbrk
 .text          0x0010a348       0xd4 ../bsp//libucosii_bsp.a(alt_write.o)
                0x0010a368                write
 .text          0x0010a41c       0xa8 ../bsp//libucosii_bsp.a(alt_env_lock.o)
                0x0010a41c                __env_unlock
                0x0010a444                __env_lock
 .text          0x0010a4c4      0x110 ../bsp//libucosii_bsp.a(alt_malloc_lock.o)
                0x0010a4c4                __malloc_unlock
                0x0010a520                __malloc_lock
 .text          0x0010a5d4     0x1118 ../bsp//libucosii_bsp.a(os_core.o)
                0x0010a5d4                OSVersion
                0x0010a5dc                OS_Dummy
                0x0010a5e0                OS_EventTaskWait
                0x0010a664                OS_EventTaskWaitMulti
                0x0010a704                OS_EventTaskRemove
                0x0010a750                OS_EventTaskRemoveMulti
                0x0010a7ac                OS_EventTaskRdy
                0x0010a8a0                OS_EventWaitListInit
                0x0010a8bc                OS_MemClr
                0x0010a8d8                OS_MemCopy
                0x0010a8fc                OS_StrCopy
                0x0010a928                OS_StrLen
                0x0010a948                OS_TaskStatStkChk
                0x0010a9cc                OS_Sched
                0x0010aa84                OSStart
                0x0010aaf0                OSInit
                0x0010acd0                OSEventNameGet
                0x0010ad88                OSEventPendMulti
                0x0010b0e0                OSIntEnter
                0x0010b11c                OSSchedLock
                0x0010b160                OSSchedUnlock
                0x0010b1b4                OSStatInit
                0x0010b218                OSTimeTick
                0x0010b324                OS_TaskIdle
                0x0010b354                OS_TaskStat
                0x0010b3d8                OS_TCBInit
                0x0010b55c                OSIntExit
                0x0010b630                OSEventNameSet
 .text          0x0010b6ec        0x4 ../bsp//libucosii_bsp.a(os_dbg.o)
                0x0010b6ec                OSDebugInit
 .text          0x0010b6f0      0xc5c ../bsp//libucosii_bsp.a(os_flag.o)
                0x0010b7a8                OS_FlagUnlink
                0x0010b874                OS_FlagInit
                0x0010b8e4                OSFlagQuery
                0x0010b940                OSFlagAccept
                0x0010bab0                OSFlagCreate
                0x0010bb38                OSFlagDel
                0x0010bc98                OSFlagNameGet
                0x0010bd58                OSFlagNameSet
                0x0010be2c                OSFlagPend
                0x0010c12c                OSFlagPendGetFlagsRdy
                0x0010c158                OSFlagPost
 .text          0x0010c34c      0x3b8 ../bsp//libucosii_bsp.a(os_mem.o)
                0x0010c34c                OS_MemInit
                0x0010c3b4                OSMemQuery
                0x0010c418                OSMemCreate
                0x0010c4e8                OSMemGet
                0x0010c554                OSMemNameGet
                0x0010c5f0                OSMemNameSet
                0x0010c6ac                OSMemPut
 .text          0x0010c704      0x9c4 ../bsp//libucosii_bsp.a(os_q.o)
                0x0010c704                OS_QInit
                0x0010c754                OSQQuery
                0x0010c7ec                OSQAccept
                0x0010c888                OSQCreate
                0x0010c988                OSQDel
                0x0010cb0c                OSQFlush
                0x0010cb5c                OSQPend
                0x0010cd1c                OSQPendAbort
                0x0010ce04                OSQPost
                0x0010cec0                OSQPostFront
                0x0010cf84                OSQPostOpt
 .text          0x0010d0c8      0x5e0 ../bsp//libucosii_bsp.a(os_sem.o)
                0x0010d0c8                OSSemSet
                0x0010d12c                OSSemAccept
                0x0010d170                OSSemCreate
                0x0010d1fc                OSSemDel
                0x0010d350                OSSemPend
                0x0010d4b8                OSSemPendAbort
                0x0010d5a4                OSSemPost
                0x0010d640                OSSemQuery
 .text          0x0010d6a8      0xe74 ../bsp//libucosii_bsp.a(os_task.o)
                0x0010d6a8                OS_TaskStkClr
                0x0010d6d8                OSTaskQuery
                0x0010d7a0                OSTaskChangePrio
                0x0010da3c                OSTaskCreate
                0x0010db48                OSTaskCreateExt
                0x0010dcc0                OSTaskDel
                0x0010df0c                OSTaskDelReq
                0x0010dfc0                OSTaskNameGet
                0x0010e0c8                OSTaskNameSet
                0x0010e1e4                OSTaskResume
                0x0010e2e8                OSTaskStkChk
                0x0010e3d8                OSTaskSuspend
 .text          0x0010e51c      0x378 ../bsp//libucosii_bsp.a(os_time.o)
                0x0010e51c                OSTimeSet
                0x0010e540                OSTimeDly
                0x0010e5d8                OSTimeDlyHMSM
                0x0010e778                OSTimeDlyResume
                0x0010e870                OSTimeGet
 .text          0x0010e894      0xb94 ../bsp//libucosii_bsp.a(os_tmr.o)
                0x0010ea00                OSTmr_Init
                0x0010ec5c                OSTmrStop
                0x0010edb8                OSTmrStart
                0x0010eebc                OSTmrStateGet
                0x0010ef64                OSTmrRemainGet
                0x0010f07c                OSTmrDel
                0x0010f178                OSTmrSignal
                0x0010f1a0                OSTmrNameGet
                0x0010f28c                OSTmrCreate
 .text          0x0010f428       0x9c ../bsp//libucosii_bsp.a(alt_sys_init.o)
                0x0010f434                alt_sys_init
                0x0010f4a4                alt_irq_init
 .text          0x0010f4c4       0x3c ../bsp//libucosii_bsp.a(altera_avalon_jtag_uart_fd.o)
                0x0010f4c4                altera_avalon_jtag_uart_ioctl_fd
                0x0010f4d0                altera_avalon_jtag_uart_close_fd
                0x0010f4e0                altera_avalon_jtag_uart_write_fd
                0x0010f4f0                altera_avalon_jtag_uart_read_fd
 .text          0x0010f500      0x2f4 ../bsp//libucosii_bsp.a(altera_avalon_jtag_uart_init.o)
                0x0010f500                altera_avalon_jtag_uart_close
                0x0010f5c0                altera_avalon_jtag_uart_init
 .text          0x0010f7f4       0x7c ../bsp//libucosii_bsp.a(altera_avalon_jtag_uart_ioctl.o)
                0x0010f7f4                altera_avalon_jtag_uart_ioctl
 .text          0x0010f870      0x1ac ../bsp//libucosii_bsp.a(altera_avalon_jtag_uart_read.o)
                0x0010f870                altera_avalon_jtag_uart_read
 .text          0x0010fa1c      0x1b8 ../bsp//libucosii_bsp.a(altera_avalon_jtag_uart_write.o)
                0x0010fa1c                altera_avalon_jtag_uart_write
 .text          0x0010fbd4       0x8c ../bsp//libucosii_bsp.a(altera_avalon_timer_sc.o)
                0x0010fbd4                alt_avalon_timer_sc_init
 .text          0x0010fc60      0x250 ../bsp//libucosii_bsp.a(altera_up_avalon_character_lcd.o)
                0x0010fc60                get_DDRAM_addr
                0x0010fc78                alt_up_character_lcd_string
                0x0010fc94                alt_up_character_lcd_write
                0x0010fcb8                alt_up_character_lcd_write_fd
                0x0010fcd8                alt_up_character_lcd_init
                0x0010fce8                alt_up_character_lcd_send_cmd
                0x0010fcf8                alt_up_character_lcd_cursor_blink_on
                0x0010fd00                alt_up_character_lcd_cursor_off
                0x0010fd08                alt_up_character_lcd_erase_pos
                0x0010fd6c                alt_up_character_lcd_shift_display
                0x0010fddc                alt_up_character_lcd_shift_cursor
                0x0010fe4c                alt_up_character_lcd_set_cursor_pos
                0x0010fea4                alt_up_character_lcd_open_dev
 .text          0x0010feb0       0x90 ../bsp//libucosii_bsp.a(alt_alarm_start.o)
                0x0010feb0                alt_alarm_start
 .text          0x0010ff40        0x4 ../bsp//libucosii_bsp.a(alt_dcache_flush_all.o)
                0x0010ff40                alt_dcache_flush_all
 .text          0x0010ff44       0x70 ../bsp//libucosii_bsp.a(alt_dev_llist_insert.o)
                0x0010ff44                alt_dev_llist_insert
 .text          0x0010ffb4       0x40 ../bsp//libucosii_bsp.a(alt_do_ctors.o)
                0x0010ffb4                _do_ctors
 .text          0x0010fff4       0x40 ../bsp//libucosii_bsp.a(alt_do_dtors.o)
                0x0010fff4                _do_dtors
 .text          0x00110034       0x70 ../bsp//libucosii_bsp.a(alt_find_dev.o)
                0x00110034                alt_find_dev
 .text          0x001100a4        0x4 ../bsp//libucosii_bsp.a(alt_icache_flush_all.o)
                0x001100a4                alt_icache_flush_all
 .text          0x001100a8       0x9c ../bsp//libucosii_bsp.a(alt_iic.o)
                0x001100a8                alt_ic_irq_enabled
                0x001100c0                alt_ic_irq_enable
                0x00110100                alt_ic_irq_disable
                0x00110140                alt_ic_isr_register
 .text          0x00110144       0x6c ../bsp//libucosii_bsp.a(alt_iic_isr_register.o)
                0x00110144                alt_iic_isr_register
 .text          0x001101b0      0x114 ../bsp//libucosii_bsp.a(alt_io_redirect.o)
                0x00110238                alt_io_redirect
 .text          0x001102c4        0x0 ../bsp//libucosii_bsp.a(alt_irq_entry.o)
 .text          0x001102c4        0x0 ../bsp//libucosii_bsp.a(alt_irq_handler.o)
 .text          0x001102c4        0x0 ../bsp//libucosii_bsp.a(alt_irq_vars.o)
 .text          0x001102c4      0x17c ../bsp//libucosii_bsp.a(alt_open.o)
                0x001102c4                open
 .text          0x00110440       0xe0 ../bsp//libucosii_bsp.a(alt_tick.o)
                0x00110440                alt_alarm_stop
                0x00110474                alt_tick
 .text          0x00110520        0x8 ../bsp//libucosii_bsp.a(altera_nios2_qsys_irq.o)
                0x00110520                altera_nios2_qsys_irq_init
 .text          0x00110528       0xd0 ../bsp//libucosii_bsp.a(os_cpu_a.o)
                0x00110528                OSCtxSw
                0x00110528                OSIntCtxSw
                0x001105b4                OSStartHighRdy
                0x001105d4                OSStartTsk
 .text          0x001105f8      0x228 ../bsp//libucosii_bsp.a(os_cpu_c.o)
                0x001105f8                OSTaskCreateHook
                0x001105fc                OSTaskDelHook
                0x00110600                OSTaskSwHook
                0x00110604                OSTaskStatHook
                0x00110608                OSInitHookBegin
                0x00110610                OSInitHookEnd
                0x00110614                OSTaskIdleHook
                0x00110618                OSTCBInitHook
                0x0011061c                OSTimeTickHook
                0x00110674                OSTaskStkInit
 .text          0x00110820        0x0 ../bsp//libucosii_bsp.a(alt_exception_entry.o)
 .text          0x00110820       0x9c ../bsp//libucosii_bsp.a(alt_find_file.o)
                0x00110820                alt_find_file
 .text          0x001108bc       0xa4 ../bsp//libucosii_bsp.a(alt_get_fd.o)
                0x001108bc                alt_get_fd
 .text          0x00110960       0x14 /opt/altera/13.0sp1/nios2eds/bin/gnu/H-i686-pc-linux-gnu/bin/../lib/gcc/nios2-elf/4.1.2/../../../../nios2-elf/lib/mno-hw-mul/libc.a(lib_a-atexit.o)
                0x00110960                atexit
 .text          0x00110974       0x38 /opt/altera/13.0sp1/nios2eds/bin/gnu/H-i686-pc-linux-gnu/bin/../lib/gcc/nios2-elf/4.1.2/../../../../nios2-elf/lib/mno-hw-mul/libc.a(lib_a-exit.o)
                0x00110974                exit
 .text          0x001109ac       0x74 /opt/altera/13.0sp1/nios2eds/bin/gnu/H-i686-pc-linux-gnu/bin/../lib/gcc/nios2-elf/4.1.2/../../../../nios2-elf/lib/mno-hw-mul/libc.a(lib_a-memcmp.o)
                0x001109ac                memcmp
 .text          0x00110a20      0x134 /opt/altera/13.0sp1/nios2eds/bin/gnu/H-i686-pc-linux-gnu/bin/../lib/gcc/nios2-elf/4.1.2/../../../../nios2-elf/lib/mno-hw-mul/libc.a(lib_a-__atexit.o)
                0x00110a20                __register_exitproc
 .text          0x00110b54      0x1b4 /opt/altera/13.0sp1/nios2eds/bin/gnu/H-i686-pc-linux-gnu/bin/../lib/gcc/nios2-elf/4.1.2/../../../../nios2-elf/lib/mno-hw-mul/libc.a(lib_a-__call_atexit.o)
                0x00110b58                __call_exitprocs
 .text          0x00110d08       0xa4 /opt/altera/13.0sp1/nios2eds/bin/gnu/H-i686-pc-linux-gnu/bin/../lib/gcc/nios2-elf/4.1.2/mno-hw-mul/libgcc.a(_fixunsdfsi.o)
                0x00110d08                __fixunsdfsi
 .text          0x00110dac       0x20 ../bsp//libucosii_bsp.a(alt_exit.o)
                0x00110dac                _exit
 *(.gnu.warning.*)
 *(.fini)
                0x00110dcc                PROVIDE (__etext, ABSOLUTE (.))
                0x00110dcc                PROVIDE (_etext, ABSOLUTE (.))
                0x00110dcc                PROVIDE (etext, ABSOLUTE (.))
 *(.eh_frame_hdr)
                0x00110dcc                . = ALIGN (0x4)
                0x00110dcc                PROVIDE (__preinit_array_start, ABSOLUTE (.))
 *(.preinit_array)
                0x00110dcc                PROVIDE (__preinit_array_end, ABSOLUTE (.))
                0x00110dcc                PROVIDE (__init_array_start, ABSOLUTE (.))
 *(.init_array)
                0x00110dcc                PROVIDE (__init_array_end, ABSOLUTE (.))
                0x00110dcc                PROVIDE (__fini_array_start, ABSOLUTE (.))
 *(.fini_array)
                0x00110dcc                PROVIDE (__fini_array_end, ABSOLUTE (.))
 *(.eh_frame)
 *(.gcc_except_table)
 *(.dynamic)
                0x00110dcc                PROVIDE (__CTOR_LIST__, ABSOLUTE (.))
 *(.ctors)
 *(SORT(.ctors.*))
 .ctors.65535   0x00110dcc        0x4 /opt/altera/13.0sp1/nios2eds/bin/gnu/H-i686-pc-linux-gnu/bin/../lib/gcc/nios2-elf/4.1.2/../../../../nios2-elf/lib/mno-hw-mul/libc.a(lib_a-__call_atexit.o)
                0x00110dd0                PROVIDE (__CTOR_END__, ABSOLUTE (.))
                0x00110dd0                PROVIDE (__DTOR_LIST__, ABSOLUTE (.))
 *(.dtors)
 *(SORT(.dtors.*))
                0x00110dd0                PROVIDE (__DTOR_END__, ABSOLUTE (.))
 *(.jcr)
                0x00110dd0                . = ALIGN (0x4)

.rodata         0x00110dd0      0x4f8
                0x00110dd0                PROVIDE (__ram_rodata_start, ABSOLUTE (.))
                0x00110dd0                . = ALIGN (0x4)
 *(.rodata .rodata.* .gnu.linkonce.r.*)
 .rodata        0x00110dd0       0x60 obj/default/ShareMemory.o
 .rodata.str1.4
                0x00110e30        0x2 /opt/altera/13.0sp1/nios2eds/bin/gnu/H-i686-pc-linux-gnu/bin/../lib/gcc/nios2-elf/4.1.2/../../../../nios2-elf/lib/mno-hw-mul/libc.a(lib_a-puts.o)
                                  0x4 (size before relaxing)
 *fill*         0x00110e32        0x2 00
 .rodata.str1.4
                0x00110e34       0x5e /opt/altera/13.0sp1/nios2eds/bin/gnu/H-i686-pc-linux-gnu/bin/../lib/gcc/nios2-elf/4.1.2/../../../../nios2-elf/lib/mno-hw-mul/libc.a(lib_a-vfprintf.o)
                                 0x60 (size before relaxing)
 .rodata        0x00110e92       0x20 /opt/altera/13.0sp1/nios2eds/bin/gnu/H-i686-pc-linux-gnu/bin/../lib/gcc/nios2-elf/4.1.2/../../../../nios2-elf/lib/mno-hw-mul/libc.a(lib_a-vfprintf.o)
 *fill*         0x00110eb2        0x2 00
 .rodata.str1.4
                0x00110eb4       0x10 /opt/altera/13.0sp1/nios2eds/bin/gnu/H-i686-pc-linux-gnu/bin/../lib/gcc/nios2-elf/4.1.2/../../../../nios2-elf/lib/mno-hw-mul/libc.a(lib_a-dtoa.o)
                                 0x14 (size before relaxing)
 .rodata.str1.4
                0x00110ec4        0x2 /opt/altera/13.0sp1/nios2eds/bin/gnu/H-i686-pc-linux-gnu/bin/../lib/gcc/nios2-elf/4.1.2/../../../../nios2-elf/lib/mno-hw-mul/libc.a(lib_a-impure.o)
                                  0x4 (size before relaxing)
 *fill*         0x00110ec6        0x2 00
 .rodata.str1.4
                0x00110ec8        0xf /opt/altera/13.0sp1/nios2eds/bin/gnu/H-i686-pc-linux-gnu/bin/../lib/gcc/nios2-elf/4.1.2/../../../../nios2-elf/lib/mno-hw-mul/libc.a(lib_a-locale.o)
                                 0x18 (size before relaxing)
 *fill*         0x00110ed7        0x1 00
 .rodata        0x00110ed8       0x30 /opt/altera/13.0sp1/nios2eds/bin/gnu/H-i686-pc-linux-gnu/bin/../lib/gcc/nios2-elf/4.1.2/../../../../nios2-elf/lib/mno-hw-mul/libc.a(lib_a-locale.o)
 .rodata        0x00110f08      0x124 /opt/altera/13.0sp1/nios2eds/bin/gnu/H-i686-pc-linux-gnu/bin/../lib/gcc/nios2-elf/4.1.2/../../../../nios2-elf/lib/mno-hw-mul/libc.a(lib_a-mprec.o)
                0x00110f08                __mprec_tens
                0x00110fd0                __mprec_bigtens
                0x00110ff8                __mprec_tinytens
 .rodata        0x0011102c       0x14 /opt/altera/13.0sp1/nios2eds/bin/gnu/H-i686-pc-linux-gnu/bin/../lib/gcc/nios2-elf/4.1.2/mno-hw-mul/libgcc.a(_thenan_df.o)
                0x0011102c                __thenan_df
 .rodata        0x00111040      0x100 /opt/altera/13.0sp1/nios2eds/bin/gnu/H-i686-pc-linux-gnu/bin/../lib/gcc/nios2-elf/4.1.2/mno-hw-mul/libgcc.a(_clz.o)
                0x00111040                __clz_tab
 .rodata.str1.4
                0x00111140        0xa ../bsp//libucosii_bsp.a(alt_dev.o)
                                  0xc (size before relaxing)
 *fill*         0x0011114a        0x2 00
 .rodata.str1.4
                0x0011114c       0x11 ../bsp//libucosii_bsp.a(alt_main.o)
                                 0x14 (size before relaxing)
 *fill*         0x0011115d        0x3 00
 .rodata.str1.4
                0x00111160       0x1e ../bsp//libucosii_bsp.a(os_core.o)
                                 0x20 (size before relaxing)
 .rodata        0x0011117e      0x100 ../bsp//libucosii_bsp.a(os_core.o)
                0x0011117e                OSUnMapTbl
 *fill*         0x0011127e        0x2 00
 .rodata.str1.4
                0x00111280       0x35 ../bsp//libucosii_bsp.a(os_tmr.o)
                                 0x38 (size before relaxing)
 *fill*         0x001112b5        0x3 00
 .rodata.str1.4
                0x001112b8       0x10 ../bsp//libucosii_bsp.a(alt_sys_init.o)
                                 0x24 (size before relaxing)
 .rodata.str1.4
                0x00000000        0x4 ../bsp//libucosii_bsp.a(os_cpu_c.o)
 *(.rodata1)
                0x001112c8                . = ALIGN (0x4)
                0x001112c8                PROVIDE (__ram_rodata_end, ABSOLUTE (.))
                0x00110dd0                PROVIDE (__flash_rodata_start, LOADADDR (.rodata))

.rwdata         0x001112c8     0x1b10 load address 0x00112dd8
                0x001112c8                PROVIDE (__ram_rwdata_start, ABSOLUTE (.))
                0x001112c8                . = ALIGN (0x4)
 *(.got.plt)
 *(.got)
 *(.data1)
 *(.data .data.* .gnu.linkonce.d.*)
 .data          0x001112c8        0x0 ../bsp//obj/HAL/src/crt0.o
 .data          0x001112c8        0x0 obj/default/ShareMemory.o
 .data          0x001112c8        0x0 /opt/altera/13.0sp1/nios2eds/bin/gnu/H-i686-pc-linux-gnu/bin/../lib/gcc/nios2-elf/4.1.2/../../../../nios2-elf/lib/mno-hw-mul/libc.a(lib_a-printf.o)
 .data          0x001112c8        0x0 /opt/altera/13.0sp1/nios2eds/bin/gnu/H-i686-pc-linux-gnu/bin/../lib/gcc/nios2-elf/4.1.2/../../../../nios2-elf/lib/mno-hw-mul/libc.a(lib_a-puts.o)
 .data          0x001112c8        0x0 /opt/altera/13.0sp1/nios2eds/bin/gnu/H-i686-pc-linux-gnu/bin/../lib/gcc/nios2-elf/4.1.2/../../../../nios2-elf/lib/mno-hw-mul/libc.a(lib_a-strlen.o)
 .data          0x001112c8        0x0 /opt/altera/13.0sp1/nios2eds/bin/gnu/H-i686-pc-linux-gnu/bin/../lib/gcc/nios2-elf/4.1.2/../../../../nios2-elf/lib/mno-hw-mul/libc.a(lib_a-vfprintf.o)
 .data          0x001112c8        0x0 /opt/altera/13.0sp1/nios2eds/bin/gnu/H-i686-pc-linux-gnu/bin/../lib/gcc/nios2-elf/4.1.2/../../../../nios2-elf/lib/mno-hw-mul/libc.a(lib_a-wsetup.o)
 .data          0x001112c8        0x0 /opt/altera/13.0sp1/nios2eds/bin/gnu/H-i686-pc-linux-gnu/bin/../lib/gcc/nios2-elf/4.1.2/../../../../nios2-elf/lib/mno-hw-mul/libc.a(lib_a-dtoa.o)
 .data          0x001112c8        0x0 /opt/altera/13.0sp1/nios2eds/bin/gnu/H-i686-pc-linux-gnu/bin/../lib/gcc/nios2-elf/4.1.2/../../../../nios2-elf/lib/mno-hw-mul/libc.a(lib_a-fflush.o)
 .data          0x001112c8        0x0 /opt/altera/13.0sp1/nios2eds/bin/gnu/H-i686-pc-linux-gnu/bin/../lib/gcc/nios2-elf/4.1.2/../../../../nios2-elf/lib/mno-hw-mul/libc.a(lib_a-findfp.o)
 .data          0x001112c8        0x0 /opt/altera/13.0sp1/nios2eds/bin/gnu/H-i686-pc-linux-gnu/bin/../lib/gcc/nios2-elf/4.1.2/../../../../nios2-elf/lib/mno-hw-mul/libc.a(lib_a-freer.o)
 .data          0x001112c8        0x0 /opt/altera/13.0sp1/nios2eds/bin/gnu/H-i686-pc-linux-gnu/bin/../lib/gcc/nios2-elf/4.1.2/../../../../nios2-elf/lib/mno-hw-mul/libc.a(lib_a-fvwrite.o)
 .data          0x001112c8        0x0 /opt/altera/13.0sp1/nios2eds/bin/gnu/H-i686-pc-linux-gnu/bin/../lib/gcc/nios2-elf/4.1.2/../../../../nios2-elf/lib/mno-hw-mul/libc.a(lib_a-fwalk.o)
 .data          0x001112c8      0x400 /opt/altera/13.0sp1/nios2eds/bin/gnu/H-i686-pc-linux-gnu/bin/../lib/gcc/nios2-elf/4.1.2/../../../../nios2-elf/lib/mno-hw-mul/libc.a(lib_a-impure.o)
 .data          0x001116c8        0xc /opt/altera/13.0sp1/nios2eds/bin/gnu/H-i686-pc-linux-gnu/bin/../lib/gcc/nios2-elf/4.1.2/../../../../nios2-elf/lib/mno-hw-mul/libc.a(lib_a-locale.o)
                0x001116c8                __lc_ctype
 .data          0x001116d4        0x0 /opt/altera/13.0sp1/nios2eds/bin/gnu/H-i686-pc-linux-gnu/bin/../lib/gcc/nios2-elf/4.1.2/../../../../nios2-elf/lib/mno-hw-mul/libc.a(lib_a-makebuf.o)
 .data          0x001116d4      0x408 /opt/altera/13.0sp1/nios2eds/bin/gnu/H-i686-pc-linux-gnu/bin/../lib/gcc/nios2-elf/4.1.2/../../../../nios2-elf/lib/mno-hw-mul/libc.a(lib_a-mallocr.o)
                0x001116d4                __malloc_av_
 .data          0x00111adc        0x0 /opt/altera/13.0sp1/nios2eds/bin/gnu/H-i686-pc-linux-gnu/bin/../lib/gcc/nios2-elf/4.1.2/../../../../nios2-elf/lib/mno-hw-mul/libc.a(lib_a-memchr.o)
 .data          0x00111adc        0x0 /opt/altera/13.0sp1/nios2eds/bin/gnu/H-i686-pc-linux-gnu/bin/../lib/gcc/nios2-elf/4.1.2/../../../../nios2-elf/lib/mno-hw-mul/libc.a(lib_a-memcpy.o)
 .data          0x00111adc        0x0 /opt/altera/13.0sp1/nios2eds/bin/gnu/H-i686-pc-linux-gnu/bin/../lib/gcc/nios2-elf/4.1.2/../../../../nios2-elf/lib/mno-hw-mul/libc.a(lib_a-memmove.o)
 .data          0x00111adc        0x0 /opt/altera/13.0sp1/nios2eds/bin/gnu/H-i686-pc-linux-gnu/bin/../lib/gcc/nios2-elf/4.1.2/../../../../nios2-elf/lib/mno-hw-mul/libc.a(lib_a-memset.o)
 .data          0x00111adc        0x0 /opt/altera/13.0sp1/nios2eds/bin/gnu/H-i686-pc-linux-gnu/bin/../lib/gcc/nios2-elf/4.1.2/../../../../nios2-elf/lib/mno-hw-mul/libc.a(lib_a-mprec.o)
 .data          0x00111adc        0x0 /opt/altera/13.0sp1/nios2eds/bin/gnu/H-i686-pc-linux-gnu/bin/../lib/gcc/nios2-elf/4.1.2/../../../../nios2-elf/lib/mno-hw-mul/libc.a(lib_a-reallocr.o)
 .data          0x00111adc        0x0 /opt/altera/13.0sp1/nios2eds/bin/gnu/H-i686-pc-linux-gnu/bin/../lib/gcc/nios2-elf/4.1.2/../../../../nios2-elf/lib/mno-hw-mul/libc.a(lib_a-s_isinfd.o)
 .data          0x00111adc        0x0 /opt/altera/13.0sp1/nios2eds/bin/gnu/H-i686-pc-linux-gnu/bin/../lib/gcc/nios2-elf/4.1.2/../../../../nios2-elf/lib/mno-hw-mul/libc.a(lib_a-s_isnand.o)
 .data          0x00111adc        0x0 /opt/altera/13.0sp1/nios2eds/bin/gnu/H-i686-pc-linux-gnu/bin/../lib/gcc/nios2-elf/4.1.2/../../../../nios2-elf/lib/mno-hw-mul/libc.a(lib_a-sbrkr.o)
 .data          0x00111adc        0x0 /opt/altera/13.0sp1/nios2eds/bin/gnu/H-i686-pc-linux-gnu/bin/../lib/gcc/nios2-elf/4.1.2/../../../../nios2-elf/lib/mno-hw-mul/libc.a(lib_a-stdio.o)
 .data          0x00111adc        0x0 /opt/altera/13.0sp1/nios2eds/bin/gnu/H-i686-pc-linux-gnu/bin/../lib/gcc/nios2-elf/4.1.2/../../../../nios2-elf/lib/mno-hw-mul/libc.a(lib_a-strcmp.o)
 .data          0x00111adc        0x0 /opt/altera/13.0sp1/nios2eds/bin/gnu/H-i686-pc-linux-gnu/bin/../lib/gcc/nios2-elf/4.1.2/../../../../nios2-elf/lib/mno-hw-mul/libc.a(lib_a-writer.o)
 .data          0x00111adc        0x0 /opt/altera/13.0sp1/nios2eds/bin/gnu/H-i686-pc-linux-gnu/bin/../lib/gcc/nios2-elf/4.1.2/../../../../nios2-elf/lib/mno-hw-mul/libc.a(lib_a-callocr.o)
 .data          0x00111adc        0x0 /opt/altera/13.0sp1/nios2eds/bin/gnu/H-i686-pc-linux-gnu/bin/../lib/gcc/nios2-elf/4.1.2/../../../../nios2-elf/lib/mno-hw-mul/libc.a(lib_a-closer.o)
 .data          0x00111adc        0x0 /opt/altera/13.0sp1/nios2eds/bin/gnu/H-i686-pc-linux-gnu/bin/../lib/gcc/nios2-elf/4.1.2/../../../../nios2-elf/lib/mno-hw-mul/libc.a(lib_a-fclose.o)
 .data          0x00111adc        0x0 /opt/altera/13.0sp1/nios2eds/bin/gnu/H-i686-pc-linux-gnu/bin/../lib/gcc/nios2-elf/4.1.2/../../../../nios2-elf/lib/mno-hw-mul/libc.a(lib_a-fstatr.o)
 .data          0x00111adc        0x0 /opt/altera/13.0sp1/nios2eds/bin/gnu/H-i686-pc-linux-gnu/bin/../lib/gcc/nios2-elf/4.1.2/../../../../nios2-elf/lib/mno-hw-mul/libc.a(lib_a-int_errno.o)
 .data          0x00111adc        0x0 /opt/altera/13.0sp1/nios2eds/bin/gnu/H-i686-pc-linux-gnu/bin/../lib/gcc/nios2-elf/4.1.2/../../../../nios2-elf/lib/mno-hw-mul/libc.a(lib_a-isattyr.o)
 .data          0x00111adc        0x0 /opt/altera/13.0sp1/nios2eds/bin/gnu/H-i686-pc-linux-gnu/bin/../lib/gcc/nios2-elf/4.1.2/../../../../nios2-elf/lib/mno-hw-mul/libc.a(lib_a-lseekr.o)
 .data          0x00111adc        0x0 /opt/altera/13.0sp1/nios2eds/bin/gnu/H-i686-pc-linux-gnu/bin/../lib/gcc/nios2-elf/4.1.2/../../../../nios2-elf/lib/mno-hw-mul/libc.a(lib_a-readr.o)
 .data          0x00111adc        0x0 /opt/altera/13.0sp1/nios2eds/bin/gnu/H-i686-pc-linux-gnu/bin/../lib/gcc/nios2-elf/4.1.2/mno-hw-mul/libgcc.a(_udivdi3.o)
 .data          0x00111adc        0x0 /opt/altera/13.0sp1/nios2eds/bin/gnu/H-i686-pc-linux-gnu/bin/../lib/gcc/nios2-elf/4.1.2/mno-hw-mul/libgcc.a(_umoddi3.o)
 .data          0x00111adc        0x0 /opt/altera/13.0sp1/nios2eds/bin/gnu/H-i686-pc-linux-gnu/bin/../lib/gcc/nios2-elf/4.1.2/mno-hw-mul/libgcc.a(_addsub_df.o)
 .data          0x00111adc        0x0 /opt/altera/13.0sp1/nios2eds/bin/gnu/H-i686-pc-linux-gnu/bin/../lib/gcc/nios2-elf/4.1.2/mno-hw-mul/libgcc.a(_mul_df.o)
 .data          0x00111adc        0x0 /opt/altera/13.0sp1/nios2eds/bin/gnu/H-i686-pc-linux-gnu/bin/../lib/gcc/nios2-elf/4.1.2/mno-hw-mul/libgcc.a(_div_df.o)
 .data          0x00111adc        0x0 /opt/altera/13.0sp1/nios2eds/bin/gnu/H-i686-pc-linux-gnu/bin/../lib/gcc/nios2-elf/4.1.2/mno-hw-mul/libgcc.a(_eq_df.o)
 .data          0x00111adc        0x0 /opt/altera/13.0sp1/nios2eds/bin/gnu/H-i686-pc-linux-gnu/bin/../lib/gcc/nios2-elf/4.1.2/mno-hw-mul/libgcc.a(_ne_df.o)
 .data          0x00111adc        0x0 /opt/altera/13.0sp1/nios2eds/bin/gnu/H-i686-pc-linux-gnu/bin/../lib/gcc/nios2-elf/4.1.2/mno-hw-mul/libgcc.a(_gt_df.o)
 .data          0x00111adc        0x0 /opt/altera/13.0sp1/nios2eds/bin/gnu/H-i686-pc-linux-gnu/bin/../lib/gcc/nios2-elf/4.1.2/mno-hw-mul/libgcc.a(_ge_df.o)
 .data          0x00111adc        0x0 /opt/altera/13.0sp1/nios2eds/bin/gnu/H-i686-pc-linux-gnu/bin/../lib/gcc/nios2-elf/4.1.2/mno-hw-mul/libgcc.a(_lt_df.o)
 .data          0x00111adc        0x0 /opt/altera/13.0sp1/nios2eds/bin/gnu/H-i686-pc-linux-gnu/bin/../lib/gcc/nios2-elf/4.1.2/mno-hw-mul/libgcc.a(_si_to_df.o)
 .data          0x00111adc        0x0 /opt/altera/13.0sp1/nios2eds/bin/gnu/H-i686-pc-linux-gnu/bin/../lib/gcc/nios2-elf/4.1.2/mno-hw-mul/libgcc.a(_df_to_si.o)
 .data          0x00111adc        0x0 /opt/altera/13.0sp1/nios2eds/bin/gnu/H-i686-pc-linux-gnu/bin/../lib/gcc/nios2-elf/4.1.2/mno-hw-mul/libgcc.a(_thenan_df.o)
 .data          0x00111adc        0x0 /opt/altera/13.0sp1/nios2eds/bin/gnu/H-i686-pc-linux-gnu/bin/../lib/gcc/nios2-elf/4.1.2/mno-hw-mul/libgcc.a(_usi_to_df.o)
 .data          0x00111adc        0x0 /opt/altera/13.0sp1/nios2eds/bin/gnu/H-i686-pc-linux-gnu/bin/../lib/gcc/nios2-elf/4.1.2/mno-hw-mul/libgcc.a(lib2-divmod.o)
 .data          0x00111adc        0x0 /opt/altera/13.0sp1/nios2eds/bin/gnu/H-i686-pc-linux-gnu/bin/../lib/gcc/nios2-elf/4.1.2/mno-hw-mul/libgcc.a(lib2-mul.o)
 .data          0x00111adc        0x0 /opt/altera/13.0sp1/nios2eds/bin/gnu/H-i686-pc-linux-gnu/bin/../lib/gcc/nios2-elf/4.1.2/mno-hw-mul/libgcc.a(_muldi3.o)
 .data          0x00111adc        0x0 /opt/altera/13.0sp1/nios2eds/bin/gnu/H-i686-pc-linux-gnu/bin/../lib/gcc/nios2-elf/4.1.2/mno-hw-mul/libgcc.a(_clz.o)
 .data          0x00111adc        0x0 /opt/altera/13.0sp1/nios2eds/bin/gnu/H-i686-pc-linux-gnu/bin/../lib/gcc/nios2-elf/4.1.2/mno-hw-mul/libgcc.a(_clzsi2.o)
 .data          0x00111adc        0x0 /opt/altera/13.0sp1/nios2eds/bin/gnu/H-i686-pc-linux-gnu/bin/../lib/gcc/nios2-elf/4.1.2/mno-hw-mul/libgcc.a(_pack_df.o)
 .data          0x00111adc        0x0 /opt/altera/13.0sp1/nios2eds/bin/gnu/H-i686-pc-linux-gnu/bin/../lib/gcc/nios2-elf/4.1.2/mno-hw-mul/libgcc.a(_unpack_df.o)
 .data          0x00111adc        0x0 /opt/altera/13.0sp1/nios2eds/bin/gnu/H-i686-pc-linux-gnu/bin/../lib/gcc/nios2-elf/4.1.2/mno-hw-mul/libgcc.a(_fpcmp_parts_df.o)
 .data          0x00111adc        0x0 ../bsp//libucosii_bsp.a(alt_close.o)
 .data          0x00111adc      0x1a8 ../bsp//libucosii_bsp.a(alt_dev.o)
                0x00111adc                alt_dev_null
                0x00111b04                alt_fd_list
 .data          0x00111c84        0x0 ../bsp//libucosii_bsp.a(alt_errno.o)
 .data          0x00111c84        0x0 ../bsp//libucosii_bsp.a(alt_fstat.o)
 .data          0x00111c84        0x0 ../bsp//libucosii_bsp.a(alt_isatty.o)
 .data          0x00111c84        0x0 ../bsp//libucosii_bsp.a(alt_load.o)
 .data          0x00111c84        0x0 ../bsp//libucosii_bsp.a(alt_lseek.o)
 .data          0x00111c84        0x0 ../bsp//libucosii_bsp.a(alt_main.o)
 .data          0x00111c84        0x0 ../bsp//libucosii_bsp.a(alt_read.o)
 .data          0x00111c84        0x0 ../bsp//libucosii_bsp.a(alt_release_fd.o)
 .data          0x00111c84        0x0 ../bsp//libucosii_bsp.a(alt_sbrk.o)
 .data          0x00111c84        0x0 ../bsp//libucosii_bsp.a(alt_write.o)
 .data          0x00111c84        0x0 ../bsp//libucosii_bsp.a(alt_env_lock.o)
 .data          0x00111c84        0x0 ../bsp//libucosii_bsp.a(alt_malloc_lock.o)
 .data          0x00111c84        0x0 ../bsp//libucosii_bsp.a(os_core.o)
 .data          0x00111c84        0x0 ../bsp//libucosii_bsp.a(os_dbg.o)
 .data          0x00111c84        0x0 ../bsp//libucosii_bsp.a(os_flag.o)
 .data          0x00111c84        0x0 ../bsp//libucosii_bsp.a(os_mem.o)
 .data          0x00111c84        0x0 ../bsp//libucosii_bsp.a(os_q.o)
 .data          0x00111c84        0x0 ../bsp//libucosii_bsp.a(os_sem.o)
 .data          0x00111c84        0x0 ../bsp//libucosii_bsp.a(os_task.o)
 .data          0x00111c84        0x0 ../bsp//libucosii_bsp.a(os_time.o)
 .data          0x00111c84        0x0 ../bsp//libucosii_bsp.a(os_tmr.o)
 .data          0x00111c84     0x1098 ../bsp//libucosii_bsp.a(alt_sys_init.o)
 .data          0x00112d1c        0x0 ../bsp//libucosii_bsp.a(altera_avalon_jtag_uart_fd.o)
 .data          0x00112d1c        0x0 ../bsp//libucosii_bsp.a(altera_avalon_jtag_uart_init.o)
 .data          0x00112d1c        0x0 ../bsp//libucosii_bsp.a(altera_avalon_jtag_uart_ioctl.o)
 .data          0x00112d1c        0x0 ../bsp//libucosii_bsp.a(altera_avalon_jtag_uart_read.o)
 .data          0x00112d1c        0x0 ../bsp//libucosii_bsp.a(altera_avalon_jtag_uart_write.o)
 .data          0x00112d1c        0x0 ../bsp//libucosii_bsp.a(altera_avalon_timer_sc.o)
 .data          0x00112d1c        0x0 ../bsp//libucosii_bsp.a(altera_up_avalon_character_lcd.o)
 .data          0x00112d1c        0x0 ../bsp//libucosii_bsp.a(alt_alarm_start.o)
 .data          0x00112d1c        0x0 ../bsp//libucosii_bsp.a(alt_dcache_flush_all.o)
 .data          0x00112d1c        0x0 ../bsp//libucosii_bsp.a(alt_dev_llist_insert.o)
 .data          0x00112d1c        0x0 ../bsp//libucosii_bsp.a(alt_do_ctors.o)
 .data          0x00112d1c        0x0 ../bsp//libucosii_bsp.a(alt_do_dtors.o)
 .data          0x00112d1c        0x0 ../bsp//libucosii_bsp.a(alt_find_dev.o)
 .data          0x00112d1c        0x0 ../bsp//libucosii_bsp.a(alt_icache_flush_all.o)
 .data          0x00112d1c        0x0 ../bsp//libucosii_bsp.a(alt_iic.o)
 .data          0x00112d1c        0x0 ../bsp//libucosii_bsp.a(alt_iic_isr_register.o)
 .data          0x00112d1c        0x0 ../bsp//libucosii_bsp.a(alt_io_redirect.o)
 .data          0x00112d1c        0x0 ../bsp//libucosii_bsp.a(alt_irq_entry.o)
 .data          0x00112d1c        0x0 ../bsp//libucosii_bsp.a(alt_irq_handler.o)
 .data          0x00112d1c        0x0 ../bsp//libucosii_bsp.a(alt_irq_vars.o)
 .data          0x00112d1c        0x0 ../bsp//libucosii_bsp.a(alt_open.o)
 .data          0x00112d1c        0x0 ../bsp//libucosii_bsp.a(alt_tick.o)
 .data          0x00112d1c        0x0 ../bsp//libucosii_bsp.a(altera_nios2_qsys_irq.o)
 .data          0x00112d1c        0x0 ../bsp//libucosii_bsp.a(os_cpu_a.o)
 .data          0x00112d1c        0x0 ../bsp//libucosii_bsp.a(os_cpu_c.o)
 .data          0x00112d1c        0x0 ../bsp//libucosii_bsp.a(alt_exception_entry.o)
 .data          0x00112d1c        0x0 ../bsp//libucosii_bsp.a(alt_find_file.o)
 .data          0x00112d1c        0x0 ../bsp//libucosii_bsp.a(alt_get_fd.o)
 .data          0x00112d1c        0x0 /opt/altera/13.0sp1/nios2eds/bin/gnu/H-i686-pc-linux-gnu/bin/../lib/gcc/nios2-elf/4.1.2/../../../../nios2-elf/lib/mno-hw-mul/libc.a(lib_a-atexit.o)
 .data          0x00112d1c        0x0 /opt/altera/13.0sp1/nios2eds/bin/gnu/H-i686-pc-linux-gnu/bin/../lib/gcc/nios2-elf/4.1.2/../../../../nios2-elf/lib/mno-hw-mul/libc.a(lib_a-exit.o)
 .data          0x00112d1c        0x0 /opt/altera/13.0sp1/nios2eds/bin/gnu/H-i686-pc-linux-gnu/bin/../lib/gcc/nios2-elf/4.1.2/../../../../nios2-elf/lib/mno-hw-mul/libc.a(lib_a-memcmp.o)
 .data          0x00112d1c        0x0 /opt/altera/13.0sp1/nios2eds/bin/gnu/H-i686-pc-linux-gnu/bin/../lib/gcc/nios2-elf/4.1.2/../../../../nios2-elf/lib/mno-hw-mul/libc.a(lib_a-__atexit.o)
 .data          0x00112d1c        0x0 /opt/altera/13.0sp1/nios2eds/bin/gnu/H-i686-pc-linux-gnu/bin/../lib/gcc/nios2-elf/4.1.2/../../../../nios2-elf/lib/mno-hw-mul/libc.a(lib_a-__call_atexit.o)
 .data          0x00112d1c        0x0 /opt/altera/13.0sp1/nios2eds/bin/gnu/H-i686-pc-linux-gnu/bin/../lib/gcc/nios2-elf/4.1.2/mno-hw-mul/libgcc.a(_fixunsdfsi.o)
 .data          0x00112d1c        0x0 ../bsp//libucosii_bsp.a(alt_exit.o)
                0x0011ad1c                _gp = ABSOLUTE ((. + 0x8000))
                0x0011ad1c                PROVIDE (gp, _gp)
 *(.rwdata .rwdata.*)
 *(.sdata .sdata.* .gnu.linkonce.s.*)
 .sdata         0x00112d1c        0x8 /opt/altera/13.0sp1/nios2eds/bin/gnu/H-i686-pc-linux-gnu/bin/../lib/gcc/nios2-elf/4.1.2/../../../../nios2-elf/lib/mno-hw-mul/libc.a(lib_a-impure.o)
                0x00112d1c                _impure_ptr
                0x00112d20                _global_impure_ptr
 .sdata         0x00112d24        0x8 /opt/altera/13.0sp1/nios2eds/bin/gnu/H-i686-pc-linux-gnu/bin/../lib/gcc/nios2-elf/4.1.2/../../../../nios2-elf/lib/mno-hw-mul/libc.a(lib_a-locale.o)
                0x00112d24                __mb_cur_max
 .sdata         0x00112d2c        0x8 /opt/altera/13.0sp1/nios2eds/bin/gnu/H-i686-pc-linux-gnu/bin/../lib/gcc/nios2-elf/4.1.2/../../../../nios2-elf/lib/mno-hw-mul/libc.a(lib_a-mallocr.o)
                0x00112d2c                __malloc_trim_threshold
                0x00112d30                __malloc_sbrk_base
 .sdata         0x00112d34       0x14 ../bsp//libucosii_bsp.a(alt_dev.o)
                0x00112d34                alt_fs_list
                0x00112d3c                alt_dev_list
                0x00112d44                alt_max_fd
 .sdata         0x00112d48        0x4 ../bsp//libucosii_bsp.a(alt_errno.o)
                0x00112d48                alt_errno
 .sdata         0x00112d4c        0x4 ../bsp//libucosii_bsp.a(alt_sbrk.o)
 .sdata         0x00112d50        0x4 ../bsp//libucosii_bsp.a(alt_env_lock.o)
 .sdata         0x00112d54        0x4 ../bsp//libucosii_bsp.a(alt_malloc_lock.o)
 .sdata         0x00112d58       0x74 ../bsp//libucosii_bsp.a(os_dbg.o)
                0x00112d58                OSDebugEn
                0x00112d5c                OSEndiannessTest
                0x00112d60                OSEventEn
                0x00112d62                OSEventMax
                0x00112d64                OSEventNameSize
                0x00112d66                OSEventSize
                0x00112d68                OSEventTblSize
                0x00112d6a                OSEventMultiEn
                0x00112d6c                OSFlagEn
                0x00112d6e                OSFlagGrpSize
                0x00112d70                OSFlagNodeSize
                0x00112d72                OSFlagWidth
                0x00112d74                OSFlagMax
                0x00112d76                OSFlagNameSize
                0x00112d78                OSLowestPrio
                0x00112d7a                OSMboxEn
                0x00112d7c                OSMemEn
                0x00112d7e                OSMemMax
                0x00112d80                OSMemNameSize
                0x00112d82                OSMemSize
                0x00112d84                OSMemTblSize
                0x00112d86                OSMutexEn
                0x00112d88                OSPtrSize
                0x00112d8a                OSQEn
                0x00112d8c                OSQMax
                0x00112d8e                OSQSize
                0x00112d90                OSRdyTblSize
                0x00112d92                OSSemEn
                0x00112d94                OSStkWidth
                0x00112d96                OSTaskCreateEn
                0x00112d98                OSTaskCreateExtEn
                0x00112d9a                OSTaskDelEn
                0x00112d9c                OSTaskIdleStkSize
                0x00112d9e                OSTaskProfileEn
                0x00112da0                OSTaskMax
                0x00112da2                OSTaskNameSize
                0x00112da4                OSTaskStatEn
                0x00112da6                OSTaskStatStkSize
                0x00112da8                OSTaskStatStkChkEn
                0x00112daa                OSTaskSwHookEn
                0x00112dac                OSTCBPrioTblMax
                0x00112dae                OSTCBSize
                0x00112db0                OSTicksPerSec
                0x00112db2                OSTimeTickHookEn
                0x00112db4                OSVersionNbr
                0x00112db6                OSTmrEn
                0x00112db8                OSTmrCfgMax
                0x00112dba                OSTmrCfgNameSize
                0x00112dbc                OSTmrCfgWheelSize
                0x00112dbe                OSTmrCfgTicksPerSec
                0x00112dc0                OSTmrSize
                0x00112dc2                OSTmrTblSize
                0x00112dc4                OSTmrWheelSize
                0x00112dc6                OSTmrWheelTblSize
                0x00112dc8                OSDataSize
 .sdata         0x00112dcc        0x4 ../bsp//libucosii_bsp.a(alt_irq_vars.o)
                0x00112dcc                alt_priority_mask
 .sdata         0x00112dd0        0x8 ../bsp//libucosii_bsp.a(alt_tick.o)
                0x00112dd0                alt_alarm_list
 *(.sdata2 .sdata2.* .gnu.linkonce.s2.*)
                0x00112dd8                . = ALIGN (0x4)
                0x00112dd8                _edata = ABSOLUTE (.)
                0x00112dd8                PROVIDE (edata, ABSOLUTE (.))
                0x00112dd8                PROVIDE (__ram_rwdata_end, ABSOLUTE (.))
                0x00112dd8                PROVIDE (__flash_rwdata_start, LOADADDR (.rwdata))

.bss            0x001148e8     0xa0ec
                0x001148e8                __bss_start = ABSOLUTE (.)
                0x001148e8                PROVIDE (__sbss_start, ABSOLUTE (.))
                0x001148e8                PROVIDE (___sbss_start, ABSOLUTE (.))
 *(.dynsbss)
 *(.sbss .sbss.* .gnu.linkonce.sb.*)
 .sbss          0x001148e8        0x4 obj/default/ShareMemory.o
                0x001148e8                sharedVariable
 .sbss          0x001148ec        0x8 obj/default/ShareMemory.o
                0x001148ec                sem1
                0x001148f0                sem0
 .sbss          0x001148f4        0xc /opt/altera/13.0sp1/nios2eds/bin/gnu/H-i686-pc-linux-gnu/bin/../lib/gcc/nios2-elf/4.1.2/../../../../nios2-elf/lib/mno-hw-mul/libc.a(lib_a-locale.o)
                0x001148f4                __nlocale_changed
                0x001148f8                __mlocale_changed
                0x001148fc                _PathLocale
 .sbss          0x00114900        0xc /opt/altera/13.0sp1/nios2eds/bin/gnu/H-i686-pc-linux-gnu/bin/../lib/gcc/nios2-elf/4.1.2/../../../../nios2-elf/lib/mno-hw-mul/libc.a(lib_a-mallocr.o)
                0x00114900                __malloc_top_pad
                0x00114904                __malloc_max_sbrked_mem
                0x00114908                __malloc_max_total_mem
 .sbss          0x0011490c        0x4 /opt/altera/13.0sp1/nios2eds/bin/gnu/H-i686-pc-linux-gnu/bin/../lib/gcc/nios2-elf/4.1.2/../../../../nios2-elf/lib/mno-hw-mul/libc.a(lib_a-int_errno.o)
                0x0011490c                errno
 .sbss          0x00114910        0x4 ../bsp//libucosii_bsp.a(alt_dev.o)
                0x00114910                alt_fd_list_lock
 .sbss          0x00114914        0xc ../bsp//libucosii_bsp.a(alt_main.o)
                0x00114914                alt_argc
                0x00114918                alt_argv
                0x0011491c                alt_envp
 .sbss          0x00114920        0x8 ../bsp//libucosii_bsp.a(alt_env_lock.o)
                0x00114924                alt_envsem
 .sbss          0x00114928        0x8 ../bsp//libucosii_bsp.a(alt_malloc_lock.o)
                0x0011492c                alt_heapsem
 .sbss          0x00114930       0x68 ../bsp//libucosii_bsp.a(os_core.o)
                0x00114930                OSTmrFreeList
                0x00114934                OSLockNesting
                0x00114938                OSTmrSemSignal
                0x0011493c                OSRunning
                0x00114940                OSIdleCtr
                0x00114944                OSTmrUsed
                0x00114946                OSPrioHighRdy
                0x00114947                OSPrioCur
                0x00114948                OSTCBList
                0x0011494c                OSTickStepState
                0x00114950                OSCtxSwCtr
                0x00114954                OSTmrFree
                0x00114958                OSIdleCtrMax
                0x0011495c                OSTCBFreeList
                0x00114960                OSCPUUsage
                0x00114961                OSTaskCtr
                0x00114964                OSMemFreeList
                0x00114968                OSTCBHighRdy
                0x0011496c                OSQFreeList
                0x00114970                OSRdyGrp
                0x00114971                OSRdyTbl
                0x00114974                OSEventFreeList
                0x00114978                OSIntNesting
                0x0011497c                OSTCBCur
                0x00114980                OSTmrTime
                0x00114984                OSTime
                0x00114988                OSTmrSem
                0x0011498c                OSFlagFreeList
                0x00114990                OSStatRdy
                0x00114994                OSIdleCtrRun
 .sbss          0x00114998        0x4 ../bsp//libucosii_bsp.a(alt_irq_vars.o)
                0x00114998                alt_irq_active
 .sbss          0x0011499c        0x8 ../bsp//libucosii_bsp.a(alt_tick.o)
                0x0011499c                _alt_tick_rate
                0x001149a0                _alt_nticks
 .sbss          0x001149a4        0x2 ../bsp//libucosii_bsp.a(os_cpu_c.o)
 *(.sbss2 .sbss2.* .gnu.linkonce.sb2.*)
 *(.scommon)
                0x001149a6                PROVIDE (__sbss_end, ABSOLUTE (.))
                0x001149a6                PROVIDE (___sbss_end, ABSOLUTE (.))
 *(.dynbss)
 *(.bss .bss.* .gnu.linkonce.b.*)
 .bss           0x001149a6        0x0 ../bsp//obj/HAL/src/crt0.o
 .bss           0x001149a6        0x0 obj/default/ShareMemory.o
 .bss           0x001149a6        0x0 /opt/altera/13.0sp1/nios2eds/bin/gnu/H-i686-pc-linux-gnu/bin/../lib/gcc/nios2-elf/4.1.2/../../../../nios2-elf/lib/mno-hw-mul/libc.a(lib_a-printf.o)
 .bss           0x001149a6        0x0 /opt/altera/13.0sp1/nios2eds/bin/gnu/H-i686-pc-linux-gnu/bin/../lib/gcc/nios2-elf/4.1.2/../../../../nios2-elf/lib/mno-hw-mul/libc.a(lib_a-puts.o)
 .bss           0x001149a6        0x0 /opt/altera/13.0sp1/nios2eds/bin/gnu/H-i686-pc-linux-gnu/bin/../lib/gcc/nios2-elf/4.1.2/../../../../nios2-elf/lib/mno-hw-mul/libc.a(lib_a-strlen.o)
 .bss           0x001149a6        0x0 /opt/altera/13.0sp1/nios2eds/bin/gnu/H-i686-pc-linux-gnu/bin/../lib/gcc/nios2-elf/4.1.2/../../../../nios2-elf/lib/mno-hw-mul/libc.a(lib_a-vfprintf.o)
 .bss           0x001149a6        0x0 /opt/altera/13.0sp1/nios2eds/bin/gnu/H-i686-pc-linux-gnu/bin/../lib/gcc/nios2-elf/4.1.2/../../../../nios2-elf/lib/mno-hw-mul/libc.a(lib_a-wsetup.o)
 .bss           0x001149a6        0x0 /opt/altera/13.0sp1/nios2eds/bin/gnu/H-i686-pc-linux-gnu/bin/../lib/gcc/nios2-elf/4.1.2/../../../../nios2-elf/lib/mno-hw-mul/libc.a(lib_a-dtoa.o)
 .bss           0x001149a6        0x0 /opt/altera/13.0sp1/nios2eds/bin/gnu/H-i686-pc-linux-gnu/bin/../lib/gcc/nios2-elf/4.1.2/../../../../nios2-elf/lib/mno-hw-mul/libc.a(lib_a-fflush.o)
 .bss           0x001149a6        0x0 /opt/altera/13.0sp1/nios2eds/bin/gnu/H-i686-pc-linux-gnu/bin/../lib/gcc/nios2-elf/4.1.2/../../../../nios2-elf/lib/mno-hw-mul/libc.a(lib_a-findfp.o)
 .bss           0x001149a6        0x0 /opt/altera/13.0sp1/nios2eds/bin/gnu/H-i686-pc-linux-gnu/bin/../lib/gcc/nios2-elf/4.1.2/../../../../nios2-elf/lib/mno-hw-mul/libc.a(lib_a-freer.o)
 .bss           0x001149a6        0x0 /opt/altera/13.0sp1/nios2eds/bin/gnu/H-i686-pc-linux-gnu/bin/../lib/gcc/nios2-elf/4.1.2/../../../../nios2-elf/lib/mno-hw-mul/libc.a(lib_a-fvwrite.o)
 .bss           0x001149a6        0x0 /opt/altera/13.0sp1/nios2eds/bin/gnu/H-i686-pc-linux-gnu/bin/../lib/gcc/nios2-elf/4.1.2/../../../../nios2-elf/lib/mno-hw-mul/libc.a(lib_a-fwalk.o)
 .bss           0x001149a6        0x0 /opt/altera/13.0sp1/nios2eds/bin/gnu/H-i686-pc-linux-gnu/bin/../lib/gcc/nios2-elf/4.1.2/../../../../nios2-elf/lib/mno-hw-mul/libc.a(lib_a-impure.o)
 .bss           0x001149a6        0x0 /opt/altera/13.0sp1/nios2eds/bin/gnu/H-i686-pc-linux-gnu/bin/../lib/gcc/nios2-elf/4.1.2/../../../../nios2-elf/lib/mno-hw-mul/libc.a(lib_a-locale.o)
 .bss           0x001149a6        0x0 /opt/altera/13.0sp1/nios2eds/bin/gnu/H-i686-pc-linux-gnu/bin/../lib/gcc/nios2-elf/4.1.2/../../../../nios2-elf/lib/mno-hw-mul/libc.a(lib_a-makebuf.o)
 *fill*         0x001149a6        0x2 00
 .bss           0x001149a8       0x28 /opt/altera/13.0sp1/nios2eds/bin/gnu/H-i686-pc-linux-gnu/bin/../lib/gcc/nios2-elf/4.1.2/../../../../nios2-elf/lib/mno-hw-mul/libc.a(lib_a-mallocr.o)
                0x001149a8                __malloc_current_mallinfo
 .bss           0x001149d0        0x0 /opt/altera/13.0sp1/nios2eds/bin/gnu/H-i686-pc-linux-gnu/bin/../lib/gcc/nios2-elf/4.1.2/../../../../nios2-elf/lib/mno-hw-mul/libc.a(lib_a-memchr.o)
 .bss           0x001149d0        0x0 /opt/altera/13.0sp1/nios2eds/bin/gnu/H-i686-pc-linux-gnu/bin/../lib/gcc/nios2-elf/4.1.2/../../../../nios2-elf/lib/mno-hw-mul/libc.a(lib_a-memcpy.o)
 .bss           0x001149d0        0x0 /opt/altera/13.0sp1/nios2eds/bin/gnu/H-i686-pc-linux-gnu/bin/../lib/gcc/nios2-elf/4.1.2/../../../../nios2-elf/lib/mno-hw-mul/libc.a(lib_a-memmove.o)
 .bss           0x001149d0        0x0 /opt/altera/13.0sp1/nios2eds/bin/gnu/H-i686-pc-linux-gnu/bin/../lib/gcc/nios2-elf/4.1.2/../../../../nios2-elf/lib/mno-hw-mul/libc.a(lib_a-memset.o)
 .bss           0x001149d0        0x0 /opt/altera/13.0sp1/nios2eds/bin/gnu/H-i686-pc-linux-gnu/bin/../lib/gcc/nios2-elf/4.1.2/../../../../nios2-elf/lib/mno-hw-mul/libc.a(lib_a-mprec.o)
 .bss           0x001149d0        0x0 /opt/altera/13.0sp1/nios2eds/bin/gnu/H-i686-pc-linux-gnu/bin/../lib/gcc/nios2-elf/4.1.2/../../../../nios2-elf/lib/mno-hw-mul/libc.a(lib_a-reallocr.o)
 .bss           0x001149d0        0x0 /opt/altera/13.0sp1/nios2eds/bin/gnu/H-i686-pc-linux-gnu/bin/../lib/gcc/nios2-elf/4.1.2/../../../../nios2-elf/lib/mno-hw-mul/libc.a(lib_a-s_isinfd.o)
 .bss           0x001149d0        0x0 /opt/altera/13.0sp1/nios2eds/bin/gnu/H-i686-pc-linux-gnu/bin/../lib/gcc/nios2-elf/4.1.2/../../../../nios2-elf/lib/mno-hw-mul/libc.a(lib_a-s_isnand.o)
 .bss           0x001149d0        0x0 /opt/altera/13.0sp1/nios2eds/bin/gnu/H-i686-pc-linux-gnu/bin/../lib/gcc/nios2-elf/4.1.2/../../../../nios2-elf/lib/mno-hw-mul/libc.a(lib_a-sbrkr.o)
 .bss           0x001149d0        0x0 /opt/altera/13.0sp1/nios2eds/bin/gnu/H-i686-pc-linux-gnu/bin/../lib/gcc/nios2-elf/4.1.2/../../../../nios2-elf/lib/mno-hw-mul/libc.a(lib_a-stdio.o)
 .bss           0x001149d0        0x0 /opt/altera/13.0sp1/nios2eds/bin/gnu/H-i686-pc-linux-gnu/bin/../lib/gcc/nios2-elf/4.1.2/../../../../nios2-elf/lib/mno-hw-mul/libc.a(lib_a-strcmp.o)
 .bss           0x001149d0        0x0 /opt/altera/13.0sp1/nios2eds/bin/gnu/H-i686-pc-linux-gnu/bin/../lib/gcc/nios2-elf/4.1.2/../../../../nios2-elf/lib/mno-hw-mul/libc.a(lib_a-writer.o)
 .bss           0x001149d0        0x0 /opt/altera/13.0sp1/nios2eds/bin/gnu/H-i686-pc-linux-gnu/bin/../lib/gcc/nios2-elf/4.1.2/../../../../nios2-elf/lib/mno-hw-mul/libc.a(lib_a-callocr.o)
 .bss           0x001149d0        0x0 /opt/altera/13.0sp1/nios2eds/bin/gnu/H-i686-pc-linux-gnu/bin/../lib/gcc/nios2-elf/4.1.2/../../../../nios2-elf/lib/mno-hw-mul/libc.a(lib_a-closer.o)
 .bss           0x001149d0        0x0 /opt/altera/13.0sp1/nios2eds/bin/gnu/H-i686-pc-linux-gnu/bin/../lib/gcc/nios2-elf/4.1.2/../../../../nios2-elf/lib/mno-hw-mul/libc.a(lib_a-fclose.o)
 .bss           0x001149d0        0x0 /opt/altera/13.0sp1/nios2eds/bin/gnu/H-i686-pc-linux-gnu/bin/../lib/gcc/nios2-elf/4.1.2/../../../../nios2-elf/lib/mno-hw-mul/libc.a(lib_a-fstatr.o)
 .bss           0x001149d0        0x0 /opt/altera/13.0sp1/nios2eds/bin/gnu/H-i686-pc-linux-gnu/bin/../lib/gcc/nios2-elf/4.1.2/../../../../nios2-elf/lib/mno-hw-mul/libc.a(lib_a-int_errno.o)
 .bss           0x001149d0        0x0 /opt/altera/13.0sp1/nios2eds/bin/gnu/H-i686-pc-linux-gnu/bin/../lib/gcc/nios2-elf/4.1.2/../../../../nios2-elf/lib/mno-hw-mul/libc.a(lib_a-isattyr.o)
 .bss           0x001149d0        0x0 /opt/altera/13.0sp1/nios2eds/bin/gnu/H-i686-pc-linux-gnu/bin/../lib/gcc/nios2-elf/4.1.2/../../../../nios2-elf/lib/mno-hw-mul/libc.a(lib_a-lseekr.o)
 .bss           0x001149d0        0x0 /opt/altera/13.0sp1/nios2eds/bin/gnu/H-i686-pc-linux-gnu/bin/../lib/gcc/nios2-elf/4.1.2/../../../../nios2-elf/lib/mno-hw-mul/libc.a(lib_a-readr.o)
 .bss           0x001149d0        0x0 /opt/altera/13.0sp1/nios2eds/bin/gnu/H-i686-pc-linux-gnu/bin/../lib/gcc/nios2-elf/4.1.2/mno-hw-mul/libgcc.a(_udivdi3.o)
 .bss           0x001149d0        0x0 /opt/altera/13.0sp1/nios2eds/bin/gnu/H-i686-pc-linux-gnu/bin/../lib/gcc/nios2-elf/4.1.2/mno-hw-mul/libgcc.a(_umoddi3.o)
 .bss           0x001149d0        0x0 /opt/altera/13.0sp1/nios2eds/bin/gnu/H-i686-pc-linux-gnu/bin/../lib/gcc/nios2-elf/4.1.2/mno-hw-mul/libgcc.a(_addsub_df.o)
 .bss           0x001149d0        0x0 /opt/altera/13.0sp1/nios2eds/bin/gnu/H-i686-pc-linux-gnu/bin/../lib/gcc/nios2-elf/4.1.2/mno-hw-mul/libgcc.a(_mul_df.o)
 .bss           0x001149d0        0x0 /opt/altera/13.0sp1/nios2eds/bin/gnu/H-i686-pc-linux-gnu/bin/../lib/gcc/nios2-elf/4.1.2/mno-hw-mul/libgcc.a(_div_df.o)
 .bss           0x001149d0        0x0 /opt/altera/13.0sp1/nios2eds/bin/gnu/H-i686-pc-linux-gnu/bin/../lib/gcc/nios2-elf/4.1.2/mno-hw-mul/libgcc.a(_eq_df.o)
 .bss           0x001149d0        0x0 /opt/altera/13.0sp1/nios2eds/bin/gnu/H-i686-pc-linux-gnu/bin/../lib/gcc/nios2-elf/4.1.2/mno-hw-mul/libgcc.a(_ne_df.o)
 .bss           0x001149d0        0x0 /opt/altera/13.0sp1/nios2eds/bin/gnu/H-i686-pc-linux-gnu/bin/../lib/gcc/nios2-elf/4.1.2/mno-hw-mul/libgcc.a(_gt_df.o)
 .bss           0x001149d0        0x0 /opt/altera/13.0sp1/nios2eds/bin/gnu/H-i686-pc-linux-gnu/bin/../lib/gcc/nios2-elf/4.1.2/mno-hw-mul/libgcc.a(_ge_df.o)
 .bss           0x001149d0        0x0 /opt/altera/13.0sp1/nios2eds/bin/gnu/H-i686-pc-linux-gnu/bin/../lib/gcc/nios2-elf/4.1.2/mno-hw-mul/libgcc.a(_lt_df.o)
 .bss           0x001149d0        0x0 /opt/altera/13.0sp1/nios2eds/bin/gnu/H-i686-pc-linux-gnu/bin/../lib/gcc/nios2-elf/4.1.2/mno-hw-mul/libgcc.a(_si_to_df.o)
 .bss           0x001149d0        0x0 /opt/altera/13.0sp1/nios2eds/bin/gnu/H-i686-pc-linux-gnu/bin/../lib/gcc/nios2-elf/4.1.2/mno-hw-mul/libgcc.a(_df_to_si.o)
 .bss           0x001149d0        0x0 /opt/altera/13.0sp1/nios2eds/bin/gnu/H-i686-pc-linux-gnu/bin/../lib/gcc/nios2-elf/4.1.2/mno-hw-mul/libgcc.a(_thenan_df.o)
 .bss           0x001149d0        0x0 /opt/altera/13.0sp1/nios2eds/bin/gnu/H-i686-pc-linux-gnu/bin/../lib/gcc/nios2-elf/4.1.2/mno-hw-mul/libgcc.a(_usi_to_df.o)
 .bss           0x001149d0        0x0 /opt/altera/13.0sp1/nios2eds/bin/gnu/H-i686-pc-linux-gnu/bin/../lib/gcc/nios2-elf/4.1.2/mno-hw-mul/libgcc.a(lib2-divmod.o)
 .bss           0x001149d0        0x0 /opt/altera/13.0sp1/nios2eds/bin/gnu/H-i686-pc-linux-gnu/bin/../lib/gcc/nios2-elf/4.1.2/mno-hw-mul/libgcc.a(lib2-mul.o)
 .bss           0x001149d0        0x0 /opt/altera/13.0sp1/nios2eds/bin/gnu/H-i686-pc-linux-gnu/bin/../lib/gcc/nios2-elf/4.1.2/mno-hw-mul/libgcc.a(_muldi3.o)
 .bss           0x001149d0        0x0 /opt/altera/13.0sp1/nios2eds/bin/gnu/H-i686-pc-linux-gnu/bin/../lib/gcc/nios2-elf/4.1.2/mno-hw-mul/libgcc.a(_clz.o)
 .bss           0x001149d0        0x0 /opt/altera/13.0sp1/nios2eds/bin/gnu/H-i686-pc-linux-gnu/bin/../lib/gcc/nios2-elf/4.1.2/mno-hw-mul/libgcc.a(_clzsi2.o)
 .bss           0x001149d0        0x0 /opt/altera/13.0sp1/nios2eds/bin/gnu/H-i686-pc-linux-gnu/bin/../lib/gcc/nios2-elf/4.1.2/mno-hw-mul/libgcc.a(_pack_df.o)
 .bss           0x001149d0        0x0 /opt/altera/13.0sp1/nios2eds/bin/gnu/H-i686-pc-linux-gnu/bin/../lib/gcc/nios2-elf/4.1.2/mno-hw-mul/libgcc.a(_unpack_df.o)
 .bss           0x001149d0        0x0 /opt/altera/13.0sp1/nios2eds/bin/gnu/H-i686-pc-linux-gnu/bin/../lib/gcc/nios2-elf/4.1.2/mno-hw-mul/libgcc.a(_fpcmp_parts_df.o)
 .bss           0x001149d0        0x0 ../bsp//libucosii_bsp.a(alt_close.o)
 .bss           0x001149d0        0x0 ../bsp//libucosii_bsp.a(alt_dev.o)
 .bss           0x001149d0        0x0 ../bsp//libucosii_bsp.a(alt_errno.o)
 .bss           0x001149d0        0x0 ../bsp//libucosii_bsp.a(alt_fstat.o)
 .bss           0x001149d0        0x0 ../bsp//libucosii_bsp.a(alt_isatty.o)
 .bss           0x001149d0        0x0 ../bsp//libucosii_bsp.a(alt_load.o)
 .bss           0x001149d0        0x0 ../bsp//libucosii_bsp.a(alt_lseek.o)
 .bss           0x001149d0        0x0 ../bsp//libucosii_bsp.a(alt_main.o)
 .bss           0x001149d0        0x0 ../bsp//libucosii_bsp.a(alt_read.o)
 .bss           0x001149d0        0x0 ../bsp//libucosii_bsp.a(alt_release_fd.o)
 .bss           0x001149d0        0x0 ../bsp//libucosii_bsp.a(alt_sbrk.o)
 .bss           0x001149d0        0x0 ../bsp//libucosii_bsp.a(alt_write.o)
 .bss           0x001149d0        0x0 ../bsp//libucosii_bsp.a(alt_env_lock.o)
 .bss           0x001149d0        0x0 ../bsp//libucosii_bsp.a(alt_malloc_lock.o)
 .bss           0x001149d0        0x0 ../bsp//libucosii_bsp.a(os_core.o)
 .bss           0x001149d0        0x0 ../bsp//libucosii_bsp.a(os_dbg.o)
 .bss           0x001149d0        0x0 ../bsp//libucosii_bsp.a(os_flag.o)
 .bss           0x001149d0        0x0 ../bsp//libucosii_bsp.a(os_mem.o)
 .bss           0x001149d0        0x0 ../bsp//libucosii_bsp.a(os_q.o)
 .bss           0x001149d0        0x0 ../bsp//libucosii_bsp.a(os_sem.o)
 .bss           0x001149d0        0x0 ../bsp//libucosii_bsp.a(os_task.o)
 .bss           0x001149d0        0x0 ../bsp//libucosii_bsp.a(os_time.o)
 .bss           0x001149d0        0x0 ../bsp//libucosii_bsp.a(os_tmr.o)
 .bss           0x001149d0        0x0 ../bsp//libucosii_bsp.a(alt_sys_init.o)
 .bss           0x001149d0        0x0 ../bsp//libucosii_bsp.a(altera_avalon_jtag_uart_fd.o)
 .bss           0x001149d0        0x0 ../bsp//libucosii_bsp.a(altera_avalon_jtag_uart_init.o)
 .bss           0x001149d0        0x0 ../bsp//libucosii_bsp.a(altera_avalon_jtag_uart_ioctl.o)
 .bss           0x001149d0        0x0 ../bsp//libucosii_bsp.a(altera_avalon_jtag_uart_read.o)
 .bss           0x001149d0        0x0 ../bsp//libucosii_bsp.a(altera_avalon_jtag_uart_write.o)
 .bss           0x001149d0        0x0 ../bsp//libucosii_bsp.a(altera_avalon_timer_sc.o)
 .bss           0x001149d0        0x0 ../bsp//libucosii_bsp.a(altera_up_avalon_character_lcd.o)
 .bss           0x001149d0        0x0 ../bsp//libucosii_bsp.a(alt_alarm_start.o)
 .bss           0x001149d0        0x0 ../bsp//libucosii_bsp.a(alt_dcache_flush_all.o)
 .bss           0x001149d0        0x0 ../bsp//libucosii_bsp.a(alt_dev_llist_insert.o)
 .bss           0x001149d0        0x0 ../bsp//libucosii_bsp.a(alt_do_ctors.o)
 .bss           0x001149d0        0x0 ../bsp//libucosii_bsp.a(alt_do_dtors.o)
 .bss           0x001149d0        0x0 ../bsp//libucosii_bsp.a(alt_find_dev.o)
 .bss           0x001149d0        0x0 ../bsp//libucosii_bsp.a(alt_icache_flush_all.o)
 .bss           0x001149d0        0x0 ../bsp//libucosii_bsp.a(alt_iic.o)
 .bss           0x001149d0        0x0 ../bsp//libucosii_bsp.a(alt_iic_isr_register.o)
 .bss           0x001149d0        0x0 ../bsp//libucosii_bsp.a(alt_io_redirect.o)
 .bss           0x001149d0        0x0 ../bsp//libucosii_bsp.a(alt_irq_entry.o)
 .bss           0x001149d0        0x0 ../bsp//libucosii_bsp.a(alt_irq_handler.o)
 .bss           0x001149d0        0x0 ../bsp//libucosii_bsp.a(alt_irq_vars.o)
 .bss           0x001149d0        0x0 ../bsp//libucosii_bsp.a(alt_open.o)
 .bss           0x001149d0        0x0 ../bsp//libucosii_bsp.a(alt_tick.o)
 .bss           0x001149d0        0x0 ../bsp//libucosii_bsp.a(altera_nios2_qsys_irq.o)
 .bss           0x001149d0        0x0 ../bsp//libucosii_bsp.a(os_cpu_a.o)
 .bss           0x001149d0        0x0 ../bsp//libucosii_bsp.a(os_cpu_c.o)
 .bss           0x001149d0        0x0 ../bsp//libucosii_bsp.a(alt_exception_entry.o)
 .bss           0x001149d0        0x0 ../bsp//libucosii_bsp.a(alt_find_file.o)
 .bss           0x001149d0        0x0 ../bsp//libucosii_bsp.a(alt_get_fd.o)
 .bss           0x001149d0        0x0 /opt/altera/13.0sp1/nios2eds/bin/gnu/H-i686-pc-linux-gnu/bin/../lib/gcc/nios2-elf/4.1.2/../../../../nios2-elf/lib/mno-hw-mul/libc.a(lib_a-atexit.o)
 .bss           0x001149d0        0x0 /opt/altera/13.0sp1/nios2eds/bin/gnu/H-i686-pc-linux-gnu/bin/../lib/gcc/nios2-elf/4.1.2/../../../../nios2-elf/lib/mno-hw-mul/libc.a(lib_a-exit.o)
 .bss           0x001149d0        0x0 /opt/altera/13.0sp1/nios2eds/bin/gnu/H-i686-pc-linux-gnu/bin/../lib/gcc/nios2-elf/4.1.2/../../../../nios2-elf/lib/mno-hw-mul/libc.a(lib_a-memcmp.o)
 .bss           0x001149d0        0x0 /opt/altera/13.0sp1/nios2eds/bin/gnu/H-i686-pc-linux-gnu/bin/../lib/gcc/nios2-elf/4.1.2/../../../../nios2-elf/lib/mno-hw-mul/libc.a(lib_a-__atexit.o)
 .bss           0x001149d0        0x0 /opt/altera/13.0sp1/nios2eds/bin/gnu/H-i686-pc-linux-gnu/bin/../lib/gcc/nios2-elf/4.1.2/../../../../nios2-elf/lib/mno-hw-mul/libc.a(lib_a-__call_atexit.o)
 .bss           0x001149d0        0x0 /opt/altera/13.0sp1/nios2eds/bin/gnu/H-i686-pc-linux-gnu/bin/../lib/gcc/nios2-elf/4.1.2/mno-hw-mul/libgcc.a(_fixunsdfsi.o)
 .bss           0x001149d0        0x0 ../bsp//libucosii_bsp.a(alt_exit.o)
 *(COMMON)
 COMMON         0x001149d0     0x6000 obj/default/ShareMemory.o
                0x001149d0                task1_stk
                0x001169d0                stat_stk
                0x001189d0                task2_stk
 COMMON         0x0011a9d0     0x3d74 ../bsp//libucosii_bsp.a(os_core.o)
                0x0011a9d0                OSTmrWheelTbl
                0x0011a9e0                OSFlagTbl
                0x0011ad50                OSTmrTbl
                0x0011b090                OSMemTbl
                0x0011bcc0                OSTaskStatStk
                0x0011c4c0                OSQTbl
                0x0011c6a0                OSTmrTaskStk
                0x0011cea0                OSTaskIdleStk
                0x0011d6a0                OSEventTbl
                0x0011e1e0                OSTCBTbl
                0x0011e6f0                OSTCBPrioTbl
 COMMON         0x0011e744      0x100 ../bsp//libucosii_bsp.a(alt_irq_handler.o)
                0x0011e744                alt_irq
 COMMON         0x0011e844      0x190 /opt/altera/13.0sp1/nios2eds/bin/gnu/H-i686-pc-linux-gnu/bin/../lib/gcc/nios2-elf/4.1.2/../../../../nios2-elf/lib/mno-hw-mul/libc.a(lib_a-atexit.o)
                0x0011e844                _atexit0
                0x0011e9d4                . = ALIGN (0x4)
                0x0011e9d4                __bss_end = ABSOLUTE (.)

.onchip_memory  0x00000000        0x0 load address 0x0011e9d4
                0x00000000                PROVIDE (_alt_partition_onchip_memory_start, ABSOLUTE (.))
 *(.onchip_memory. onchip_memory.*)
                0x00000000                . = ALIGN (0x4)
                0x00000000                PROVIDE (_alt_partition_onchip_memory_end, ABSOLUTE (.))
                0x0011e9d4                PROVIDE (_alt_partition_onchip_memory_load_addr, LOADADDR (.onchip_memory))

.sram           0x0011e9d4        0x0
                0x0011e9d4                PROVIDE (_alt_partition_sram_start, ABSOLUTE (.))
 *(.sram. sram.*)
                0x0011e9d4                . = ALIGN (0x4)
                0x0011e9d4                PROVIDE (_alt_partition_sram_end, ABSOLUTE (.))
                0x0011e9d4                _end = ABSOLUTE (.)
                0x0011e9d4                end = ABSOLUTE (.)
                0x0011e9d4                __alt_stack_base = ABSOLUTE (.)
                0x0011e9d4                PROVIDE (_alt_partition_sram_load_addr, LOADADDR (.sram))

.sdram          0x01000144        0x0 load address 0x0011e9d4
                0x01000144                PROVIDE (_alt_partition_sdram_start, ABSOLUTE (.))
 *(.sdram. sdram.*)
                0x01000144                . = ALIGN (0x4)
                0x01000144                PROVIDE (_alt_partition_sdram_end, ABSOLUTE (.))
                0x0011e9d4                PROVIDE (_alt_partition_sdram_load_addr, LOADADDR (.sdram))

.stab
 *(.stab)

.stabstr
 *(.stabstr)

.stab.excl
 *(.stab.excl)

.stab.exclstr
 *(.stab.exclstr)

.stab.index
 *(.stab.index)

.stab.indexstr
 *(.stab.indexstr)

.comment        0x00000000       0x26
 *(.comment)
 .comment       0x00000000       0x26 obj/default/ShareMemory.o
                                 0x27 (size before relaxing)
 .comment       0x00000000       0x27 /opt/altera/13.0sp1/nios2eds/bin/gnu/H-i686-pc-linux-gnu/bin/../lib/gcc/nios2-elf/4.1.2/../../../../nios2-elf/lib/mno-hw-mul/libc.a(lib_a-printf.o)
 .comment       0x00000000       0x27 /opt/altera/13.0sp1/nios2eds/bin/gnu/H-i686-pc-linux-gnu/bin/../lib/gcc/nios2-elf/4.1.2/../../../../nios2-elf/lib/mno-hw-mul/libc.a(lib_a-puts.o)
 .comment       0x00000000       0x27 /opt/altera/13.0sp1/nios2eds/bin/gnu/H-i686-pc-linux-gnu/bin/../lib/gcc/nios2-elf/4.1.2/../../../../nios2-elf/lib/mno-hw-mul/libc.a(lib_a-strlen.o)
 .comment       0x00000000       0x27 /opt/altera/13.0sp1/nios2eds/bin/gnu/H-i686-pc-linux-gnu/bin/../lib/gcc/nios2-elf/4.1.2/../../../../nios2-elf/lib/mno-hw-mul/libc.a(lib_a-vfprintf.o)
 .comment       0x00000000       0x27 /opt/altera/13.0sp1/nios2eds/bin/gnu/H-i686-pc-linux-gnu/bin/../lib/gcc/nios2-elf/4.1.2/../../../../nios2-elf/lib/mno-hw-mul/libc.a(lib_a-wsetup.o)
 .comment       0x00000000       0x27 /opt/altera/13.0sp1/nios2eds/bin/gnu/H-i686-pc-linux-gnu/bin/../lib/gcc/nios2-elf/4.1.2/../../../../nios2-elf/lib/mno-hw-mul/libc.a(lib_a-dtoa.o)
 .comment       0x00000000       0x27 /opt/altera/13.0sp1/nios2eds/bin/gnu/H-i686-pc-linux-gnu/bin/../lib/gcc/nios2-elf/4.1.2/../../../../nios2-elf/lib/mno-hw-mul/libc.a(lib_a-fflush.o)
 .comment       0x00000000       0x27 /opt/altera/13.0sp1/nios2eds/bin/gnu/H-i686-pc-linux-gnu/bin/../lib/gcc/nios2-elf/4.1.2/../../../../nios2-elf/lib/mno-hw-mul/libc.a(lib_a-findfp.o)
 .comment       0x00000000       0x27 /opt/altera/13.0sp1/nios2eds/bin/gnu/H-i686-pc-linux-gnu/bin/../lib/gcc/nios2-elf/4.1.2/../../../../nios2-elf/lib/mno-hw-mul/libc.a(lib_a-freer.o)
 .comment       0x00000000       0x27 /opt/altera/13.0sp1/nios2eds/bin/gnu/H-i686-pc-linux-gnu/bin/../lib/gcc/nios2-elf/4.1.2/../../../../nios2-elf/lib/mno-hw-mul/libc.a(lib_a-fvwrite.o)
 .comment       0x00000000       0x27 /opt/altera/13.0sp1/nios2eds/bin/gnu/H-i686-pc-linux-gnu/bin/../lib/gcc/nios2-elf/4.1.2/../../../../nios2-elf/lib/mno-hw-mul/libc.a(lib_a-fwalk.o)
 .comment       0x00000000       0x27 /opt/altera/13.0sp1/nios2eds/bin/gnu/H-i686-pc-linux-gnu/bin/../lib/gcc/nios2-elf/4.1.2/../../../../nios2-elf/lib/mno-hw-mul/libc.a(lib_a-impure.o)
 .comment       0x00000000       0x27 /opt/altera/13.0sp1/nios2eds/bin/gnu/H-i686-pc-linux-gnu/bin/../lib/gcc/nios2-elf/4.1.2/../../../../nios2-elf/lib/mno-hw-mul/libc.a(lib_a-locale.o)
 .comment       0x00000000       0x27 /opt/altera/13.0sp1/nios2eds/bin/gnu/H-i686-pc-linux-gnu/bin/../lib/gcc/nios2-elf/4.1.2/../../../../nios2-elf/lib/mno-hw-mul/libc.a(lib_a-makebuf.o)
 .comment       0x00000000       0x27 /opt/altera/13.0sp1/nios2eds/bin/gnu/H-i686-pc-linux-gnu/bin/../lib/gcc/nios2-elf/4.1.2/../../../../nios2-elf/lib/mno-hw-mul/libc.a(lib_a-mallocr.o)
 .comment       0x00000000       0x27 /opt/altera/13.0sp1/nios2eds/bin/gnu/H-i686-pc-linux-gnu/bin/../lib/gcc/nios2-elf/4.1.2/../../../../nios2-elf/lib/mno-hw-mul/libc.a(lib_a-memchr.o)
 .comment       0x00000000       0x27 /opt/altera/13.0sp1/nios2eds/bin/gnu/H-i686-pc-linux-gnu/bin/../lib/gcc/nios2-elf/4.1.2/../../../../nios2-elf/lib/mno-hw-mul/libc.a(lib_a-memcpy.o)
 .comment       0x00000000       0x27 /opt/altera/13.0sp1/nios2eds/bin/gnu/H-i686-pc-linux-gnu/bin/../lib/gcc/nios2-elf/4.1.2/../../../../nios2-elf/lib/mno-hw-mul/libc.a(lib_a-memmove.o)
 .comment       0x00000000       0x27 /opt/altera/13.0sp1/nios2eds/bin/gnu/H-i686-pc-linux-gnu/bin/../lib/gcc/nios2-elf/4.1.2/../../../../nios2-elf/lib/mno-hw-mul/libc.a(lib_a-memset.o)
 .comment       0x00000000       0x27 /opt/altera/13.0sp1/nios2eds/bin/gnu/H-i686-pc-linux-gnu/bin/../lib/gcc/nios2-elf/4.1.2/../../../../nios2-elf/lib/mno-hw-mul/libc.a(lib_a-mprec.o)
 .comment       0x00000000       0x27 /opt/altera/13.0sp1/nios2eds/bin/gnu/H-i686-pc-linux-gnu/bin/../lib/gcc/nios2-elf/4.1.2/../../../../nios2-elf/lib/mno-hw-mul/libc.a(lib_a-reallocr.o)
 .comment       0x00000000       0x27 /opt/altera/13.0sp1/nios2eds/bin/gnu/H-i686-pc-linux-gnu/bin/../lib/gcc/nios2-elf/4.1.2/../../../../nios2-elf/lib/mno-hw-mul/libc.a(lib_a-s_isinfd.o)
 .comment       0x00000000       0x27 /opt/altera/13.0sp1/nios2eds/bin/gnu/H-i686-pc-linux-gnu/bin/../lib/gcc/nios2-elf/4.1.2/../../../../nios2-elf/lib/mno-hw-mul/libc.a(lib_a-s_isnand.o)
 .comment       0x00000000       0x27 /opt/altera/13.0sp1/nios2eds/bin/gnu/H-i686-pc-linux-gnu/bin/../lib/gcc/nios2-elf/4.1.2/../../../../nios2-elf/lib/mno-hw-mul/libc.a(lib_a-sbrkr.o)
 .comment       0x00000000       0x27 /opt/altera/13.0sp1/nios2eds/bin/gnu/H-i686-pc-linux-gnu/bin/../lib/gcc/nios2-elf/4.1.2/../../../../nios2-elf/lib/mno-hw-mul/libc.a(lib_a-stdio.o)
 .comment       0x00000000       0x27 /opt/altera/13.0sp1/nios2eds/bin/gnu/H-i686-pc-linux-gnu/bin/../lib/gcc/nios2-elf/4.1.2/../../../../nios2-elf/lib/mno-hw-mul/libc.a(lib_a-strcmp.o)
 .comment       0x00000000       0x27 /opt/altera/13.0sp1/nios2eds/bin/gnu/H-i686-pc-linux-gnu/bin/../lib/gcc/nios2-elf/4.1.2/../../../../nios2-elf/lib/mno-hw-mul/libc.a(lib_a-writer.o)
 .comment       0x00000000       0x27 /opt/altera/13.0sp1/nios2eds/bin/gnu/H-i686-pc-linux-gnu/bin/../lib/gcc/nios2-elf/4.1.2/../../../../nios2-elf/lib/mno-hw-mul/libc.a(lib_a-callocr.o)
 .comment       0x00000000       0x27 /opt/altera/13.0sp1/nios2eds/bin/gnu/H-i686-pc-linux-gnu/bin/../lib/gcc/nios2-elf/4.1.2/../../../../nios2-elf/lib/mno-hw-mul/libc.a(lib_a-closer.o)
 .comment       0x00000000       0x27 /opt/altera/13.0sp1/nios2eds/bin/gnu/H-i686-pc-linux-gnu/bin/../lib/gcc/nios2-elf/4.1.2/../../../../nios2-elf/lib/mno-hw-mul/libc.a(lib_a-fclose.o)
 .comment       0x00000000       0x27 /opt/altera/13.0sp1/nios2eds/bin/gnu/H-i686-pc-linux-gnu/bin/../lib/gcc/nios2-elf/4.1.2/../../../../nios2-elf/lib/mno-hw-mul/libc.a(lib_a-fstatr.o)
 .comment       0x00000000       0x27 /opt/altera/13.0sp1/nios2eds/bin/gnu/H-i686-pc-linux-gnu/bin/../lib/gcc/nios2-elf/4.1.2/../../../../nios2-elf/lib/mno-hw-mul/libc.a(lib_a-int_errno.o)
 .comment       0x00000000       0x27 /opt/altera/13.0sp1/nios2eds/bin/gnu/H-i686-pc-linux-gnu/bin/../lib/gcc/nios2-elf/4.1.2/../../../../nios2-elf/lib/mno-hw-mul/libc.a(lib_a-isattyr.o)
 .comment       0x00000000       0x27 /opt/altera/13.0sp1/nios2eds/bin/gnu/H-i686-pc-linux-gnu/bin/../lib/gcc/nios2-elf/4.1.2/../../../../nios2-elf/lib/mno-hw-mul/libc.a(lib_a-lseekr.o)
 .comment       0x00000000       0x27 /opt/altera/13.0sp1/nios2eds/bin/gnu/H-i686-pc-linux-gnu/bin/../lib/gcc/nios2-elf/4.1.2/../../../../nios2-elf/lib/mno-hw-mul/libc.a(lib_a-readr.o)
 .comment       0x00000000       0x27 /opt/altera/13.0sp1/nios2eds/bin/gnu/H-i686-pc-linux-gnu/bin/../lib/gcc/nios2-elf/4.1.2/mno-hw-mul/libgcc.a(_udivdi3.o)
 .comment       0x00000000       0x27 /opt/altera/13.0sp1/nios2eds/bin/gnu/H-i686-pc-linux-gnu/bin/../lib/gcc/nios2-elf/4.1.2/mno-hw-mul/libgcc.a(_umoddi3.o)
 .comment       0x00000000       0x27 /opt/altera/13.0sp1/nios2eds/bin/gnu/H-i686-pc-linux-gnu/bin/../lib/gcc/nios2-elf/4.1.2/mno-hw-mul/libgcc.a(_addsub_df.o)
 .comment       0x00000000       0x27 /opt/altera/13.0sp1/nios2eds/bin/gnu/H-i686-pc-linux-gnu/bin/../lib/gcc/nios2-elf/4.1.2/mno-hw-mul/libgcc.a(_mul_df.o)
 .comment       0x00000000       0x27 /opt/altera/13.0sp1/nios2eds/bin/gnu/H-i686-pc-linux-gnu/bin/../lib/gcc/nios2-elf/4.1.2/mno-hw-mul/libgcc.a(_div_df.o)
 .comment       0x00000000       0x27 /opt/altera/13.0sp1/nios2eds/bin/gnu/H-i686-pc-linux-gnu/bin/../lib/gcc/nios2-elf/4.1.2/mno-hw-mul/libgcc.a(_eq_df.o)
 .comment       0x00000000       0x27 /opt/altera/13.0sp1/nios2eds/bin/gnu/H-i686-pc-linux-gnu/bin/../lib/gcc/nios2-elf/4.1.2/mno-hw-mul/libgcc.a(_ne_df.o)
 .comment       0x00000000       0x27 /opt/altera/13.0sp1/nios2eds/bin/gnu/H-i686-pc-linux-gnu/bin/../lib/gcc/nios2-elf/4.1.2/mno-hw-mul/libgcc.a(_gt_df.o)
 .comment       0x00000000       0x27 /opt/altera/13.0sp1/nios2eds/bin/gnu/H-i686-pc-linux-gnu/bin/../lib/gcc/nios2-elf/4.1.2/mno-hw-mul/libgcc.a(_ge_df.o)
 .comment       0x00000000       0x27 /opt/altera/13.0sp1/nios2eds/bin/gnu/H-i686-pc-linux-gnu/bin/../lib/gcc/nios2-elf/4.1.2/mno-hw-mul/libgcc.a(_lt_df.o)
 .comment       0x00000000       0x27 /opt/altera/13.0sp1/nios2eds/bin/gnu/H-i686-pc-linux-gnu/bin/../lib/gcc/nios2-elf/4.1.2/mno-hw-mul/libgcc.a(_si_to_df.o)
 .comment       0x00000000       0x27 /opt/altera/13.0sp1/nios2eds/bin/gnu/H-i686-pc-linux-gnu/bin/../lib/gcc/nios2-elf/4.1.2/mno-hw-mul/libgcc.a(_df_to_si.o)