Archive member included because of file (symbol)

/opt/altera/13.0sp1/nios2eds/bin/gnu/H-i686-pc-linux-gnu/bin/../lib/gcc/nios2-elf/4.1.2/mno-hw-mul/libgcc.a(_addsub_df.o)
                              obj/default/cruise_mathew.o (__adddf3)
/opt/altera/13.0sp1/nios2eds/bin/gnu/H-i686-pc-linux-gnu/bin/../lib/gcc/nios2-elf/4.1.2/mno-hw-mul/libgcc.a(_div_df.o)
                              obj/default/cruise_mathew.o (__divdf3)
/opt/altera/13.0sp1/nios2eds/bin/gnu/H-i686-pc-linux-gnu/bin/../lib/gcc/nios2-elf/4.1.2/mno-hw-mul/libgcc.a(_si_to_df.o)
                              obj/default/cruise_mathew.o (__floatsidf)
/opt/altera/13.0sp1/nios2eds/bin/gnu/H-i686-pc-linux-gnu/bin/../lib/gcc/nios2-elf/4.1.2/mno-hw-mul/libgcc.a(_df_to_si.o)
                              obj/default/cruise_mathew.o (__fixdfsi)
/opt/altera/13.0sp1/nios2eds/bin/gnu/H-i686-pc-linux-gnu/bin/../lib/gcc/nios2-elf/4.1.2/mno-hw-mul/libgcc.a(_thenan_df.o)
                              /opt/altera/13.0sp1/nios2eds/bin/gnu/H-i686-pc-linux-gnu/bin/../lib/gcc/nios2-elf/4.1.2/mno-hw-mul/libgcc.a(_addsub_df.o) (__thenan_df)
/opt/altera/13.0sp1/nios2eds/bin/gnu/H-i686-pc-linux-gnu/bin/../lib/gcc/nios2-elf/4.1.2/mno-hw-mul/libgcc.a(lib2-divmod.o)
                              obj/default/cruise_mathew.o (__divsi3)
/opt/altera/13.0sp1/nios2eds/bin/gnu/H-i686-pc-linux-gnu/bin/../lib/gcc/nios2-elf/4.1.2/mno-hw-mul/libgcc.a(lib2-mul.o)
                              obj/default/cruise_mathew.o (__mulsi3)
/opt/altera/13.0sp1/nios2eds/bin/gnu/H-i686-pc-linux-gnu/bin/../lib/gcc/nios2-elf/4.1.2/mno-hw-mul/libgcc.a(_clzsi2.o)
                              /opt/altera/13.0sp1/nios2eds/bin/gnu/H-i686-pc-linux-gnu/bin/../lib/gcc/nios2-elf/4.1.2/mno-hw-mul/libgcc.a(_si_to_df.o) (__clzsi2)
/opt/altera/13.0sp1/nios2eds/bin/gnu/H-i686-pc-linux-gnu/bin/../lib/gcc/nios2-elf/4.1.2/mno-hw-mul/libgcc.a(_pack_df.o)
                              /opt/altera/13.0sp1/nios2eds/bin/gnu/H-i686-pc-linux-gnu/bin/../lib/gcc/nios2-elf/4.1.2/mno-hw-mul/libgcc.a(_addsub_df.o) (__pack_d)
/opt/altera/13.0sp1/nios2eds/bin/gnu/H-i686-pc-linux-gnu/bin/../lib/gcc/nios2-elf/4.1.2/mno-hw-mul/libgcc.a(_unpack_df.o)
                              /opt/altera/13.0sp1/nios2eds/bin/gnu/H-i686-pc-linux-gnu/bin/../lib/gcc/nios2-elf/4.1.2/mno-hw-mul/libgcc.a(_addsub_df.o) (__unpack_d)
/opt/altera/13.0sp1/nios2eds/bin/gnu/H-i686-pc-linux-gnu/bin/../lib/gcc/nios2-elf/4.1.2/mno-hw-mul/libgcc.a(_clz.o)
                              /opt/altera/13.0sp1/nios2eds/bin/gnu/H-i686-pc-linux-gnu/bin/../lib/gcc/nios2-elf/4.1.2/mno-hw-mul/libgcc.a(_clzsi2.o) (__clz_tab)
/opt/altera/13.0sp1/nios2eds/bin/gnu/H-i686-pc-linux-gnu/bin/../lib/gcc/nios2-elf/4.1.2/../../../../nios2-elf/lib/mno-hw-mul/libc.a(lib_a-printf.o)
                              obj/default/cruise_mathew.o (printf)
/opt/altera/13.0sp1/nios2eds/bin/gnu/H-i686-pc-linux-gnu/bin/../lib/gcc/nios2-elf/4.1.2/../../../../nios2-elf/lib/mno-hw-mul/libc.a(lib_a-puts.o)
                              obj/default/cruise_mathew.o (puts)
/opt/altera/13.0sp1/nios2eds/bin/gnu/H-i686-pc-linux-gnu/bin/../lib/gcc/nios2-elf/4.1.2/../../../../nios2-elf/lib/mno-hw-mul/libc.a(lib_a-strlen.o)
                              /opt/altera/13.0sp1/nios2eds/bin/gnu/H-i686-pc-linux-gnu/bin/../lib/gcc/nios2-elf/4.1.2/../../../../nios2-elf/lib/mno-hw-mul/libc.a(lib_a-puts.o) (strlen)
/opt/altera/13.0sp1/nios2eds/bin/gnu/H-i686-pc-linux-gnu/bin/../lib/gcc/nios2-elf/4.1.2/../../../../nios2-elf/lib/mno-hw-mul/libc.a(lib_a-vfprintf.o)
                              /opt/altera/13.0sp1/nios2eds/bin/gnu/H-i686-pc-linux-gnu/bin/../lib/gcc/nios2-elf/4.1.2/../../../../nios2-elf/lib/mno-hw-mul/libc.a(lib_a-printf.o) (___vfprintf_internal_r)
/opt/altera/13.0sp1/nios2eds/bin/gnu/H-i686-pc-linux-gnu/bin/../lib/gcc/nios2-elf/4.1.2/../../../../nios2-elf/lib/mno-hw-mul/libc.a(lib_a-wsetup.o)
                              /opt/altera/13.0sp1/nios2eds/bin/gnu/H-i686-pc-linux-gnu/bin/../lib/gcc/nios2-elf/4.1.2/../../../../nios2-elf/lib/mno-hw-mul/libc.a(lib_a-vfprintf.o) (__swsetup_r)
/opt/altera/13.0sp1/nios2eds/bin/gnu/H-i686-pc-linux-gnu/bin/../lib/gcc/nios2-elf/4.1.2/../../../../nios2-elf/lib/mno-hw-mul/libc.a(lib_a-dtoa.o)
                              /opt/altera/13.0sp1/nios2eds/bin/gnu/H-i686-pc-linux-gnu/bin/../lib/gcc/nios2-elf/4.1.2/../../../../nios2-elf/lib/mno-hw-mul/libc.a(lib_a-vfprintf.o) (_dtoa_r)
/opt/altera/13.0sp1/nios2eds/bin/gnu/H-i686-pc-linux-gnu/bin/../lib/gcc/nios2-elf/4.1.2/../../../../nios2-elf/lib/mno-hw-mul/libc.a(lib_a-fflush.o)
                              /opt/altera/13.0sp1/nios2eds/bin/gnu/H-i686-pc-linux-gnu/bin/../lib/gcc/nios2-elf/4.1.2/../../../../nios2-elf/lib/mno-hw-mul/libc.a(lib_a-vfprintf.o) (_fflush_r)
/opt/altera/13.0sp1/nios2eds/bin/gnu/H-i686-pc-linux-gnu/bin/../lib/gcc/nios2-elf/4.1.2/../../../../nios2-elf/lib/mno-hw-mul/libc.a(lib_a-findfp.o)
[...]
Memory Configuration

Name             Origin             Length             Attributes
onchip_memory    0x00000000         0x00006400
sram             0x00100000         0x00080000
reset            0x01000000         0x00000020
sdram            0x01000020         0x007fffe0
*default*        0x00000000         0xffffffff

Linker script and memory map

LOAD ../bsp//obj/HAL/src/crt0.o
LOAD obj/default/cruise_mathew.o
LOAD /opt/altera/13.0sp1/nios2eds/bin/gnu/H-i686-pc-linux-gnu/bin/../lib/gcc/nios2-elf/4.1.2/../../../../nios2-elf/lib/mno-hw-mul/libstdc++.a
LOAD /opt/altera/13.0sp1/nios2eds/bin/gnu/H-i686-pc-linux-gnu/bin/../lib/gcc/nios2-elf/4.1.2/../../../../nios2-elf/lib/mno-hw-mul/libm.a
LOAD /opt/altera/13.0sp1/nios2eds/bin/gnu/H-i686-pc-linux-gnu/bin/../lib/gcc/nios2-elf/4.1.2/mno-hw-mul/libgcc.a
START GROUP
LOAD /opt/altera/13.0sp1/nios2eds/bin/gnu/H-i686-pc-linux-gnu/bin/../lib/gcc/nios2-elf/4.1.2/../../../../nios2-elf/lib/mno-hw-mul/libc.a
LOAD /opt/altera/13.0sp1/nios2eds/bin/gnu/H-i686-pc-linux-gnu/bin/../lib/gcc/nios2-elf/4.1.2/mno-hw-mul/libgcc.a
LOAD ../bsp//libucosii_bsp.a
END GROUP
LOAD /opt/altera/13.0sp1/nios2eds/bin/gnu/H-i686-pc-linux-gnu/bin/../lib/gcc/nios2-elf/4.1.2/mno-hw-mul/libgcc.a
                0x00000000                __alt_mem_onchip_memory = 0x0
                0x00100000                __alt_mem_sram = 0x100000
                0x01000000                __alt_mem_sdram = 0x1000000

.entry          0x01000000       0x20
 *(.entry)
 .entry         0x01000000       0x20 ../bsp//obj/HAL/src/crt0.o
                0x01000000                __reset

.exceptions     0x01000020      0x124 load address 0x00100000
                0x01000020                PROVIDE (__ram_exceptions_start, ABSOLUTE (.))
                0x01000020                . = ALIGN (0x20)
 *(.irq)
 *(.exceptions.entry.label)
 .exceptions.entry.label
                0x01000020        0x0 ../bsp//libucosii_bsp.a(alt_irq_entry.o)
                0x01000020                alt_irq_entry
 .exceptions.entry.label
                0x01000020        0x0 ../bsp//libucosii_bsp.a(alt_exception_entry.o)
                0x01000020                alt_exception
 *(.exceptions.entry.user)
 *(.exceptions.entry)
 .exceptions.entry
                0x01000020       0x54 ../bsp//libucosii_bsp.a(alt_exception_entry.o)
 *(.exceptions.irqtest.user)
 *(.exceptions.irqtest)
 .exceptions.irqtest
                0x01000074       0x10 ../bsp//libucosii_bsp.a(alt_irq_entry.o)
 *(.exceptions.irqhandler.user)
 *(.exceptions.irqhandler)
 .exceptions.irqhandler
                0x01000084        0x4 ../bsp//libucosii_bsp.a(alt_irq_entry.o)
 *(.exceptions.irqreturn.user)
 *(.exceptions.irqreturn)
 .exceptions.irqreturn
                0x01000088        0x4 ../bsp//libucosii_bsp.a(alt_irq_entry.o)
 *(.exceptions.notirq.label)
 .exceptions.notirq.label
                0x0100008c        0x0 ../bsp//libucosii_bsp.a(alt_irq_entry.o)
 *(.exceptions.notirq.user)
 *(.exceptions.notirq)
 .exceptions.notirq
                0x0100008c        0x8 ../bsp//libucosii_bsp.a(alt_exception_entry.o)
 *(.exceptions.soft.user)
 *(.exceptions.soft)
 *(.exceptions.unknown.user)
 *(.exceptions.unknown)
 .exceptions.unknown
                0x01000094        0x4 ../bsp//libucosii_bsp.a(alt_exception_entry.o)
 *(.exceptions.exit.label)
 .exceptions.exit.label
                0x01000098        0x0 ../bsp//libucosii_bsp.a(alt_irq_entry.o)
 .exceptions.exit.label
                0x01000098        0x0 ../bsp//libucosii_bsp.a(alt_exception_entry.o)
 *(.exceptions.exit.user)
 *(.exceptions.exit)
 .exceptions.exit
                0x01000098       0x54 ../bsp//libucosii_bsp.a(alt_exception_entry.o)
 *(.exceptions)
 .exceptions    0x010000ec       0x58 ../bsp//libucosii_bsp.a(alt_irq_handler.o)
                0x010000ec                alt_irq_handler
                0x01000144                PROVIDE (__ram_exceptions_end, ABSOLUTE (.))
                0x00100000                PROVIDE (__flash_exceptions_start, LOADADDR (.exceptions))

.text           0x00100124    0x11cb0
                0x00100124                PROVIDE (stext, ABSOLUTE (.))
 *(.interp)
 *(.hash)
 *(.dynsym)
 *(.dynstr)
 *(.gnu.version)
 *(.gnu.version_d)
 *(.gnu.version_r)
 *(.rel.init)
 *(.rela.init)
 *(.rel.text .rel.text.* .rel.gnu.linkonce.t.*)
 *(.rela.text .rela.text.* .rela.gnu.linkonce.t.*)
 *(.rel.fini)
 *(.rela.fini)
 *(.rel.rodata .rel.rodata.* .rel.gnu.linkonce.r.*)
 *(.rela.rodata .rela.rodata.* .rela.gnu.linkonce.r.*)
 *(.rel.data .rel.data.* .rel.gnu.linkonce.d.*)
 *(.rela.data .rela.data.* .rela.gnu.linkonce.d.*)
 *(.rel.tdata .rel.tdata.* .rel.gnu.linkonce.td.*)
 *(.rela.tdata .rela.tdata.* .rela.gnu.linkonce.td.*)
 *(.rel.tbss .rel.tbss.* .rel.gnu.linkonce.tb.*)
 *(.rela.tbss .rela.tbss.* .rela.gnu.linkonce.tb.*)
 *(.rel.ctors)
 *(.rela.ctors)
 *(.rel.dtors)
 *(.rela.dtors)
 *(.rel.got)
 *(.rela.got)
 *(.rel.sdata .rel.sdata.* .rel.gnu.linkonce.s.*)
 *(.rela.sdata .rela.sdata.* .rela.gnu.linkonce.s.*)
 *(.rel.sbss .rel.sbss.* .rel.gnu.linkonce.sb.*)
 *(.rela.sbss .rela.sbss.* .rela.gnu.linkonce.sb.*)
 *(.rel.sdata2 .rel.sdata2.* .rel.gnu.linkonce.s2.*)
 *(.rela.sdata2 .rela.sdata2.* .rela.gnu.linkonce.s2.*)
 *(.rel.sbss2 .rel.sbss2.* .rel.gnu.linkonce.sb2.*)
 *(.rela.sbss2 .rela.sbss2.* .rela.gnu.linkonce.sb2.*)
 *(.rel.bss .rel.bss.* .rel.gnu.linkonce.b.*)
 *(.rela.bss .rela.bss.* .rela.gnu.linkonce.b.*)
 *(.rel.plt)
 *(.rela.plt)
 *(.rel.dyn)
 *(.init)
 *(.plt)
 *(.text .stub .text.* .gnu.linkonce.t.*)
 .text          0x00100124       0x3c ../bsp//obj/HAL/src/crt0.o
                0x00100124                _start
 .text          0x00100160      0xba0 obj/default/cruise_mathew.o
                0x00100160                vechicleTaskCallback
                0x00100198                ControlTaskCallback
                0x001001d0                ButtonIOTaskCallback
                0x00100208                SwitchTaskCallback
                0x00100240                buttons_pressed
                0x00100268                switches_pressed
                0x0010028c                alarm_handler
                0x001002bc                int2seven
                0x001002f8                show_velocity_on_sevenseg
                0x001003e8                show_target_velocity
                0x00100408                show_position
                0x00100428                VehicleTask
                0x001007ac                ButtonIOTask
                0x0010080c                SwitchTask
                0x001008c4                ControlTask
                0x00100938                StartTask
                0x00100c84                main
 .text          0x00100d00      0x504 /opt/altera/13.0sp1/nios2eds/bin/gnu/H-i686-pc-linux-gnu/bin/../lib/gcc/nios2-elf/4.1.2/mno-hw-mul/libgcc.a(_addsub_df.o)
                0x00101110                __subdf3
                0x00101190                __adddf3
 .text          0x00101204      0x258 /opt/altera/13.0sp1/nios2eds/bin/gnu/H-i686-pc-linux-gnu/bin/../lib/gcc/nios2-elf/4.1.2/mno-hw-mul/libgcc.a(_div_df.o)
                0x00101204                __divdf3
 .text          0x0010145c       0xf8 /opt/altera/13.0sp1/nios2eds/bin/gnu/H-i686-pc-linux-gnu/bin/../lib/gcc/nios2-elf/4.1.2/mno-hw-mul/libgcc.a(_si_to_df.o)
                0x0010145c                __floatsidf
 .text          0x00101554       0xd8 /opt/altera/13.0sp1/nios2eds/bin/gnu/H-i686-pc-linux-gnu/bin/../lib/gcc/nios2-elf/4.1.2/mno-hw-mul/libgcc.a(_df_to_si.o)
                0x00101554                __fixdfsi
 .text          0x0010162c        0x0 /opt/altera/13.0sp1/nios2eds/bin/gnu/H-i686-pc-linux-gnu/bin/../lib/gcc/nios2-elf/4.1.2/mno-hw-mul/libgcc.a(_thenan_df.o)
 .text          0x0010162c      0x14c /opt/altera/13.0sp1/nios2eds/bin/gnu/H-i686-pc-linux-gnu/bin/../lib/gcc/nios2-elf/4.1.2/mno-hw-mul/libgcc.a(lib2-divmod.o)
                0x001016a8                __divsi3
                0x00101708                __modsi3
                0x00101768                __udivsi3
                0x00101770                __umodsi3
 .text          0x00101778       0x38 /opt/altera/13.0sp1/nios2eds/bin/gnu/H-i686-pc-linux-gnu/bin/../lib/gcc/nios2-elf/4.1.2/mno-hw-mul/libgcc.a(lib2-mul.o)
                0x00101778                __mulsi3
 .text          0x001017b0       0x80 /opt/altera/13.0sp1/nios2eds/bin/gnu/H-i686-pc-linux-gnu/bin/../lib/gcc/nios2-elf/4.1.2/mno-hw-mul/libgcc.a(_clzsi2.o)
                0x001017b0                __clzsi2
 .text          0x00101830      0x314 /opt/altera/13.0sp1/nios2eds/bin/gnu/H-i686-pc-linux-gnu/bin/../lib/gcc/nios2-elf/4.1.2/mno-hw-mul/libgcc.a(_pack_df.o)
                0x00101830                __pack_d
 .text          0x00101b44      0x138 /opt/altera/13.0sp1/nios2eds/bin/gnu/H-i686-pc-linux-gnu/bin/../lib/gcc/nios2-elf/4.1.2/mno-hw-mul/libgcc.a(_unpack_df.o)
                0x00101b44                __unpack_d
 .text          0x00101c7c        0x0 /opt/altera/13.0sp1/nios2eds/bin/gnu/H-i686-pc-linux-gnu/bin/../lib/gcc/nios2-elf/4.1.2/mno-hw-mul/libgcc.a(_clz.o)
 .text          0x00101c7c       0x78 /opt/altera/13.0sp1/nios2eds/bin/gnu/H-i686-pc-linux-gnu/bin/../lib/gcc/nios2-elf/4.1.2/../../../../nios2-elf/lib/mno-hw-mul/libc.a(lib_a-printf.o)
                0x00101c7c                printf
                0x00101cc0                _printf_r
 .text          0x00101cf4       0xb4 /opt/altera/13.0sp1/nios2eds/bin/gnu/H-i686-pc-linux-gnu/bin/../lib/gcc/nios2-elf/4.1.2/../../../../nios2-elf/lib/mno-hw-mul/libc.a(lib_a-puts.o)
                0x00101cf4                _puts_r
                0x00101d94                puts
 .text          0x00101da8       0x74 /opt/altera/13.0sp1/nios2eds/bin/gnu/H-i686-pc-linux-gnu/bin/../lib/gcc/nios2-elf/4.1.2/../../../../nios2-elf/lib/mno-hw-mul/libc.a(lib_a-strlen.o)
                0x00101da8                strlen
 .text          0x00101e1c     0x1f40 /opt/altera/13.0sp1/nios2eds/bin/gnu/H-i686-pc-linux-gnu/bin/../lib/gcc/nios2-elf/4.1.2/../../../../nios2-elf/lib/mno-hw-mul/libc.a(lib_a-vfprintf.o)
                0x00101e74                ___vfprintf_internal_r
                0x00103d38                __vfprintf_internal
 .text          0x00103d5c      0x13c /opt/altera/13.0sp1/nios2eds/bin/gnu/H-i686-pc-linux-gnu/bin/../lib/gcc/nios2-elf/4.1.2/../../../../nios2-elf/lib/mno-hw-mul/libc.a(lib_a-wsetup.o)
                0x00103d5c                __swsetup_r
 .text          0x00103e98     0x17f8 /opt/altera/13.0sp1/nios2eds/bin/gnu/H-i686-pc-linux-gnu/bin/../lib/gcc/nios2-elf/4.1.2/../../../../nios2-elf/lib/mno-hw-mul/libc.a(lib_a-dtoa.o)
                0x001040dc                _dtoa_r
 .text          0x00105690      0x230 /opt/altera/13.0sp1/nios2eds/bin/gnu/H-i686-pc-linux-gnu/bin/../lib/gcc/nios2-elf/4.1.2/../../../../nios2-elf/lib/mno-hw-mul/libc.a(lib_a-fflush.o)
                0x00105690                _fflush_r
                0x0010588c                fflush
 .text          0x001058c0      0x2f4 /opt/altera/13.0sp1/nios2eds/bin/gnu/H-i686-pc-linux-gnu/bin/../lib/gcc/nios2-elf/4.1.2/../../../../nios2-elf/lib/mno-hw-mul/libc.a(lib_a-findfp.o)
                0x00105918                __sfp_lock_acquire
                0x0010591c                __sfp_lock_release
                0x00105920                __sinit_lock_acquire
                0x00105924                __sinit_lock_release
                0x00105928                __sinit
                0x001059dc                __fp_unlock_all
                0x001059f4                __fp_lock_all
                0x00105a0c                _cleanup_r
                0x00105a18                _cleanup
                0x00105a28                __sfmoreglue
                0x00105ac4                __sfp
 .text          0x00105bb4      0x440 /opt/altera/13.0sp1/nios2eds/bin/gnu/H-i686-pc-linux-gnu/bin/../lib/gcc/nios2-elf/4.1.2/../../../../nios2-elf/lib/mno-hw-mul/libc.a(lib_a-freer.o)
                0x00105bb4                _malloc_trim_r
                0x00105ce0                _free_r
 .text          0x00105ff4      0x49c /opt/altera/13.0sp1/nios2eds/bin/gnu/H-i686-pc-linux-gnu/bin/../lib/gcc/nios2-elf/4.1.2/../../../../nios2-elf/lib/mno-hw-mul/libc.a(lib_a-fvwrite.o)
                0x00105ff4                __sfvwrite_r
 .text          0x00106490      0x180 /opt/altera/13.0sp1/nios2eds/bin/gnu/H-i686-pc-linux-gnu/bin/../lib/gcc/nios2-elf/4.1.2/../../../../nios2-elf/lib/mno-hw-mul/libc.a(lib_a-fwalk.o)
                0x00106490                _fwalk_reent
                0x00106558                _fwalk
 .text          0x00106610        0x0 /opt/altera/13.0sp1/nios2eds/bin/gnu/H-i686-pc-linux-gnu/bin/../lib/gcc/nios2-elf/4.1.2/../../../../nios2-elf/lib/mno-hw-mul/libc.a(lib_a-impure.o)
 .text          0x00106610       0xc4 /opt/altera/13.0sp1/nios2eds/bin/gnu/H-i686-pc-linux-gnu/bin/../lib/gcc/nios2-elf/4.1.2/../../../../nios2-elf/lib/mno-hw-mul/libc.a(lib_a-locale.o)
                0x00106610                __locale_charset
                0x00106618                _localeconv_r
                0x00106624                localeconv
                0x00106634                _setlocale_r
                0x001066b8                setlocale
 .text          0x001066d4      0x194 /opt/altera/13.0sp1/nios2eds/bin/gnu/H-i686-pc-linux-gnu/bin/../lib/gcc/nios2-elf/4.1.2/../../../../nios2-elf/lib/mno-hw-mul/libc.a(lib_a-makebuf.o)
                0x001066d4                __smakebuf_r
 .text          0x00106868      0x740 /opt/altera/13.0sp1/nios2eds/bin/gnu/H-i686-pc-linux-gnu/bin/../lib/gcc/nios2-elf/4.1.2/../../../../nios2-elf/lib/mno-hw-mul/libc.a(lib_a-mallocr.o)
                0x00106868                _malloc_r
 .text          0x00106fa8       0xe4 /opt/altera/13.0sp1/nios2eds/bin/gnu/H-i686-pc-linux-gnu/bin/../lib/gcc/nios2-elf/4.1.2/../../../../nios2-elf/lib/mno-hw-mul/libc.a(lib_a-memchr.o)
                0x00106fa8                memchr
 .text          0x0010708c       0xa0 /opt/altera/13.0sp1/nios2eds/bin/gnu/H-i686-pc-linux-gnu/bin/../lib/gcc/nios2-elf/4.1.2/../../../../nios2-elf/lib/mno-hw-mul/libc.a(lib_a-memcpy.o)
                0x0010708c                memcpy
 .text          0x0010712c       0xe0 /opt/altera/13.0sp1/nios2eds/bin/gnu/H-i686-pc-linux-gnu/bin/../lib/gcc/nios2-elf/4.1.2/../../../../nios2-elf/lib/mno-hw-mul/libc.a(lib_a-memmove.o)
                0x0010712c                memmove
 .text          0x0010720c       0x98 /opt/altera/13.0sp1/nios2eds/bin/gnu/H-i686-pc-linux-gnu/bin/../lib/gcc/nios2-elf/4.1.2/../../../../nios2-elf/lib/mno-hw-mul/libc.a(lib_a-memset.o)
                0x0010720c                memset
 .text          0x001072a4     0x108c /opt/altera/13.0sp1/nios2eds/bin/gnu/H-i686-pc-linux-gnu/bin/../lib/gcc/nios2-elf/4.1.2/../../../../nios2-elf/lib/mno-hw-mul/libc.a(lib_a-mprec.o)
                0x001072a4                _Bfree
                0x001072cc                __hi0bits
                0x0010733c                __lo0bits
                0x00107400                __mcmp
                0x00107460                __ulp
                0x001074e0                __b2d
                0x00107600                __ratio
                0x001076b0                _mprec_log10
                0x00107744                __copybits
                0x0010779c                __any_on
                0x00107824                _Balloc
                0x001078e0                __d2b
                0x00107a5c                __mdiff
                0x00107be8                __lshift
                0x00107d34                __multiply
                0x00107f88                __i2b
                0x00107fc4                __multadd
                0x001080f0                __pow5mult
                0x00108210                __s2b
 .text          0x00108330      0x5f4 /opt/altera/13.0sp1/nios2eds/bin/gnu/H-i686-pc-linux-gnu/bin/../lib/gcc/nios2-elf/4.1.2/../../../../nios2-elf/lib/mno-hw-mul/libc.a(lib_a-reallocr.o)
                0x00108330                _realloc_r
 .text          0x00108924       0x40 /opt/altera/13.0sp1/nios2eds/bin/gnu/H-i686-pc-linux-gnu/bin/../lib/gcc/nios2-elf/4.1.2/../../../../nios2-elf/lib/mno-hw-mul/libc.a(lib_a-s_isinfd.o)
                0x00108924                __isinfd
 .text          0x00108964       0x30 /opt/altera/13.0sp1/nios2eds/bin/gnu/H-i686-pc-linux-gnu/bin/../lib/gcc/nios2-elf/4.1.2/../../../../nios2-elf/lib/mno-hw-mul/libc.a(lib_a-s_isnand.o)
                0x00108964                __isnand
 .text          0x00108994       0x70 /opt/altera/13.0sp1/nios2eds/bin/gnu/H-i686-pc-linux-gnu/bin/../lib/gcc/nios2-elf/4.1.2/../../../../nios2-elf/lib/mno-hw-mul/libc.a(lib_a-sbrkr.o)
                0x00108994                _sbrk_r
 .text          0x00108a04      0x14c /opt/altera/13.0sp1/nios2eds/bin/gnu/H-i686-pc-linux-gnu/bin/../lib/gcc/nios2-elf/4.1.2/../../../../nios2-elf/lib/mno-hw-mul/libc.a(lib_a-stdio.o)
                0x00108a04                __sclose
                0x00108a0c                __sseek
                0x00108a74                __swrite
                0x00108af0                __sread
 .text          0x00108b50       0xbc /opt/altera/13.0sp1/nios2eds/bin/gnu/H-i686-pc-linux-gnu/bin/../lib/gcc/nios2-elf/4.1.2/../../../../nios2-elf/lib/mno-hw-mul/libc.a(lib_a-strcmp.o)
                0x00108b50                strcmp
 .text          0x00108c0c       0x78 /opt/altera/13.0sp1/nios2eds/bin/gnu/H-i686-pc-linux-gnu/bin/../lib/gcc/nios2-elf/4.1.2/../../../../nios2-elf/lib/mno-hw-mul/libc.a(lib_a-writer.o)
                0x00108c0c                _write_r
 .text          0x00108c84       0xc8 /opt/altera/13.0sp1/nios2eds/bin/gnu/H-i686-pc-linux-gnu/bin/../lib/gcc/nios2-elf/4.1.2/../../../../nios2-elf/lib/mno-hw-mul/libc.a(lib_a-callocr.o)
                0x00108c84                _calloc_r
 .text          0x00108d4c       0x70 /opt/altera/13.0sp1/nios2eds/bin/gnu/H-i686-pc-linux-gnu/bin/../lib/gcc/nios2-elf/4.1.2/../../../../nios2-elf/lib/mno-hw-mul/libc.a(lib_a-closer.o)
                0x00108d4c                _close_r
 .text          0x00108dbc      0x124 /opt/altera/13.0sp1/nios2eds/bin/gnu/H-i686-pc-linux-gnu/bin/../lib/gcc/nios2-elf/4.1.2/../../../../nios2-elf/lib/mno-hw-mul/libc.a(lib_a-fclose.o)
                0x00108dbc                _fclose_r
                0x00108ecc                fclose
 .text          0x00108ee0       0x74 /opt/altera/13.0sp1/nios2eds/bin/gnu/H-i686-pc-linux-gnu/bin/../lib/gcc/nios2-elf/4.1.2/../../../../nios2-elf/lib/mno-hw-mul/libc.a(lib_a-fstatr.o)
                0x00108ee0                _fstat_r
 .text          0x00108f54        0x0 /opt/altera/13.0sp1/nios2eds/bin/gnu/H-i686-pc-linux-gnu/bin/../lib/gcc/nios2-elf/4.1.2/../../../../nios2-elf/lib/mno-hw-mul/libc.a(lib_a-int_errno.o)
 .text          0x00108f54       0x70 /opt/altera/13.0sp1/nios2eds/bin/gnu/H-i686-pc-linux-gnu/bin/../lib/gcc/nios2-elf/4.1.2/../../../../nios2-elf/lib/mno-hw-mul/libc.a(lib_a-isattyr.o)
                0x00108f54                _isatty_r
 .text          0x00108fc4       0x78 /opt/altera/13.0sp1/nios2eds/bin/gnu/H-i686-pc-linux-gnu/bin/../lib/gcc/nios2-elf/4.1.2/../../../../nios2-elf/lib/mno-hw-mul/libc.a(lib_a-lseekr.o)
                0x00108fc4                _lseek_r
 .text          0x0010903c       0x78 /opt/altera/13.0sp1/nios2eds/bin/gnu/H-i686-pc-linux-gnu/bin/../lib/gcc/nios2-elf/4.1.2/../../../../nios2-elf/lib/mno-hw-mul/libc.a(lib_a-readr.o)
                0x0010903c                _read_r
 .text          0x001090b4      0x66c /opt/altera/13.0sp1/nios2eds/bin/gnu/H-i686-pc-linux-gnu/bin/../lib/gcc/nios2-elf/4.1.2/mno-hw-mul/libgcc.a(_udivdi3.o)
                0x001090b4                __udivdi3
 .text          0x00109720      0x660 /opt/altera/13.0sp1/nios2eds/bin/gnu/H-i686-pc-linux-gnu/bin/../lib/gcc/nios2-elf/4.1.2/mno-hw-mul/libgcc.a(_umoddi3.o)
                0x00109720                __umoddi3
 .text          0x00109d80      0x3c4 /opt/altera/13.0sp1/nios2eds/bin/gnu/H-i686-pc-linux-gnu/bin/../lib/gcc/nios2-elf/4.1.2/mno-hw-mul/libgcc.a(_mul_df.o)
                0x00109d80                __muldf3
 .text          0x0010a144       0x88 /opt/altera/13.0sp1/nios2eds/bin/gnu/H-i686-pc-linux-gnu/bin/../lib/gcc/nios2-elf/4.1.2/mno-hw-mul/libgcc.a(_eq_df.o)
                0x0010a144                __eqdf2
 .text          0x0010a1cc       0x88 /opt/altera/13.0sp1/nios2eds/bin/gnu/H-i686-pc-linux-gnu/bin/../lib/gcc/nios2-elf/4.1.2/mno-hw-mul/libgcc.a(_ne_df.o)
                0x0010a1cc                __nedf2
 .text          0x0010a254       0x88 /opt/altera/13.0sp1/nios2eds/bin/gnu/H-i686-pc-linux-gnu/bin/../lib/gcc/nios2-elf/4.1.2/mno-hw-mul/libgcc.a(_gt_df.o)
                0x0010a254                __gtdf2
 .text          0x0010a2dc       0x88 /opt/altera/13.0sp1/nios2eds/bin/gnu/H-i686-pc-linux-gnu/bin/../lib/gcc/nios2-elf/4.1.2/mno-hw-mul/libgcc.a(_ge_df.o)
                0x0010a2dc                __gedf2
 .text          0x0010a364       0x88 /opt/altera/13.0sp1/nios2eds/bin/gnu/H-i686-pc-linux-gnu/bin/../lib/gcc/nios2-elf/4.1.2/mno-hw-mul/libgcc.a(_lt_df.o)
                0x0010a364                __ltdf2
 .text          0x0010a3ec      0x194 /opt/altera/13.0sp1/nios2eds/bin/gnu/H-i686-pc-linux-gnu/bin/../lib/gcc/nios2-elf/4.1.2/mno-hw-mul/libgcc.a(_usi_to_df.o)
                0x0010a3ec                __floatunsidf
 .text          0x0010a580      0x124 /opt/altera/13.0sp1/nios2eds/bin/gnu/H-i686-pc-linux-gnu/bin/../lib/gcc/nios2-elf/4.1.2/mno-hw-mul/libgcc.a(_muldi3.o)
                0x0010a580                __muldi3
 .text          0x0010a6a4       0xc8 /opt/altera/13.0sp1/nios2eds/bin/gnu/H-i686-pc-linux-gnu/bin/../lib/gcc/nios2-elf/4.1.2/mno-hw-mul/libgcc.a(_fpcmp_parts_df.o)
                0x0010a6a4                __fpcmp_parts_d
 .text          0x0010a76c       0x90 ../bsp//libucosii_bsp.a(alt_alarm_start.o)
                0x0010a76c                alt_alarm_start
 .text          0x0010a7fc       0xbc ../bsp//libucosii_bsp.a(alt_close.o)
                0x0010a81c                close
 .text          0x0010a8b8        0x8 ../bsp//libucosii_bsp.a(alt_dev.o)
 .text          0x0010a8c0        0x0 ../bsp//libucosii_bsp.a(alt_errno.o)
 .text          0x0010a8c0       0x9c ../bsp//libucosii_bsp.a(alt_fstat.o)
                0x0010a8c0                fstat
 .text          0x0010a95c       0x94 ../bsp//libucosii_bsp.a(alt_isatty.o)
                0x0010a95c                isatty
 .text          0x0010a9f0       0x8c ../bsp//libucosii_bsp.a(alt_load.o)
                0x0010aa10                alt_load
 .text          0x0010aa7c       0xb8 ../bsp//libucosii_bsp.a(alt_lseek.o)
                0x0010aa7c                lseek
 .text          0x0010ab34       0xa8 ../bsp//libucosii_bsp.a(alt_main.o)
                0x0010ab34                alt_main
 .text          0x0010abdc       0xd8 ../bsp//libucosii_bsp.a(alt_read.o)
                0x0010abfc                read
 .text          0x0010acb4       0x5c ../bsp//libucosii_bsp.a(alt_release_fd.o)
                0x0010acb4                alt_release_fd
 .text          0x0010ad10       0x50 ../bsp//libucosii_bsp.a(alt_sbrk.o)
                0x0010ad10                sbrk
 .text          0x0010ad60       0xe0 ../bsp//libucosii_bsp.a(alt_tick.o)
                0x0010ad60                alt_alarm_stop
                0x0010ad94                alt_tick
 .text          0x0010ae40       0xd4 ../bsp//libucosii_bsp.a(alt_write.o)
                0x0010ae60                write
 .text          0x0010af14       0xa8 ../bsp//libucosii_bsp.a(alt_env_lock.o)
                0x0010af14                __env_unlock
                0x0010af3c                __env_lock
 .text          0x0010afbc      0x110 ../bsp//libucosii_bsp.a(alt_malloc_lock.o)
                0x0010afbc                __malloc_unlock
                0x0010b018                __malloc_lock
 .text          0x0010b0cc     0x1118 ../bsp//libucosii_bsp.a(os_core.o)
                0x0010b0cc                OSVersion
                0x0010b0d4                OS_Dummy
                0x0010b0d8                OS_EventTaskWait
                0x0010b15c                OS_EventTaskWaitMulti
                0x0010b1fc                OS_EventTaskRemove
                0x0010b248                OS_EventTaskRemoveMulti
                0x0010b2a4                OS_EventTaskRdy
                0x0010b398                OS_EventWaitListInit
                0x0010b3b4                OS_MemClr
                0x0010b3d0                OS_MemCopy
                0x0010b3f4                OS_StrCopy
                0x0010b420                OS_StrLen
                0x0010b440                OS_TaskStatStkChk
                0x0010b4c4                OS_Sched
                0x0010b57c                OSStart
                0x0010b5e8                OSInit
                0x0010b7c8                OSEventNameGet
                0x0010b880                OSEventPendMulti
                0x0010bbd8                OSIntEnter
                0x0010bc14                OSSchedLock
                0x0010bc58                OSSchedUnlock
                0x0010bcac                OSStatInit
                0x0010bd10                OSTimeTick
                0x0010be1c                OS_TaskIdle
                0x0010be4c                OS_TaskStat
                0x0010bed0                OS_TCBInit
                0x0010c054                OSIntExit
                0x0010c128                OSEventNameSet
 .text          0x0010c1e4        0x4 ../bsp//libucosii_bsp.a(os_dbg.o)
                0x0010c1e4                OSDebugInit
 .text          0x0010c1e8      0xc5c ../bsp//libucosii_bsp.a(os_flag.o)
                0x0010c2a0                OS_FlagUnlink
                0x0010c36c                OS_FlagInit
                0x0010c3dc                OSFlagQuery
                0x0010c438                OSFlagAccept
                0x0010c5a8                OSFlagCreate
                0x0010c630                OSFlagDel
                0x0010c790                OSFlagNameGet
                0x0010c850                OSFlagNameSet
                0x0010c924                OSFlagPend
                0x0010cc24                OSFlagPendGetFlagsRdy
                0x0010cc50                OSFlagPost
 .text          0x0010ce44      0x67c ../bsp//libucosii_bsp.a(os_mbox.o)
                0x0010ce44                OSMboxQuery
                0x0010cec0                OSMboxAccept
                0x0010cef8                OSMboxCreate
                0x0010cf84                OSMboxDel
                0x0010d0cc                OSMboxPend
                0x0010d25c                OSMboxPendAbort
                0x0010d340                OSMboxPost
                0x0010d3dc                OSMboxPostOpt
 .text          0x0010d4c0      0x3b8 ../bsp//libucosii_bsp.a(os_mem.o)
                0x0010d4c0                OS_MemInit
                0x0010d528                OSMemQuery
                0x0010d58c                OSMemCreate
                0x0010d65c                OSMemGet
                0x0010d6c8                OSMemNameGet
                0x0010d764                OSMemNameSet
                0x0010d820                OSMemPut
 .text          0x0010d878      0x9c4 ../bsp//libucosii_bsp.a(os_q.o)
                0x0010d878                OS_QInit
                0x0010d8c8                OSQQuery
                0x0010d960                OSQAccept
                0x0010d9fc                OSQCreate
                0x0010dafc                OSQDel
                0x0010dc80                OSQFlush
                0x0010dcd0                OSQPend
                0x0010de90                OSQPendAbort
                0x0010df78                OSQPost
                0x0010e034                OSQPostFront
                0x0010e0f8                OSQPostOpt
 .text          0x0010e23c      0x5e0 ../bsp//libucosii_bsp.a(os_sem.o)
                0x0010e23c                OSSemSet
                0x0010e2a0                OSSemAccept
                0x0010e2e4                OSSemCreate
                0x0010e370                OSSemDel
                0x0010e4c4                OSSemPend
                0x0010e62c                OSSemPendAbort
                0x0010e718                OSSemPost
                0x0010e7b4                OSSemQuery
 .text          0x0010e81c      0xe74 ../bsp//libucosii_bsp.a(os_task.o)
                0x0010e81c                OS_TaskStkClr
                0x0010e84c                OSTaskQuery
                0x0010e914                OSTaskChangePrio
                0x0010ebb0                OSTaskCreate
                0x0010ecbc                OSTaskCreateExt
                0x0010ee34                OSTaskDel
                0x0010f080                OSTaskDelReq
                0x0010f134                OSTaskNameGet
                0x0010f23c                OSTaskNameSet
                0x0010f358                OSTaskResume
                0x0010f45c                OSTaskStkChk
                0x0010f54c                OSTaskSuspend
 .text          0x0010f690      0x378 ../bsp//libucosii_bsp.a(os_time.o)
                0x0010f690                OSTimeSet
                0x0010f6b4                OSTimeDly
                0x0010f74c                OSTimeDlyHMSM
                0x0010f8ec                OSTimeDlyResume
                0x0010f9e4                OSTimeGet
 .text          0x0010fa08      0xb94 ../bsp//libucosii_bsp.a(os_tmr.o)
                0x0010fb74                OSTmr_Init
                0x0010fdd0                OSTmrStop
                0x0010ff2c                OSTmrStart
                0x00110030                OSTmrStateGet
                0x001100d8                OSTmrRemainGet
                0x001101f0                OSTmrDel
                0x001102ec                OSTmrSignal
                0x00110314                OSTmrNameGet
                0x00110400                OSTmrCreate
 .text          0x0011059c       0x9c ../bsp//libucosii_bsp.a(alt_sys_init.o)
                0x001105a8                alt_sys_init
                0x00110618                alt_irq_init
 .text          0x00110638       0x3c ../bsp//libucosii_bsp.a(altera_avalon_jtag_uart_fd.o)
                0x00110638                altera_avalon_jtag_uart_ioctl_fd
                0x00110644                altera_avalon_jtag_uart_close_fd
                0x00110654                altera_avalon_jtag_uart_write_fd
                0x00110664                altera_avalon_jtag_uart_read_fd
 .text          0x00110674      0x2f4 ../bsp//libucosii_bsp.a(altera_avalon_jtag_uart_init.o)
                0x00110674                altera_avalon_jtag_uart_close
                0x00110734                altera_avalon_jtag_uart_init
 .text          0x00110968       0x7c ../bsp//libucosii_bsp.a(altera_avalon_jtag_uart_ioctl.o)
                0x00110968                altera_avalon_jtag_uart_ioctl
 .text          0x001109e4      0x1ac ../bsp//libucosii_bsp.a(altera_avalon_jtag_uart_read.o)
                0x001109e4                altera_avalon_jtag_uart_read
 .text          0x00110b90      0x1b8 ../bsp//libucosii_bsp.a(altera_avalon_jtag_uart_write.o)
                0x00110b90                altera_avalon_jtag_uart_write
 .text          0x00110d48       0x8c ../bsp//libucosii_bsp.a(altera_avalon_timer_sc.o)
                0x00110d48                alt_avalon_timer_sc_init
 .text          0x00110dd4      0x250 ../bsp//libucosii_bsp.a(altera_up_avalon_character_lcd.o)
                0x00110dd4                get_DDRAM_addr
                0x00110dec                alt_up_character_lcd_string
                0x00110e08                alt_up_character_lcd_write
                0x00110e2c                alt_up_character_lcd_write_fd
                0x00110e4c                alt_up_character_lcd_init
                0x00110e5c                alt_up_character_lcd_send_cmd
                0x00110e6c                alt_up_character_lcd_cursor_blink_on
                0x00110e74                alt_up_character_lcd_cursor_off
                0x00110e7c                alt_up_character_lcd_erase_pos
                0x00110ee0                alt_up_character_lcd_shift_display
                0x00110f50                alt_up_character_lcd_shift_cursor
                0x00110fc0                alt_up_character_lcd_set_cursor_pos
                0x00111018                alt_up_character_lcd_open_dev
 .text          0x00111024        0x4 ../bsp//libucosii_bsp.a(alt_dcache_flush_all.o)
                0x00111024                alt_dcache_flush_all
 .text          0x00111028       0x70 ../bsp//libucosii_bsp.a(alt_dev_llist_insert.o)
                0x00111028                alt_dev_llist_insert
 .text          0x00111098       0x40 ../bsp//libucosii_bsp.a(alt_do_ctors.o)
                0x00111098                _do_ctors
 .text          0x001110d8       0x40 ../bsp//libucosii_bsp.a(alt_do_dtors.o)
                0x001110d8                _do_dtors
 .text          0x00111118       0x70 ../bsp//libucosii_bsp.a(alt_find_dev.o)
                0x00111118                alt_find_dev
 .text          0x00111188        0x4 ../bsp//libucosii_bsp.a(alt_icache_flush_all.o)
                0x00111188                alt_icache_flush_all
 .text          0x0011118c       0x9c ../bsp//libucosii_bsp.a(alt_iic.o)
                0x0011118c                alt_ic_irq_enabled
                0x001111a4                alt_ic_irq_enable
                0x001111e4                alt_ic_irq_disable
                0x00111224                alt_ic_isr_register
 .text          0x00111228       0x6c ../bsp//libucosii_bsp.a(alt_iic_isr_register.o)
                0x00111228                alt_iic_isr_register
 .text          0x00111294      0x114 ../bsp//libucosii_bsp.a(alt_io_redirect.o)
                0x0011131c                alt_io_redirect
 .text          0x001113a8        0x0 ../bsp//libucosii_bsp.a(alt_irq_entry.o)
 .text          0x001113a8        0x0 ../bsp//libucosii_bsp.a(alt_irq_handler.o)
 .text          0x001113a8        0x0 ../bsp//libucosii_bsp.a(alt_irq_vars.o)
 .text          0x001113a8      0x17c ../bsp//libucosii_bsp.a(alt_open.o)
                0x001113a8                open
 .text          0x00111524        0x8 ../bsp//libucosii_bsp.a(altera_nios2_qsys_irq.o)
                0x00111524                altera_nios2_qsys_irq_init
 .text          0x0011152c       0xd0 ../bsp//libucosii_bsp.a(os_cpu_a.o)
                0x0011152c                OSCtxSw
                0x0011152c                OSIntCtxSw
                0x001115b8                OSStartHighRdy
                0x001115d8                OSStartTsk
 .text          0x001115fc      0x228 ../bsp//libucosii_bsp.a(os_cpu_c.o)
                0x001115fc                OSTaskCreateHook
                0x00111600                OSTaskDelHook
                0x00111604                OSTaskSwHook
                0x00111608                OSTaskStatHook
                0x0011160c                OSInitHookBegin
                0x00111614                OSInitHookEnd
                0x00111618                OSTaskIdleHook
                0x0011161c                OSTCBInitHook
                0x00111620                OSTimeTickHook
                0x00111678                OSTaskStkInit
 .text          0x00111824        0x0 ../bsp//libucosii_bsp.a(alt_exception_entry.o)
 .text          0x00111824       0x9c ../bsp//libucosii_bsp.a(alt_find_file.o)
                0x00111824                alt_find_file
 .text          0x001118c0       0xa4 ../bsp//libucosii_bsp.a(alt_get_fd.o)
                0x001118c0                alt_get_fd
 .text          0x00111964       0x14 /opt/altera/13.0sp1/nios2eds/bin/gnu/H-i686-pc-linux-gnu/bin/../lib/gcc/nios2-elf/4.1.2/../../../../nios2-elf/lib/mno-hw-mul/libc.a(lib_a-atexit.o)
                0x00111964                atexit
 .text          0x00111978       0x38 /opt/altera/13.0sp1/nios2eds/bin/gnu/H-i686-pc-linux-gnu/bin/../lib/gcc/nios2-elf/4.1.2/../../../../nios2-elf/lib/mno-hw-mul/libc.a(lib_a-exit.o)
                0x00111978                exit
 .text          0x001119b0       0x74 /opt/altera/13.0sp1/nios2eds/bin/gnu/H-i686-pc-linux-gnu/bin/../lib/gcc/nios2-elf/4.1.2/../../../../nios2-elf/lib/mno-hw-mul/libc.a(lib_a-memcmp.o)
                0x001119b0                memcmp
 .text          0x00111a24      0x134 /opt/altera/13.0sp1/nios2eds/bin/gnu/H-i686-pc-linux-gnu/bin/../lib/gcc/nios2-elf/4.1.2/../../../../nios2-elf/lib/mno-hw-mul/libc.a(lib_a-__atexit.o)
                0x00111a24                __register_exitproc
 .text          0x00111b58      0x1b4 /opt/altera/13.0sp1/nios2eds/bin/gnu/H-i686-pc-linux-gnu/bin/../lib/gcc/nios2-elf/4.1.2/../../../../nios2-elf/lib/mno-hw-mul/libc.a(lib_a-__call_atexit.o)
                0x00111b5c                __call_exitprocs
 .text          0x00111d0c       0xa4 /opt/altera/13.0sp1/nios2eds/bin/gnu/H-i686-pc-linux-gnu/bin/../lib/gcc/nios2-elf/4.1.2/mno-hw-mul/libgcc.a(_fixunsdfsi.o)
                0x00111d0c                __fixunsdfsi
 .text          0x00111db0       0x20 ../bsp//libucosii_bsp.a(alt_exit.o)
                0x00111db0                _exit
 *(.gnu.warning.*)
 *(.fini)
                0x00111dd0                PROVIDE (__etext, ABSOLUTE (.))
                0x00111dd0                PROVIDE (_etext, ABSOLUTE (.))
                0x00111dd0                PROVIDE (etext, ABSOLUTE (.))
 *(.eh_frame_hdr)
                0x00111dd0                . = ALIGN (0x4)
                0x00111dd0                PROVIDE (__preinit_array_start, ABSOLUTE (.))
 *(.preinit_array)
                0x00111dd0                PROVIDE (__preinit_array_end, ABSOLUTE (.))
                0x00111dd0                PROVIDE (__init_array_start, ABSOLUTE (.))
 *(.init_array)
                0x00111dd0                PROVIDE (__init_array_end, ABSOLUTE (.))
                0x00111dd0                PROVIDE (__fini_array_start, ABSOLUTE (.))
 *(.fini_array)
                0x00111dd0                PROVIDE (__fini_array_end, ABSOLUTE (.))
 *(.eh_frame)
 *(.gcc_except_table)
 *(.dynamic)
                0x00111dd0                PROVIDE (__CTOR_LIST__, ABSOLUTE (.))
 *(.ctors)
 *(SORT(.ctors.*))
 .ctors.65535   0x00111dd0        0x4 /opt/altera/13.0sp1/nios2eds/bin/gnu/H-i686-pc-linux-gnu/bin/../lib/gcc/nios2-elf/4.1.2/../../../../nios2-elf/lib/mno-hw-mul/libc.a(lib_a-__call_atexit.o)
                0x00111dd4                PROVIDE (__CTOR_END__, ABSOLUTE (.))
                0x00111dd4                PROVIDE (__DTOR_LIST__, ABSOLUTE (.))
 *(.dtors)
 *(SORT(.dtors.*))
                0x00111dd4                PROVIDE (__DTOR_END__, ABSOLUTE (.))
 *(.jcr)
                0x00111dd4                . = ALIGN (0x4)

.rodata         0x00111dd4      0x630
                0x00111dd4                PROVIDE (__ram_rodata_start, ABSOLUTE (.))
                0x00111dd4                . = ALIGN (0x4)
 *(.rodata .rodata.* .gnu.linkonce.r.*)
 .rodata        0x00111dd4      0x198 obj/default/cruise_mathew.o
 .rodata        0x00111f6c       0x14 /opt/altera/13.0sp1/nios2eds/bin/gnu/H-i686-pc-linux-gnu/bin/../lib/gcc/nios2-elf/4.1.2/mno-hw-mul/libgcc.a(_thenan_df.o)
                0x00111f6c                __thenan_df
 .rodata        0x00111f80      0x100 /opt/altera/13.0sp1/nios2eds/bin/gnu/H-i686-pc-linux-gnu/bin/../lib/gcc/nios2-elf/4.1.2/mno-hw-mul/libgcc.a(_clz.o)
                0x00111f80                __clz_tab
 .rodata.str1.4
                0x00112080        0x2 /opt/altera/13.0sp1/nios2eds/bin/gnu/H-i686-pc-linux-gnu/bin/../lib/gcc/nios2-elf/4.1.2/../../../../nios2-elf/lib/mno-hw-mul/libc.a(lib_a-puts.o)
                                  0x4 (size before relaxing)
 *fill*         0x00112082        0x2 00
 .rodata.str1.4
                0x00112084       0x5e /opt/altera/13.0sp1/nios2eds/bin/gnu/H-i686-pc-linux-gnu/bin/../lib/gcc/nios2-elf/4.1.2/../../../../nios2-elf/lib/mno-hw-mul/libc.a(lib_a-vfprintf.o)
                                 0x60 (size before relaxing)
 .rodata        0x001120e2       0x20 /opt/altera/13.0sp1/nios2eds/bin/gnu/H-i686-pc-linux-gnu/bin/../lib/gcc/nios2-elf/4.1.2/../../../../nios2-elf/lib/mno-hw-mul/libc.a(lib_a-vfprintf.o)
 *fill*         0x00112102        0x2 00
 .rodata.str1.4
                0x00112104       0x10 /opt/altera/13.0sp1/nios2eds/bin/gnu/H-i686-pc-linux-gnu/bin/../lib/gcc/nios2-elf/4.1.2/../../../../nios2-elf/lib/mno-hw-mul/libc.a(lib_a-dtoa.o)
                                 0x14 (size before relaxing)
 .rodata.str1.4
                0x00112114        0x2 /opt/altera/13.0sp1/nios2eds/bin/gnu/H-i686-pc-linux-gnu/bin/../lib/gcc/nios2-elf/4.1.2/../../../../nios2-elf/lib/mno-hw-mul/libc.a(lib_a-impure.o)
                                  0x4 (size before relaxing)
 *fill*         0x00112116        0x2 00
 .rodata.str1.4
                0x00112118        0xf /opt/altera/13.0sp1/nios2eds/bin/gnu/H-i686-pc-linux-gnu/bin/../lib/gcc/nios2-elf/4.1.2/../../../../nios2-elf/lib/mno-hw-mul/libc.a(lib_a-locale.o)
                                 0x18 (size before relaxing)
 *fill*         0x00112127        0x1 00
 .rodata        0x00112128       0x30 /opt/altera/13.0sp1/nios2eds/bin/gnu/H-i686-pc-linux-gnu/bin/../lib/gcc/nios2-elf/4.1.2/../../../../nios2-elf/lib/mno-hw-mul/libc.a(lib_a-locale.o)
 .rodata        0x00112158      0x124 /opt/altera/13.0sp1/nios2eds/bin/gnu/H-i686-pc-linux-gnu/bin/../lib/gcc/nios2-elf/4.1.2/../../../../nios2-elf/lib/mno-hw-mul/libc.a(lib_a-mprec.o)
                0x00112158                __mprec_tens
                0x00112220                __mprec_bigtens
                0x00112248                __mprec_tinytens
 .rodata.str1.4
                0x0011227c        0xa ../bsp//libucosii_bsp.a(alt_dev.o)
                                  0xc (size before relaxing)
 *fill*         0x00112286        0x2 00
 .rodata.str1.4
                0x00112288       0x11 ../bsp//libucosii_bsp.a(alt_main.o)
                                 0x14 (size before relaxing)
 *fill*         0x00112299        0x3 00
 .rodata.str1.4
                0x0011229c       0x1e ../bsp//libucosii_bsp.a(os_core.o)
                                 0x20 (size before relaxing)
 .rodata        0x001122ba      0x100 ../bsp//libucosii_bsp.a(os_core.o)
                0x001122ba                OSUnMapTbl
 *fill*         0x001123ba        0x2 00
 .rodata.str1.4
                0x001123bc       0x35 ../bsp//libucosii_bsp.a(os_tmr.o)
                                 0x38 (size before relaxing)
 *fill*         0x001123f1        0x3 00
 .rodata.str1.4
                0x001123f4       0x10 ../bsp//libucosii_bsp.a(alt_sys_init.o)
                                 0x24 (size before relaxing)
 .rodata.str1.4
                0x00000000        0x4 ../bsp//libucosii_bsp.a(os_cpu_c.o)
 *(.rodata1)
                0x00112404                . = ALIGN (0x4)
                0x00112404                PROVIDE (__ram_rodata_end, ABSOLUTE (.))
                0x00111dd4                PROVIDE (__flash_rodata_start, LOADADDR (.rodata))

.rwdata         0x00112404     0x1b3c load address 0x00113f40
                0x00112404                PROVIDE (__ram_rwdata_start, ABSOLUTE (.))
                0x00112404                . = ALIGN (0x4)
 *(.got.plt)
 *(.got)
 *(.data1)
 *(.data .data.* .gnu.linkonce.d.*)
 .data          0x00112404        0x0 ../bsp//obj/HAL/src/crt0.o
 .data          0x00112404       0x2c obj/default/cruise_mathew.o
 .data          0x00112430        0x0 /opt/altera/13.0sp1/nios2eds/bin/gnu/H-i686-pc-linux-gnu/bin/../lib/gcc/nios2-elf/4.1.2/mno-hw-mul/libgcc.a(_addsub_df.o)
 .data          0x00112430        0x0 /opt/altera/13.0sp1/nios2eds/bin/gnu/H-i686-pc-linux-gnu/bin/../lib/gcc/nios2-elf/4.1.2/mno-hw-mul/libgcc.a(_div_df.o)
 .data          0x00112430        0x0 /opt/altera/13.0sp1/nios2eds/bin/gnu/H-i686-pc-linux-gnu/bin/../lib/gcc/nios2-elf/4.1.2/mno-hw-mul/libgcc.a(_si_to_df.o)
 .data          0x00112430        0x0 /opt/altera/13.0sp1/nios2eds/bin/gnu/H-i686-pc-linux-gnu/bin/../lib/gcc/nios2-elf/4.1.2/mno-hw-mul/libgcc.a(_df_to_si.o)
 .data          0x00112430        0x0 /opt/altera/13.0sp1/nios2eds/bin/gnu/H-i686-pc-linux-gnu/bin/../lib/gcc/nios2-elf/4.1.2/mno-hw-mul/libgcc.a(_thenan_df.o)
 .data          0x00112430        0x0 /opt/altera/13.0sp1/nios2eds/bin/gnu/H-i686-pc-linux-gnu/bin/../lib/gcc/nios2-elf/4.1.2/mno-hw-mul/libgcc.a(lib2-divmod.o)
 .data          0x00112430        0x0 /opt/altera/13.0sp1/nios2eds/bin/gnu/H-i686-pc-linux-gnu/bin/../lib/gcc/nios2-elf/4.1.2/mno-hw-mul/libgcc.a(lib2-mul.o)
 .data          0x00112430        0x0 /opt/altera/13.0sp1/nios2eds/bin/gnu/H-i686-pc-linux-gnu/bin/../lib/gcc/nios2-elf/4.1.2/mno-hw-mul/libgcc.a(_clzsi2.o)
 .data          0x00112430        0x0 /opt/altera/13.0sp1/nios2eds/bin/gnu/H-i686-pc-linux-gnu/bin/../lib/gcc/nios2-elf/4.1.2/mno-hw-mul/libgcc.a(_pack_df.o)
 .data          0x00112430        0x0 /opt/altera/13.0sp1/nios2eds/bin/gnu/H-i686-pc-linux-gnu/bin/../lib/gcc/nios2-elf/4.1.2/mno-hw-mul/libgcc.a(_unpack_df.o)
 .data          0x00112430        0x0 /opt/altera/13.0sp1/nios2eds/bin/gnu/H-i686-pc-linux-gnu/bin/../lib/gcc/nios2-elf/4.1.2/mno-hw-mul/libgcc.a(_clz.o)
 .data          0x00112430        0x0 /opt/altera/13.0sp1/nios2eds/bin/gnu/H-i686-pc-linux-gnu/bin/../lib/gcc/nios2-elf/4.1.2/../../../../nios2-elf/lib/mno-hw-mul/libc.a(lib_a-printf.o)
 .data          0x00112430        0x0 /opt/altera/13.0sp1/nios2eds/bin/gnu/H-i686-pc-linux-gnu/bin/../lib/gcc/nios2-elf/4.1.2/../../../../nios2-elf/lib/mno-hw-mul/libc.a(lib_a-puts.o)
 .data          0x00112430        0x0 /opt/altera/13.0sp1/nios2eds/bin/gnu/H-i686-pc-linux-gnu/bin/../lib/gcc/nios2-elf/4.1.2/../../../../nios2-elf/lib/mno-hw-mul/libc.a(lib_a-strlen.o)
 .data          0x00112430        0x0 /opt/altera/13.0sp1/nios2eds/bin/gnu/H-i686-pc-linux-gnu/bin/../lib/gcc/nios2-elf/4.1.2/../../../../nios2-elf/lib/mno-hw-mul/libc.a(lib_a-vfprintf.o)
 .data          0x00112430        0x0 /opt/altera/13.0sp1/nios2eds/bin/gnu/H-i686-pc-linux-gnu/bin/../lib/gcc/nios2-elf/4.1.2/../../../../nios2-elf/lib/mno-hw-mul/libc.a(lib_a-wsetup.o)
 .data          0x00112430        0x0 /opt/altera/13.0sp1/nios2eds/bin/gnu/H-i686-pc-linux-gnu/bin/../lib/gcc/nios2-elf/4.1.2/../../../../nios2-elf/lib/mno-hw-mul/libc.a(lib_a-dtoa.o)
 .data          0x00112430        0x0 /opt/altera/13.0sp1/nios2eds/bin/gnu/H-i686-pc-linux-gnu/bin/../lib/gcc/nios2-elf/4.1.2/../../../../nios2-elf/lib/mno-hw-mul/libc.a(lib_a-fflush.o)
 .data          0x00112430        0x0 /opt/altera/13.0sp1/nios2eds/bin/gnu/H-i686-pc-linux-gnu/bin/../lib/gcc/nios2-elf/4.1.2/../../../../nios2-elf/lib/mno-hw-mul/libc.a(lib_a-findfp.o)
 .data          0x00112430        0x0 /opt/altera/13.0sp1/nios2eds/bin/gnu/H-i686-pc-linux-gnu/bin/../lib/gcc/nios2-elf/4.1.2/../../../../nios2-elf/lib/mno-hw-mul/libc.a(lib_a-freer.o)
 .data          0x00112430        0x0 /opt/altera/13.0sp1/nios2eds/bin/gnu/H-i686-pc-linux-gnu/bin/../lib/gcc/nios2-elf/4.1.2/../../../../nios2-elf/lib/mno-hw-mul/libc.a(lib_a-fvwrite.o)
 .data          0x00112430        0x0 /opt/altera/13.0sp1/nios2eds/bin/gnu/H-i686-pc-linux-gnu/bin/../lib/gcc/nios2-elf/4.1.2/../../../../nios2-elf/lib/mno-hw-mul/libc.a(lib_a-fwalk.o)
 .data          0x00112430      0x400 /opt/altera/13.0sp1/nios2eds/bin/gnu/H-i686-pc-linux-gnu/bin/../lib/gcc/nios2-elf/4.1.2/../../../../nios2-elf/lib/mno-hw-mul/libc.a(lib_a-impure.o)
 .data          0x00112830        0xc /opt/altera/13.0sp1/nios2eds/bin/gnu/H-i686-pc-linux-gnu/bin/../lib/gcc/nios2-elf/4.1.2/../../../../nios2-elf/lib/mno-hw-mul/libc.a(lib_a-locale.o)
                0x00112830                __lc_ctype
 .data          0x0011283c        0x0 /opt/altera/13.0sp1/nios2eds/bin/gnu/H-i686-pc-linux-gnu/bin/../lib/gcc/nios2-elf/4.1.2/../../../../nios2-elf/lib/mno-hw-mul/libc.a(lib_a-makebuf.o)
 .data          0x0011283c      0x408 /opt/altera/13.0sp1/nios2eds/bin/gnu/H-i686-pc-linux-gnu/bin/../lib/gcc/nios2-elf/4.1.2/../../../../nios2-elf/lib/mno-hw-mul/libc.a(lib_a-mallocr.o)
                0x0011283c                __malloc_av_
 .data          0x00112c44        0x0 /opt/altera/13.0sp1/nios2eds/bin/gnu/H-i686-pc-linux-gnu/bin/../lib/gcc/nios2-elf/4.1.2/../../../../nios2-elf/lib/mno-hw-mul/libc.a(lib_a-memchr.o)
 .data          0x00112c44        0x0 /opt/altera/13.0sp1/nios2eds/bin/gnu/H-i686-pc-linux-gnu/bin/../lib/gcc/nios2-elf/4.1.2/../../../../nios2-elf/lib/mno-hw-mul/libc.a(lib_a-memcpy.o)
 .data          0x00112c44        0x0 /opt/altera/13.0sp1/nios2eds/bin/gnu/H-i686-pc-linux-gnu/bin/../lib/gcc/nios2-elf/4.1.2/../../../../nios2-elf/lib/mno-hw-mul/libc.a(lib_a-memmove.o)
 .data          0x00112c44        0x0 /opt/altera/13.0sp1/nios2eds/bin/gnu/H-i686-pc-linux-gnu/bin/../lib/gcc/nios2-elf/4.1.2/../../../../nios2-elf/lib/mno-hw-mul/libc.a(lib_a-memset.o)
 .data          0x00112c44        0x0 /opt/altera/13.0sp1/nios2eds/bin/gnu/H-i686-pc-linux-gnu/bin/../lib/gcc/nios2-elf/4.1.2/../../../../nios2-elf/lib/mno-hw-mul/libc.a(lib_a-mprec.o)
 .data          0x00112c44        0x0 /opt/altera/13.0sp1/nios2eds/bin/gnu/H-i686-pc-linux-gnu/bin/../lib/gcc/nios2-elf/4.1.2/../../../../nios2-elf/lib/mno-hw-mul/libc.a(lib_a-reallocr.o)
 .data          0x00112c44        0x0 /opt/altera/13.0sp1/nios2eds/bin/gnu/H-i686-pc-linux-gnu/bin/../lib/gcc/nios2-elf/4.1.2/../../../../nios2-elf/lib/mno-hw-mul/libc.a(lib_a-s_isinfd.o)
 .data          0x00112c44        0x0 /opt/altera/13.0sp1/nios2eds/bin/gnu/H-i686-pc-linux-gnu/bin/../lib/gcc/nios2-elf/4.1.2/../../../../nios2-elf/lib/mno-hw-mul/libc.a(lib_a-s_isnand.o)
 .data          0x00112c44        0x0 /opt/altera/13.0sp1/nios2eds/bin/gnu/H-i686-pc-linux-gnu/bin/../lib/gcc/nios2-elf/4.1.2/../../../../nios2-elf/lib/mno-hw-mul/libc.a(lib_a-sbrkr.o)
 .data          0x00112c44        0x0 /opt/altera/13.0sp1/nios2eds/bin/gnu/H-i686-pc-linux-gnu/bin/../lib/gcc/nios2-elf/4.1.2/../../../../nios2-elf/lib/mno-hw-mul/libc.a(lib_a-stdio.o)
 .data          0x00112c44        0x0 /opt/altera/13.0sp1/nios2eds/bin/gnu/H-i686-pc-linux-gnu/bin/../lib/gcc/nios2-elf/4.1.2/../../../../nios2-elf/lib/mno-hw-mul/libc.a(lib_a-strcmp.o)
 .data          0x00112c44        0x0 /opt/altera/13.0sp1/nios2eds/bin/gnu/H-i686-pc-linux-gnu/bin/../lib/gcc/nios2-elf/4.1.2/../../../../nios2-elf/lib/mno-hw-mul/libc.a(lib_a-writer.o)
 .data          0x00112c44        0x0 /opt/altera/13.0sp1/nios2eds/bin/gnu/H-i686-pc-linux-gnu/bin/../lib/gcc/nios2-elf/4.1.2/../../../../nios2-elf/lib/mno-hw-mul/libc.a(lib_a-callocr.o)
 .data          0x00112c44        0x0 /opt/altera/13.0sp1/nios2eds/bin/gnu/H-i686-pc-linux-gnu/bin/../lib/gcc/nios2-elf/4.1.2/../../../../nios2-elf/lib/mno-hw-mul/libc.a(lib_a-closer.o)
 .data          0x00112c44        0x0 /opt/altera/13.0sp1/nios2eds/bin/gnu/H-i686-pc-linux-gnu/bin/../lib/gcc/nios2-elf/4.1.2/../../../../nios2-elf/lib/mno-hw-mul/libc.a(lib_a-fclose.o)
 .data          0x00112c44        0x0 /opt/altera/13.0sp1/nios2eds/bin/gnu/H-i686-pc-linux-gnu/bin/../lib/gcc/nios2-elf/4.1.2/../../../../nios2-elf/lib/mno-hw-mul/libc.a(lib_a-fstatr.o)
 .data          0x00112c44        0x0 /opt/altera/13.0sp1/nios2eds/bin/gnu/H-i686-pc-linux-gnu/bin/../lib/gcc/nios2-elf/4.1.2/../../../../nios2-elf/lib/mno-hw-mul/libc.a(lib_a-int_errno.o)
 .data          0x00112c44        0x0 /opt/altera/13.0sp1/nios2eds/bin/gnu/H-i686-pc-linux-gnu/bin/../lib/gcc/nios2-elf/4.1.2/../../../../nios2-elf/lib/mno-hw-mul/libc.a(lib_a-isattyr.o)
 .data          0x00112c44        0x0 /opt/altera/13.0sp1/nios2eds/bin/gnu/H-i686-pc-linux-gnu/bin/../lib/gcc/nios2-elf/4.1.2/../../../../nios2-elf/lib/mno-hw-mul/libc.a(lib_a-lseekr.o)
 .data          0x00112c44        0x0 /opt/altera/13.0sp1/nios2eds/bin/gnu/H-i686-pc-linux-gnu/bin/../lib/gcc/nios2-elf/4.1.2/../../../../nios2-elf/lib/mno-hw-mul/libc.a(lib_a-readr.o)
 .data          0x00112c44        0x0 /opt/altera/13.0sp1/nios2eds/bin/gnu/H-i686-pc-linux-gnu/bin/../lib/gcc/nios2-elf/4.1.2/mno-hw-mul/libgcc.a(_udivdi3.o)
 .data          0x00112c44        0x0 /opt/altera/13.0sp1/nios2eds/bin/gnu/H-i686-pc-linux-gnu/bin/../lib/gcc/nios2-elf/4.1.2/mno-hw-mul/libgcc.a(_umoddi3.o)
 .data          0x00112c44        0x0 /opt/altera/13.0sp1/nios2eds/bin/gnu/H-i686-pc-linux-gnu/bin/../lib/gcc/nios2-elf/4.1.2/mno-hw-mul/libgcc.a(_mul_df.o)
 .data          0x00112c44        0x0 /opt/altera/13.0sp1/nios2eds/bin/gnu/H-i686-pc-linux-gnu/bin/../lib/gcc/nios2-elf/4.1.2/mno-hw-mul/libgcc.a(_eq_df.o)
 .data          0x00112c44        0x0 /opt/altera/13.0sp1/nios2eds/bin/gnu/H-i686-pc-linux-gnu/bin/../lib/gcc/nios2-elf/4.1.2/mno-hw-mul/libgcc.a(_ne_df.o)
 .data          0x00112c44        0x0 /opt/altera/13.0sp1/nios2eds/bin/gnu/H-i686-pc-linux-gnu/bin/../lib/gcc/nios2-elf/4.1.2/mno-hw-mul/libgcc.a(_gt_df.o)
 .data          0x00112c44        0x0 /opt/altera/13.0sp1/nios2eds/bin/gnu/H-i686-pc-linux-gnu/bin/../lib/gcc/nios2-elf/4.1.2/mno-hw-mul/libgcc.a(_ge_df.o)
 .data          0x00112c44        0x0 /opt/altera/13.0sp1/nios2eds/bin/gnu/H-i686-pc-linux-gnu/bin/../lib/gcc/nios2-elf/4.1.2/mno-hw-mul/libgcc.a(_lt_df.o)
 .data          0x00112c44        0x0 /opt/altera/13.0sp1/nios2eds/bin/gnu/H-i686-pc-linux-gnu/bin/../lib/gcc/nios2-elf/4.1.2/mno-hw-mul/libgcc.a(_usi_to_df.o)
 .data          0x00112c44        0x0 /opt/altera/13.0sp1/nios2eds/bin/gnu/H-i686-pc-linux-gnu/bin/../lib/gcc/nios2-elf/4.1.2/mno-hw-mul/libgcc.a(_muldi3.o)
 .data          0x00112c44        0x0 /opt/altera/13.0sp1/nios2eds/bin/gnu/H-i686-pc-linux-gnu/bin/../lib/gcc/nios2-elf/4.1.2/mno-hw-mul/libgcc.a(_fpcmp_parts_df.o)
 .data          0x00112c44        0x0 ../bsp//libucosii_bsp.a(alt_alarm_start.o)
 .data          0x00112c44        0x0 ../bsp//libucosii_bsp.a(alt_close.o)
 .data          0x00112c44      0x1a8 ../bsp//libucosii_bsp.a(alt_dev.o)
                0x00112c44                alt_dev_null
                0x00112c6c                alt_fd_list
 .data          0x00112dec        0x0 ../bsp//libucosii_bsp.a(alt_errno.o)
 .data          0x00112dec        0x0 ../bsp//libucosii_bsp.a(alt_fstat.o)
 .data          0x00112dec        0x0 ../bsp//libucosii_bsp.a(alt_isatty.o)
 .data          0x00112dec        0x0 ../bsp//libucosii_bsp.a(alt_load.o)
 .data          0x00112dec        0x0 ../bsp//libucosii_bsp.a(alt_lseek.o)
 .data          0x00112dec        0x0 ../bsp//libucosii_bsp.a(alt_main.o)
 .data          0x00112dec        0x0 ../bsp//libucosii_bsp.a(alt_read.o)
 .data          0x00112dec        0x0 ../bsp//libucosii_bsp.a(alt_release_fd.o)
 .data          0x00112dec        0x0 ../bsp//libucosii_bsp.a(alt_sbrk.o)
 .data          0x00112dec        0x0 ../bsp//libucosii_bsp.a(alt_tick.o)
 .data          0x00112dec        0x0 ../bsp//libucosii_bsp.a(alt_write.o)
 .data          0x00112dec        0x0 ../bsp//libucosii_bsp.a(alt_env_lock.o)
 .data          0x00112dec        0x0 ../bsp//libucosii_bsp.a(alt_malloc_lock.o)
 .data          0x00112dec        0x0 ../bsp//libucosii_bsp.a(os_core.o)
 .data          0x00112dec        0x0 ../bsp//libucosii_bsp.a(os_dbg.o)
 .data          0x00112dec        0x0 ../bsp//libucosii_bsp.a(os_flag.o)
 .data          0x00112dec        0x0 ../bsp//libucosii_bsp.a(os_mbox.o)
 .data          0x00112dec        0x0 ../bsp//libucosii_bsp.a(os_mem.o)
 .data          0x00112dec        0x0 ../bsp//libucosii_bsp.a(os_q.o)
 .data          0x00112dec        0x0 ../bsp//libucosii_bsp.a(os_sem.o)
 .data          0x00112dec        0x0 ../bsp//libucosii_bsp.a(os_task.o)
 .data          0x00112dec        0x0 ../bsp//libucosii_bsp.a(os_time.o)
 .data          0x00112dec        0x0 ../bsp//libucosii_bsp.a(os_tmr.o)
 .data          0x00112dec     0x1098 ../bsp//libucosii_bsp.a(alt_sys_init.o)
 .data          0x00113e84        0x0 ../bsp//libucosii_bsp.a(altera_avalon_jtag_uart_fd.o)
 .data          0x00113e84        0x0 ../bsp//libucosii_bsp.a(altera_avalon_jtag_uart_init.o)
 .data          0x00113e84        0x0 ../bsp//libucosii_bsp.a(altera_avalon_jtag_uart_ioctl.o)
 .data          0x00113e84        0x0 ../bsp//libucosii_bsp.a(altera_avalon_jtag_uart_read.o)
 .data          0x00113e84        0x0 ../bsp//libucosii_bsp.a(altera_avalon_jtag_uart_write.o)
 .data          0x00113e84        0x0 ../bsp//libucosii_bsp.a(altera_avalon_timer_sc.o)
 .data          0x00113e84        0x0 ../bsp//libucosii_bsp.a(altera_up_avalon_character_lcd.o)
 .data          0x00113e84        0x0 ../bsp//libucosii_bsp.a(alt_dcache_flush_all.o)
 .data          0x00113e84        0x0 ../bsp//libucosii_bsp.a(alt_dev_llist_insert.o)
 .data          0x00113e84        0x0 ../bsp//libucosii_bsp.a(alt_do_ctors.o)
 .data          0x00113e84        0x0 ../bsp//libucosii_bsp.a(alt_do_dtors.o)
 .data          0x00113e84        0x0 ../bsp//libucosii_bsp.a(alt_find_dev.o)
 .data          0x00113e84        0x0 ../bsp//libucosii_bsp.a(alt_icache_flush_all.o)
 .data          0x00113e84        0x0 ../bsp//libucosii_bsp.a(alt_iic.o)
 .data          0x00113e84        0x0 ../bsp//libucosii_bsp.a(alt_iic_isr_register.o)
 .data          0x00113e84        0x0 ../bsp//libucosii_bsp.a(alt_io_redirect.o)
 .data          0x00113e84        0x0 ../bsp//libucosii_bsp.a(alt_irq_entry.o)
 .data          0x00113e84        0x0 ../bsp//libucosii_bsp.a(alt_irq_handler.o)
 .data          0x00113e84        0x0 ../bsp//libucosii_bsp.a(alt_irq_vars.o)
 .data          0x00113e84        0x0 ../bsp//libucosii_bsp.a(alt_open.o)
 .data          0x00113e84        0x0 ../bsp//libucosii_bsp.a(altera_nios2_qsys_irq.o)
 .data          0x00113e84        0x0 ../bsp//libucosii_bsp.a(os_cpu_a.o)
 .data          0x00113e84        0x0 ../bsp//libucosii_bsp.a(os_cpu_c.o)
 .data          0x00113e84        0x0 ../bsp//libucosii_bsp.a(alt_exception_entry.o)
 .data          0x00113e84        0x0 ../bsp//libucosii_bsp.a(alt_find_file.o)
 .data          0x00113e84        0x0 ../bsp//libucosii_bsp.a(alt_get_fd.o)
 .data          0x00113e84        0x0 /opt/altera/13.0sp1/nios2eds/bin/gnu/H-i686-pc-linux-gnu/bin/../lib/gcc/nios2-elf/4.1.2/../../../../nios2-elf/lib/mno-hw-mul/libc.a(lib_a-atexit.o)
 .data          0x00113e84        0x0 /opt/altera/13.0sp1/nios2eds/bin/gnu/H-i686-pc-linux-gnu/bin/../lib/gcc/nios2-elf/4.1.2/../../../../nios2-elf/lib/mno-hw-mul/libc.a(lib_a-exit.o)
 .data          0x00113e84        0x0 /opt/altera/13.0sp1/nios2eds/bin/gnu/H-i686-pc-linux-gnu/bin/../lib/gcc/nios2-elf/4.1.2/../../../../nios2-elf/lib/mno-hw-mul/libc.a(lib_a-memcmp.o)
 .data          0x00113e84        0x0 /opt/altera/13.0sp1/nios2eds/bin/gnu/H-i686-pc-linux-gnu/bin/../lib/gcc/nios2-elf/4.1.2/../../../../nios2-elf/lib/mno-hw-mul/libc.a(lib_a-__atexit.o)
 .data          0x00113e84        0x0 /opt/altera/13.0sp1/nios2eds/bin/gnu/H-i686-pc-linux-gnu/bin/../lib/gcc/nios2-elf/4.1.2/../../../../nios2-elf/lib/mno-hw-mul/libc.a(lib_a-__call_atexit.o)
 .data          0x00113e84        0x0 /opt/altera/13.0sp1/nios2eds/bin/gnu/H-i686-pc-linux-gnu/bin/../lib/gcc/nios2-elf/4.1.2/mno-hw-mul/libgcc.a(_fixunsdfsi.o)
 .data          0x00113e84        0x0 ../bsp//libucosii_bsp.a(alt_exit.o)
                0x0011be84                _gp = ABSOLUTE ((. + 0x8000))
                0x0011be84                PROVIDE (gp, _gp)
 *(.rwdata .rwdata.*)
 *(.sdata .sdata.* .gnu.linkonce.s.*)
 .sdata         0x00113e84        0x8 /opt/altera/13.0sp1/nios2eds/bin/gnu/H-i686-pc-linux-gnu/bin/../lib/gcc/nios2-elf/4.1.2/../../../../nios2-elf/lib/mno-hw-mul/libc.a(lib_a-impure.o)
                0x00113e84                _impure_ptr
                0x00113e88                _global_impure_ptr
 .sdata         0x00113e8c        0x8 /opt/altera/13.0sp1/nios2eds/bin/gnu/H-i686-pc-linux-gnu/bin/../lib/gcc/nios2-elf/4.1.2/../../../../nios2-elf/lib/mno-hw-mul/libc.a(lib_a-locale.o)
                0x00113e8c                __mb_cur_max
 .sdata         0x00113e94        0x8 /opt/altera/13.0sp1/nios2eds/bin/gnu/H-i686-pc-linux-gnu/bin/../lib/gcc/nios2-elf/4.1.2/../../../../nios2-elf/lib/mno-hw-mul/libc.a(lib_a-mallocr.o)
                0x00113e94                __malloc_trim_threshold
                0x00113e98                __malloc_sbrk_base
 .sdata         0x00113e9c       0x14 ../bsp//libucosii_bsp.a(alt_dev.o)
                0x00113e9c                alt_fs_list
                0x00113ea4                alt_dev_list
                0x00113eac                alt_max_fd
 .sdata         0x00113eb0        0x4 ../bsp//libucosii_bsp.a(alt_errno.o)
                0x00113eb0                alt_errno
 .sdata         0x00113eb4        0x4 ../bsp//libucosii_bsp.a(alt_sbrk.o)
 .sdata         0x00113eb8        0x8 ../bsp//libucosii_bsp.a(alt_tick.o)
                0x00113eb8                alt_alarm_list
 .sdata         0x00113ec0        0x4 ../bsp//libucosii_bsp.a(alt_env_lock.o)
 .sdata         0x00113ec4        0x4 ../bsp//libucosii_bsp.a(alt_malloc_lock.o)
 .sdata         0x00113ec8       0x74 ../bsp//libucosii_bsp.a(os_dbg.o)
                0x00113ec8                OSDebugEn
                0x00113ecc                OSEndiannessTest
                0x00113ed0                OSEventEn
                0x00113ed2                OSEventMax
                0x00113ed4                OSEventNameSize
                0x00113ed6                OSEventSize
                0x00113ed8                OSEventTblSize
                0x00113eda                OSEventMultiEn
                0x00113edc                OSFlagEn
                0x00113ede                OSFlagGrpSize
                0x00113ee0                OSFlagNodeSize
                0x00113ee2                OSFlagWidth
                0x00113ee4                OSFlagMax
                0x00113ee6                OSFlagNameSize
                0x00113ee8                OSLowestPrio
                0x00113eea                OSMboxEn
                0x00113eec                OSMemEn
                0x00113eee                OSMemMax
                0x00113ef0                OSMemNameSize
                0x00113ef2                OSMemSize
                0x00113ef4                OSMemTblSize
                0x00113ef6                OSMutexEn
                0x00113ef8                OSPtrSize
                0x00113efa                OSQEn
                0x00113efc                OSQMax
                0x00113efe                OSQSize
                0x00113f00                OSRdyTblSize
                0x00113f02                OSSemEn
                0x00113f04                OSStkWidth
                0x00113f06                OSTaskCreateEn
                0x00113f08                OSTaskCreateExtEn
                0x00113f0a                OSTaskDelEn
                0x00113f0c                OSTaskIdleStkSize
                0x00113f0e                OSTaskProfileEn
                0x00113f10                OSTaskMax
                0x00113f12                OSTaskNameSize
                0x00113f14                OSTaskStatEn
                0x00113f16                OSTaskStatStkSize
                0x00113f18                OSTaskStatStkChkEn
                0x00113f1a                OSTaskSwHookEn
                0x00113f1c                OSTCBPrioTblMax
                0x00113f1e                OSTCBSize
                0x00113f20                OSTicksPerSec
                0x00113f22                OSTimeTickHookEn
                0x00113f24                OSVersionNbr
                0x00113f26                OSTmrEn
                0x00113f28                OSTmrCfgMax
                0x00113f2a                OSTmrCfgNameSize
                0x00113f2c                OSTmrCfgWheelSize
                0x00113f2e                OSTmrCfgTicksPerSec
                0x00113f30                OSTmrSize
                0x00113f32                OSTmrTblSize
                0x00113f34                OSTmrWheelSize
                0x00113f36                OSTmrWheelTblSize
                0x00113f38                OSDataSize
 .sdata         0x00113f3c        0x4 ../bsp//libucosii_bsp.a(alt_irq_vars.o)
                0x00113f3c                alt_priority_mask
 *(.sdata2 .sdata2.* .gnu.linkonce.s2.*)
                0x00113f40                . = ALIGN (0x4)
                0x00113f40                _edata = ABSOLUTE (.)
                0x00113f40                PROVIDE (edata, ABSOLUTE (.))
                0x00113f40                PROVIDE (__ram_rwdata_end, ABSOLUTE (.))
                0x00113f40                PROVIDE (__flash_rwdata_start, LOADADDR (.rwdata))

.bss            0x00115a7c     0xe138
                0x00115a7c                __bss_start = ABSOLUTE (.)
                0x00115a7c                PROVIDE (__sbss_start, ABSOLUTE (.))
                0x00115a7c                PROVIDE (___sbss_start, ABSOLUTE (.))
 *(.dynsbss)
 *(.sbss .sbss.* .gnu.linkonce.sb.*)
 .sbss          0x00115a7c        0x8 obj/default/cruise_mathew.o
                0x00115a7c                led_green
                0x00115a80                led_red
 .sbss          0x00115a84       0x38 obj/default/cruise_mathew.o
                0x00115a84                Mbox_Throttle
                0x00115a88                SwitchTaskTimerSem
                0x00115a8c                ButtonIOTaskTimerSem
                0x00115a90                ButtonTaskTimer
                0x00115a94                Mbox_Velocity
                0x00115a98                SwitchTaskTimer
                0x00115a9c                VehicleTaskTimer
                0x00115aa0                ControlTaskTimerSem
                0x00115aa4                VechicleTaskTimerSem
                0x00115aa8                ControlTaskTimer
                0x00115aac                Mbox_Engine
                0x00115ab0                Mbox_Gear
                0x00115ab4                delay
                0x00115ab8                Mbox_Brake
 .sbss          0x00115abc        0xc /opt/altera/13.0sp1/nios2eds/bin/gnu/H-i686-pc-linux-gnu/bin/../lib/gcc/nios2-elf/4.1.2/../../../../nios2-elf/lib/mno-hw-mul/libc.a(lib_a-locale.o)
                0x00115abc                __nlocale_changed
                0x00115ac0                __mlocale_changed
                0x00115ac4                _PathLocale
 .sbss          0x00115ac8        0xc /opt/altera/13.0sp1/nios2eds/bin/gnu/H-i686-pc-linux-gnu/bin/../lib/gcc/nios2-elf/4.1.2/../../../../nios2-elf/lib/mno-hw-mul/libc.a(lib_a-mallocr.o)
                0x00115ac8                __malloc_top_pad
                0x00115acc                __malloc_max_sbrked_mem
                0x00115ad0                __malloc_max_total_mem
 .sbss          0x00115ad4        0x4 /opt/altera/13.0sp1/nios2eds/bin/gnu/H-i686-pc-linux-gnu/bin/../lib/gcc/nios2-elf/4.1.2/../../../../nios2-elf/lib/mno-hw-mul/libc.a(lib_a-int_errno.o)
                0x00115ad4                errno
 .sbss          0x00115ad8        0x4 ../bsp//libucosii_bsp.a(alt_dev.o)
                0x00115ad8                alt_fd_list_lock
 .sbss          0x00115adc        0xc ../bsp//libucosii_bsp.a(alt_main.o)
                0x00115adc                alt_argc
                0x00115ae0                alt_argv
                0x00115ae4                alt_envp
 .sbss          0x00115ae8        0x8 ../bsp//libucosii_bsp.a(alt_tick.o)
                0x00115ae8                _alt_tick_rate
                0x00115aec                _alt_nticks
 .sbss          0x00115af0        0x8 ../bsp//libucosii_bsp.a(alt_env_lock.o)
                0x00115af4                alt_envsem
 .sbss          0x00115af8        0x8 ../bsp//libucosii_bsp.a(alt_malloc_lock.o)
                0x00115afc                alt_heapsem
 .sbss          0x00115b00       0x68 ../bsp//libucosii_bsp.a(os_core.o)
                0x00115b00                OSTmrFreeList
                0x00115b04                OSLockNesting
                0x00115b08                OSTmrSemSignal
                0x00115b0c                OSRunning
                0x00115b10                OSIdleCtr
                0x00115b14                OSTmrUsed
                0x00115b16                OSPrioHighRdy
                0x00115b17                OSPrioCur
                0x00115b18                OSTCBList
                0x00115b1c                OSTickStepState
                0x00115b20                OSCtxSwCtr
                0x00115b24                OSTmrFree
                0x00115b28                OSIdleCtrMax
                0x00115b2c                OSTCBFreeList
                0x00115b30                OSCPUUsage
                0x00115b31                OSTaskCtr
                0x00115b34                OSMemFreeList
                0x00115b38                OSTCBHighRdy
                0x00115b3c                OSQFreeList
                0x00115b40                OSRdyGrp
                0x00115b41                OSRdyTbl
                0x00115b44                OSEventFreeList
                0x00115b48                OSIntNesting
                0x00115b4c                OSTCBCur
                0x00115b50                OSTmrTime
                0x00115b54                OSTime
                0x00115b58                OSTmrSem
                0x00115b5c                OSFlagFreeList
                0x00115b60                OSStatRdy
                0x00115b64                OSIdleCtrRun
 .sbss          0x00115b68        0x4 ../bsp//libucosii_bsp.a(alt_irq_vars.o)
                0x00115b68                alt_irq_active
 .sbss          0x00115b6c        0x2 ../bsp//libucosii_bsp.a(os_cpu_c.o)
 *(.sbss2 .sbss2.* .gnu.linkonce.sb2.*)
 *(.scommon)
                0x00115b6e                PROVIDE (__sbss_end, ABSOLUTE (.))
                0x00115b6e                PROVIDE (___sbss_end, ABSOLUTE (.))
 *(.dynbss)
 *(.bss .bss.* .gnu.linkonce.b.*)
 .bss           0x00115b6e        0x0 ../bsp//obj/HAL/src/crt0.o
 *fill*         0x00115b6e        0x2 00
 .bss           0x00115b70       0x18 obj/default/cruise_mathew.o
 .bss           0x00115b88        0x0 /opt/altera/13.0sp1/nios2eds/bin/gnu/H-i686-pc-linux-gnu/bin/../lib/gcc/nios2-elf/4.1.2/mno-hw-mul/libgcc.a(_addsub_df.o)
 .bss           0x00115b88        0x0 /opt/altera/13.0sp1/nios2eds/bin/gnu/H-i686-pc-linux-gnu/bin/../lib/gcc/nios2-elf/4.1.2/mno-hw-mul/libgcc.a(_div_df.o)
 .bss           0x00115b88        0x0 /opt/altera/13.0sp1/nios2eds/bin/gnu/H-i686-pc-linux-gnu/bin/../lib/gcc/nios2-elf/4.1.2/mno-hw-mul/libgcc.a(_si_to_df.o)
 .bss           0x00115b88        0x0 /opt/altera/13.0sp1/nios2eds/bin/gnu/H-i686-pc-linux-gnu/bin/../lib/gcc/nios2-elf/4.1.2/mno-hw-mul/libgcc.a(_df_to_si.o)
 .bss           0x00115b88        0x0 /opt/altera/13.0sp1/nios2eds/bin/gnu/H-i686-pc-linux-gnu/bin/../lib/gcc/nios2-elf/4.1.2/mno-hw-mul/libgcc.a(_thenan_df.o)
 .bss           0x00115b88        0x0 /opt/altera/13.0sp1/nios2eds/bin/gnu/H-i686-pc-linux-gnu/bin/../lib/gcc/nios2-elf/4.1.2/mno-hw-mul/libgcc.a(lib2-divmod.o)
 .bss           0x00115b88        0x0 /opt/altera/13.0sp1/nios2eds/bin/gnu/H-i686-pc-linux-gnu/bin/../lib/gcc/nios2-elf/4.1.2/mno-hw-mul/libgcc.a(lib2-mul.o)
 .bss           0x00115b88        0x0 /opt/altera/13.0sp1/nios2eds/bin/gnu/H-i686-pc-linux-gnu/bin/../lib/gcc/nios2-elf/4.1.2/mno-hw-mul/libgcc.a(_clzsi2.o)
 .bss           0x00115b88        0x0 /opt/altera/13.0sp1/nios2eds/bin/gnu/H-i686-pc-linux-gnu/bin/../lib/gcc/nios2-elf/4.1.2/mno-hw-mul/libgcc.a(_pack_df.o)
 .bss           0x00115b88        0x0 /opt/altera/13.0sp1/nios2eds/bin/gnu/H-i686-pc-linux-gnu/bin/../lib/gcc/nios2-elf/4.1.2/mno-hw-mul/libgcc.a(_unpack_df.o)
 .bss           0x00115b88        0x0 /opt/altera/13.0sp1/nios2eds/bin/gnu/H-i686-pc-linux-gnu/bin/../lib/gcc/nios2-elf/4.1.2/mno-hw-mul/libgcc.a(_clz.o)
 .bss           0x00115b88        0x0 /opt/altera/13.0sp1/nios2eds/bin/gnu/H-i686-pc-linux-gnu/bin/../lib/gcc/nios2-elf/4.1.2/../../../../nios2-elf/lib/mno-hw-mul/libc.a(lib_a-printf.o)
 .bss           0x00115b88        0x0 /opt/altera/13.0sp1/nios2eds/bin/gnu/H-i686-pc-linux-gnu/bin/../lib/gcc/nios2-elf/4.1.2/../../../../nios2-elf/lib/mno-hw-mul/libc.a(lib_a-puts.o)
 .bss           0x00115b88        0x0 /opt/altera/13.0sp1/nios2eds/bin/gnu/H-i686-pc-linux-gnu/bin/../lib/gcc/nios2-elf/4.1.2/../../../../nios2-elf/lib/mno-hw-mul/libc.a(lib_a-strlen.o)
 .bss           0x00115b88        0x0 /opt/altera/13.0sp1/nios2eds/bin/gnu/H-i686-pc-linux-gnu/bin/../lib/gcc/nios2-elf/4.1.2/../../../../nios2-elf/lib/mno-hw-mul/libc.a(lib_a-vfprintf.o)
 .bss           0x00115b88        0x0 /opt/altera/13.0sp1/nios2eds/bin/gnu/H-i686-pc-linux-gnu/bin/../lib/gcc/nios2-elf/4.1.2/../../../../nios2-elf/lib/mno-hw-mul/libc.a(lib_a-wsetup.o)
 .bss           0x00115b88        0x0 /opt/altera/13.0sp1/nios2eds/bin/gnu/H-i686-pc-linux-gnu/bin/../lib/gcc/nios2-elf/4.1.2/../../../../nios2-elf/lib/mno-hw-mul/libc.a(lib_a-dtoa.o)
 .bss           0x00115b88        0x0 /opt/altera/13.0sp1/nios2eds/bin/gnu/H-i686-pc-linux-gnu/bin/../lib/gcc/nios2-elf/4.1.2/../../../../nios2-elf/lib/mno-hw-mul/libc.a(lib_a-fflush.o)
 .bss           0x00115b88        0x0 /opt/altera/13.0sp1/nios2eds/bin/gnu/H-i686-pc-linux-gnu/bin/../lib/gcc/nios2-elf/4.1.2/../../../../nios2-elf/lib/mno-hw-mul/libc.a(lib_a-findfp.o)
 .bss           0x00115b88        0x0 /opt/altera/13.0sp1/nios2eds/bin/gnu/H-i686-pc-linux-gnu/bin/../lib/gcc/nios2-elf/4.1.2/../../../../nios2-elf/lib/mno-hw-mul/libc.a(lib_a-freer.o)
 .bss           0x00115b88        0x0 /opt/altera/13.0sp1/nios2eds/bin/gnu/H-i686-pc-linux-gnu/bin/../lib/gcc/nios2-elf/4.1.2/../../../../nios2-elf/lib/mno-hw-mul/libc.a(lib_a-fvwrite.o)
 .bss           0x00115b88        0x0 /opt/altera/13.0sp1/nios2eds/bin/gnu/H-i686-pc-linux-gnu/bin/../lib/gcc/nios2-elf/4.1.2/../../../../nios2-elf/lib/mno-hw-mul/libc.a(lib_a-fwalk.o)
 .bss           0x00115b88        0x0 /opt/altera/13.0sp1/nios2eds/bin/gnu/H-i686-pc-linux-gnu/bin/../lib/gcc/nios2-elf/4.1.2/../../../../nios2-elf/lib/mno-hw-mul/libc.a(lib_a-impure.o)
 .bss           0x00115b88        0x0 /opt/altera/13.0sp1/nios2eds/bin/gnu/H-i686-pc-linux-gnu/bin/../lib/gcc/nios2-elf/4.1.2/../../../../nios2-elf/lib/mno-hw-mul/libc.a(lib_a-locale.o)
 .bss           0x00115b88        0x0 /opt/altera/13.0sp1/nios2eds/bin/gnu/H-i686-pc-linux-gnu/bin/../lib/gcc/nios2-elf/4.1.2/../../../../nios2-elf/lib/mno-hw-mul/libc.a(lib_a-makebuf.o)
 .bss           0x00115b88       0x28 /opt/altera/13.0sp1/nios2eds/bin/gnu/H-i686-pc-linux-gnu/bin/../lib/gcc/nios2-elf/4.1.2/../../../../nios2-elf/lib/mno-hw-mul/libc.a(lib_a-mallocr.o)
                0x00115b88                __malloc_current_mallinfo
 .bss           0x00115bb0        0x0 /opt/altera/13.0sp1/nios2eds/bin/gnu/H-i686-pc-linux-gnu/bin/../lib/gcc/nios2-elf/4.1.2/../../../../nios2-elf/lib/mno-hw-mul/libc.a(lib_a-memchr.o)
 .bss           0x00115bb0        0x0 /opt/altera/13.0sp1/nios2eds/bin/gnu/H-i686-pc-linux-gnu/bin/../lib/gcc/nios2-elf/4.1.2/../../../../nios2-elf/lib/mno-hw-mul/libc.a(lib_a-memcpy.o)
 .bss           0x00115bb0        0x0 /opt/altera/13.0sp1/nios2eds/bin/gnu/H-i686-pc-linux-gnu/bin/../lib/gcc/nios2-elf/4.1.2/../../../../nios2-elf/lib/mno-hw-mul/libc.a(lib_a-memmove.o)
 .bss           0x00115bb0        0x0 /opt/altera/13.0sp1/nios2eds/bin/gnu/H-i686-pc-linux-gnu/bin/../lib/gcc/nios2-elf/4.1.2/../../../../nios2-elf/lib/mno-hw-mul/libc.a(lib_a-memset.o)
 .bss           0x00115bb0        0x0 /opt/altera/13.0sp1/nios2eds/bin/gnu/H-i686-pc-linux-gnu/bin/../lib/gcc/nios2-elf/4.1.2/../../../../nios2-elf/lib/mno-hw-mul/libc.a(lib_a-mprec.o)
 .bss           0x00115bb0        0x0 /opt/altera/13.0sp1/nios2eds/bin/gnu/H-i686-pc-linux-gnu/bin/../lib/gcc/nios2-elf/4.1.2/../../../../nios2-elf/lib/mno-hw-mul/libc.a(lib_a-reallocr.o)
 .bss           0x00115bb0        0x0 /opt/altera/13.0sp1/nios2eds/bin/gnu/H-i686-pc-linux-gnu/bin/../lib/gcc/nios2-elf/4.1.2/../../../../nios2-elf/lib/mno-hw-mul/libc.a(lib_a-s_isinfd.o)
 .bss           0x00115bb0        0x0 /opt/altera/13.0sp1/nios2eds/bin/gnu/H-i686-pc-linux-gnu/bin/../lib/gcc/nios2-elf/4.1.2/../../../../nios2-elf/lib/mno-hw-mul/libc.a(lib_a-s_isnand.o)
 .bss           0x00115bb0        0x0 /opt/altera/13.0sp1/nios2eds/bin/gnu/H-i686-pc-linux-gnu/bin/../lib/gcc/nios2-elf/4.1.2/../../../../nios2-elf/lib/mno-hw-mul/libc.a(lib_a-sbrkr.o)
 .bss           0x00115bb0        0x0 /opt/altera/13.0sp1/nios2eds/bin/gnu/H-i686-pc-linux-gnu/bin/../lib/gcc/nios2-elf/4.1.2/../../../../nios2-elf/lib/mno-hw-mul/libc.a(lib_a-stdio.o)
 .bss           0x00115bb0        0x0 /opt/altera/13.0sp1/nios2eds/bin/gnu/H-i686-pc-linux-gnu/bin/../lib/gcc/nios2-elf/4.1.2/../../../../nios2-elf/lib/mno-hw-mul/libc.a(lib_a-strcmp.o)
 .bss           0x00115bb0        0x0 /opt/altera/13.0sp1/nios2eds/bin/gnu/H-i686-pc-linux-gnu/bin/../lib/gcc/nios2-elf/4.1.2/../../../../nios2-elf/lib/mno-hw-mul/libc.a(lib_a-writer.o)
 .bss           0x00115bb0        0x0 /opt/altera/13.0sp1/nios2eds/bin/gnu/H-i686-pc-linux-gnu/bin/../lib/gcc/nios2-elf/4.1.2/../../../../nios2-elf/lib/mno-hw-mul/libc.a(lib_a-callocr.o)
 .bss           0x00115bb0        0x0 /opt/altera/13.0sp1/nios2eds/bin/gnu/H-i686-pc-linux-gnu/bin/../lib/gcc/nios2-elf/4.1.2/../../../../nios2-elf/lib/mno-hw-mul/libc.a(lib_a-closer.o)
 .bss           0x00115bb0        0x0 /opt/altera/13.0sp1/nios2eds/bin/gnu/H-i686-pc-linux-gnu/bin/../lib/gcc/nios2-elf/4.1.2/../../../../nios2-elf/lib/mno-hw-mul/libc.a(lib_a-fclose.o)
 .bss           0x00115bb0        0x0 /opt/altera/13.0sp1/nios2eds/bin/gnu/H-i686-pc-linux-gnu/bin/../lib/gcc/nios2-elf/4.1.2/../../../../nios2-elf/lib/mno-hw-mul/libc.a(lib_a-fstatr.o)
 .bss           0x00115bb0        0x0 /opt/altera/13.0sp1/nios2eds/bin/gnu/H-i686-pc-linux-gnu/bin/../lib/gcc/nios2-elf/4.1.2/../../../../nios2-elf/lib/mno-hw-mul/libc.a(lib_a-int_errno.o)
 .bss           0x00115bb0        0x0 /opt/altera/13.0sp1/nios2eds/bin/gnu/H-i686-pc-linux-gnu/bin/../lib/gcc/nios2-elf/4.1.2/../../../../nios2-elf/lib/mno-hw-mul/libc.a(lib_a-isattyr.o)
 .bss           0x00115bb0        0x0 /opt/altera/13.0sp1/nios2eds/bin/gnu/H-i686-pc-linux-gnu/bin/../lib/gcc/nios2-elf/4.1.2/../../../../nios2-elf/lib/mno-hw-mul/libc.a(lib_a-lseekr.o)
 .bss           0x00115bb0        0x0 /opt/altera/13.0sp1/nios2eds/bin/gnu/H-i686-pc-linux-gnu/bin/../lib/gcc/nios2-elf/4.1.2/../../../../nios2-elf/lib/mno-hw-mul/libc.a(lib_a-readr.o)
 .bss           0x00115bb0        0x0 /opt/altera/13.0sp1/nios2eds/bin/gnu/H-i686-pc-linux-gnu/bin/../lib/gcc/nios2-elf/4.1.2/mno-hw-mul/libgcc.a(_udivdi3.o)
 .bss           0x00115bb0        0x0 /opt/altera/13.0sp1/nios2eds/bin/gnu/H-i686-pc-linux-gnu/bin/../lib/gcc/nios2-elf/4.1.2/mno-hw-mul/libgcc.a(_umoddi3.o)
 .bss           0x00115bb0        0x0 /opt/altera/13.0sp1/nios2eds/bin/gnu/H-i686-pc-linux-gnu/bin/../lib/gcc/nios2-elf/4.1.2/mno-hw-mul/libgcc.a(_mul_df.o)
 .bss           0x00115bb0        0x0 /opt/altera/13.0sp1/nios2eds/bin/gnu/H-i686-pc-linux-gnu/bin/../lib/gcc/nios2-elf/4.1.2/mno-hw-mul/libgcc.a(_eq_df.o)
 .bss           0x00115bb0        0x0 /opt/altera/13.0sp1/nios2eds/bin/gnu/H-i686-pc-linux-gnu/bin/../lib/gcc/nios2-elf/4.1.2/mno-hw-mul/libgcc.a(_ne_df.o)
 .bss           0x00115bb0        0x0 /opt/altera/13.0sp1/nios2eds/bin/gnu/H-i686-pc-linux-gnu/bin/../lib/gcc/nios2-elf/4.1.2/mno-hw-mul/libgcc.a(_gt_df.o)
 .bss           0x00115bb0        0x0 /opt/altera/13.0sp1/nios2eds/bin/gnu/H-i686-pc-linux-gnu/bin/../lib/gcc/nios2-elf/4.1.2/mno-hw-mul/libgcc.a(_ge_df.o)
 .bss           0x00115bb0        0x0 /opt/altera/13.0sp1/nios2eds/bin/gnu/H-i686-pc-linux-gnu/bin/../lib/gcc/nios2-elf/4.1.2/mno-hw-mul/libgcc.a(_lt_df.o)
 .bss           0x00115bb0        0x0 /opt/altera/13.0sp1/nios2eds/bin/gnu/H-i686-pc-linux-gnu/bin/../lib/gcc/nios2-elf/4.1.2/mno-hw-mul/libgcc.a(_usi_to_df.o)
 .bss           0x00115bb0        0x0 /opt/altera/13.0sp1/nios2eds/bin/gnu/H-i686-pc-linux-gnu/bin/../lib/gcc/nios2-elf/4.1.2/mno-hw-mul/libgcc.a(_muldi3.o)
 .bss           0x00115bb0        0x0 /opt/altera/13.0sp1/nios2eds/bin/gnu/H-i686-pc-linux-gnu/bin/../lib/gcc/nios2-elf/4.1.2/mno-hw-mul/libgcc.a(_fpcmp_parts_df.o)
 .bss           0x00115bb0        0x0 ../bsp//libucosii_bsp.a(alt_alarm_start.o)
 .bss           0x00115bb0        0x0 ../bsp//libucosii_bsp.a(alt_close.o)
 .bss           0x00115bb0        0x0 ../bsp//libucosii_bsp.a(alt_dev.o)
 .bss           0x00115bb0        0x0 ../bsp//libucosii_bsp.a(alt_errno.o)
 .bss           0x00115bb0        0x0 ../bsp//libucosii_bsp.a(alt_fstat.o)
 .bss           0x00115bb0        0x0 ../bsp//libucosii_bsp.a(alt_isatty.o)
 .bss           0x00115bb0        0x0 ../bsp//libucosii_bsp.a(alt_load.o)
 .bss           0x00115bb0        0x0 ../bsp//libucosii_bsp.a(alt_lseek.o)
 .bss           0x00115bb0        0x0 ../bsp//libucosii_bsp.a(alt_main.o)
 .bss           0x00115bb0        0x0 ../bsp//libucosii_bsp.a(alt_read.o)
 .bss           0x00115bb0        0x0 ../bsp//libucosii_bsp.a(alt_release_fd.o)
 .bss           0x00115bb0        0x0 ../bsp//libucosii_bsp.a(alt_sbrk.o)
 .bss           0x00115bb0        0x0 ../bsp//libucosii_bsp.a(alt_tick.o)
 .bss           0x00115bb0        0x0 ../bsp//libucosii_bsp.a(alt_write.o)
 .bss           0x00115bb0        0x0 ../bsp//libucosii_bsp.a(alt_env_lock.o)
 .bss           0x00115bb0        0x0 ../bsp//libucosii_bsp.a(alt_malloc_lock.o)
 .bss           0x00115bb0        0x0 ../bsp//libucosii_bsp.a(os_core.o)
 .bss           0x00115bb0        0x0 ../bsp//libucosii_bsp.a(os_dbg.o)
 .bss           0x00115bb0        0x0 ../bsp//libucosii_bsp.a(os_flag.o)
 .bss           0x00115bb0        0x0 ../bsp//libucosii_bsp.a(os_mbox.o)
 .bss           0x00115bb0        0x0 ../bsp//libucosii_bsp.a(os_mem.o)
 .bss           0x00115bb0        0x0 ../bsp//libucosii_bsp.a(os_q.o)
 .bss           0x00115bb0        0x0 ../bsp//libucosii_bsp.a(os_sem.o)
 .bss           0x00115bb0        0x0 ../bsp//libucosii_bsp.a(os_task.o)
 .bss           0x00115bb0        0x0 ../bsp//libucosii_bsp.a(os_time.o)
 .bss           0x00115bb0        0x0 ../bsp//libucosii_bsp.a(os_tmr.o)
 .bss           0x00115bb0        0x0 ../bsp//libucosii_bsp.a(alt_sys_init.o)
 .bss           0x00115bb0        0x0 ../bsp//libucosii_bsp.a(altera_avalon_jtag_uart_fd.o)
 .bss           0x00115bb0        0x0 ../bsp//libucosii_bsp.a(altera_avalon_jtag_uart_init.o)
 .bss           0x00115bb0        0x0 ../bsp//libucosii_bsp.a(altera_avalon_jtag_uart_ioctl.o)
 .bss           0x00115bb0        0x0 ../bsp//libucosii_bsp.a(altera_avalon_jtag_uart_read.o)
 .bss           0x00115bb0        0x0 ../bsp//libucosii_bsp.a(altera_avalon_jtag_uart_write.o)
 .bss           0x00115bb0        0x0 ../bsp//libucosii_bsp.a(altera_avalon_timer_sc.o)
 .bss           0x00115bb0        0x0 ../bsp//libucosii_bsp.a(altera_up_avalon_character_lcd.o)
 .bss           0x00115bb0        0x0 ../bsp//libucosii_bsp.a(alt_dcache_flush_all.o)
 .bss           0x00115bb0        0x0 ../bsp//libucosii_bsp.a(alt_dev_llist_insert.o)
 .bss           0x00115bb0        0x0 ../bsp//libucosii_bsp.a(alt_do_ctors.o)
 .bss           0x00115bb0        0x0 ../bsp//libucosii_bsp.a(alt_do_dtors.o)
 .bss           0x00115bb0        0x0 ../bsp//libucosii_bsp.a(alt_find_dev.o)
 .bss           0x00115bb0        0x0 ../bsp//libucosii_bsp.a(alt_icache_flush_all.o)
 .bss           0x00115bb0        0x0 ../bsp//libucosii_bsp.a(alt_iic.o)
 .bss           0x00115bb0        0x0 ../bsp//libucosii_bsp.a(alt_iic_isr_register.o)
 .bss           0x00115bb0        0x0 ../bsp//libucosii_bsp.a(alt_io_redirect.o)
 .bss           0x00115bb0        0x0 ../bsp//libucosii_bsp.a(alt_irq_entry.o)
 .bss           0x00115bb0        0x0 ../bsp//libucosii_bsp.a(alt_irq_handler.o)
 .bss           0x00115bb0        0x0 ../bsp//libucosii_bsp.a(alt_irq_vars.o)
 .bss           0x00115bb0        0x0 ../bsp//libucosii_bsp.a(alt_open.o)
 .bss           0x00115bb0        0x0 ../bsp//libucosii_bsp.a(altera_nios2_qsys_irq.o)
 .bss           0x00115bb0        0x0 ../bsp//libucosii_bsp.a(os_cpu_a.o)
 .bss           0x00115bb0        0x0 ../bsp//libucosii_bsp.a(os_cpu_c.o)
 .bss           0x00115bb0        0x0 ../bsp//libucosii_bsp.a(alt_exception_entry.o)
 .bss           0x00115bb0        0x0 ../bsp//libucosii_bsp.a(alt_find_file.o)
 .bss           0x00115bb0        0x0 ../bsp//libucosii_bsp.a(alt_get_fd.o)
 .bss           0x00115bb0        0x0 /opt/altera/13.0sp1/nios2eds/bin/gnu/H-i686-pc-linux-gnu/bin/../lib/gcc/nios2-elf/4.1.2/../../../../nios2-elf/lib/mno-hw-mul/libc.a(lib_a-atexit.o)
 .bss           0x00115bb0        0x0 /opt/altera/13.0sp1/nios2eds/bin/gnu/H-i686-pc-linux-gnu/bin/../lib/gcc/nios2-elf/4.1.2/../../../../nios2-elf/lib/mno-hw-mul/libc.a(lib_a-exit.o)
 .bss           0x00115bb0        0x0 /opt/altera/13.0sp1/nios2eds/bin/gnu/H-i686-pc-linux-gnu/bin/../lib/gcc/nios2-elf/4.1.2/../../../../nios2-elf/lib/mno-hw-mul/libc.a(lib_a-memcmp.o)
 .bss           0x00115bb0        0x0 /opt/altera/13.0sp1/nios2eds/bin/gnu/H-i686-pc-linux-gnu/bin/../lib/gcc/nios2-elf/4.1.2/../../../../nios2-elf/lib/mno-hw-mul/libc.a(lib_a-__atexit.o)
 .bss           0x00115bb0        0x0 /opt/altera/13.0sp1/nios2eds/bin/gnu/H-i686-pc-linux-gnu/bin/../lib/gcc/nios2-elf/4.1.2/../../../../nios2-elf/lib/mno-hw-mul/libc.a(lib_a-__call_atexit.o)
 .bss           0x00115bb0        0x0 /opt/altera/13.0sp1/nios2eds/bin/gnu/H-i686-pc-linux-gnu/bin/../lib/gcc/nios2-elf/4.1.2/mno-hw-mul/libgcc.a(_fixunsdfsi.o)
 .bss           0x00115bb0        0x0 ../bsp//libucosii_bsp.a(alt_exit.o)
 *(COMMON)
 COMMON         0x00115bb0     0xa000 obj/default/cruise_mathew.o
                0x00115bb0                ControlTask_Stack
                0x00117bb0                SwitchTask_Stack
                0x00119bb0                VehicleTask_Stack
                0x0011bbb0                ButtonIOTask_Stack
                0x0011dbb0                StartTask_Stack
 COMMON         0x0011fbb0     0x3d74 ../bsp//libucosii_bsp.a(os_core.o)
                0x0011fbb0                OSTmrWheelTbl
                0x0011fbc0                OSFlagTbl
                0x0011ff30                OSTmrTbl
                0x00120270                OSMemTbl
                0x00120ea0                OSTaskStatStk
                0x001216a0                OSQTbl
                0x00121880                OSTmrTaskStk
                0x00122080                OSTaskIdleStk
                0x00122880                OSEventTbl
                0x001233c0                OSTCBTbl
                0x001238d0                OSTCBPrioTbl
 COMMON         0x00123924      0x100 ../bsp//libucosii_bsp.a(alt_irq_handler.o)
                0x00123924                alt_irq
 COMMON         0x00123a24      0x190 /opt/altera/13.0sp1/nios2eds/bin/gnu/H-i686-pc-linux-gnu/bin/../lib/gcc/nios2-elf/4.1.2/../../../../nios2-elf/lib/mno-hw-mul/libc.a(lib_a-atexit.o)
                0x00123a24                _atexit0
                0x00123bb4                . = ALIGN (0x4)
                0x00123bb4                __bss_end = ABSOLUTE (.)

.onchip_memory  0x00000000        0x0 load address 0x00123bb4
                0x00000000                PROVIDE (_alt_partition_onchip_memory_start, ABSOLUTE (.))
 *(.onchip_memory. onchip_memory.*)
                0x00000000                . = ALIGN (0x4)
                0x00000000                PROVIDE (_alt_partition_onchip_memory_end, ABSOLUTE (.))
                0x00123bb4                PROVIDE (_alt_partition_onchip_memory_load_addr, LOADADDR (.onchip_memory))

.sram           0x00123bb4        0x0
                0x00123bb4                PROVIDE (_alt_partition_sram_start, ABSOLUTE (.))
 *(.sram. sram.*)
                0x00123bb4                . = ALIGN (0x4)
                0x00123bb4                PROVIDE (_alt_partition_sram_end, ABSOLUTE (.))
                0x00123bb4                _end = ABSOLUTE (.)
                0x00123bb4                end = ABSOLUTE (.)
                0x00123bb4                __alt_stack_base = ABSOLUTE (.)
                0x00123bb4                PROVIDE (_alt_partition_sram_load_addr, LOADADDR (.sram))

.sdram          0x01000144        0x0 load address 0x00123bb4
                0x01000144                PROVIDE (_alt_partition_sdram_start, ABSOLUTE (.))
 *(.sdram. sdram.*)
                0x01000144                . = ALIGN (0x4)
                0x01000144                PROVIDE (_alt_partition_sdram_end, ABSOLUTE (.))
                0x00123bb4                PROVIDE (_alt_partition_sdram_load_addr, LOADADDR (.sdram))

.stab
 *(.stab)

.stabstr
 *(.stabstr)

.stab.excl
 *(.stab.excl)

.stab.exclstr
 *(.stab.exclstr)

.stab.index
 *(.stab.index)

.stab.indexstr
 *(.stab.indexstr)

.comment        0x00000000       0x26
 *(.comment)
 .comment       0x00000000       0x26 obj/default/cruise_mathew.o
                                 0x27 (size before relaxing)
 .comment       0x00000000       0x27 /opt/altera/13.0sp1/nios2eds/bin/gnu/H-i686-pc-linux-gnu/bin/../lib/gcc/nios2-elf/4.1.2/mno-hw-mul/libgcc.a(_addsub_df.o)
 .comment       0x00000000       0x27 /opt/altera/13.0sp1/nios2eds/bin/gnu/H-i686-pc-linux-gnu/bin/../lib/gcc/nios2-elf/4.1.2/mno-hw-mul/libgcc.a(_div_df.o)
 .comment       0x00000000       0x27 /opt/altera/13.0sp1/nios2eds/bin/gnu/H-i686-pc-linux-gnu/bin/../lib/gcc/nios2-elf/4.1.2/mno-hw-mul/libgcc.a(_si_to_df.o)
 .comment       0x00000000       0x27 /opt/altera/13.0sp1/nios2eds/bin/gnu/H-i686-pc-linux-gnu/bin/../lib/gcc/nios2-elf/4.1.2/mno-hw-mul/libgcc.a(_df_to_si.o)
 .comment       0x00000000       0x27 /opt/altera/13.0sp1/nios2eds/bin/gnu/H-i686-pc-linux-gnu/bin/../lib/gcc/nios2-elf/4.1.2/mno-hw-mul/libgcc.a(_thenan_df.o)
 .comment       0x00000000       0x27 /opt/altera/13.0sp1/nios2eds/bin/gnu/H-i686-pc-linux-gnu/bin/../lib/gcc/nios2-elf/4.1.2/mno-hw-mul/libgcc.a(lib2-divmod.o)
 .comment       0x00000000       0x27 /opt/altera/13.0sp1/nios2eds/bin/gnu/H-i686-pc-linux-gnu/bin/../lib/gcc/nios2-elf/4.1.2/mno-hw-mul/libgcc.a(lib2-mul.o)
 .comment       0x00000000       0x27 /opt/altera/13.0sp1/nios2eds/bin/gnu/H-i686-pc-linux-gnu/bin/../lib/gcc/nios2-elf/4.1.2/mno-hw-mul/libgcc.a(_clzsi2.o)
 .comment       0x00000000       0x27 /opt/altera/13.0sp1/nios2eds/bin/gnu/H-i686-pc-linux-gnu/bin/../lib/gcc/nios2-elf/4.1.2/mno-hw-mul/libgcc.a(_pack_df.o)
 .comment       0x00000000       0x27 /opt/altera/13.0sp1/nios2eds/bin/gnu/H-i686-pc-linux-gnu/bin/../lib/gcc/nios2-elf/4.1.2/mno-hw-mul/libgcc.a(_unpack_df.o)
 .comment       0x00000000       0x27 /opt/altera/13.0sp1/nios2eds/bin/gnu/H-i686-pc-linux-gnu/bin/../lib/gcc/nios2-elf/4.1.2/mno-hw-mul/libgcc.a(_clz.o)
 .comment       0x00000000       0x27 /opt/altera/13.0sp1/nios2eds/bin/gnu/H-i686-pc-linux-gnu/bin/../lib/gcc/nios2-elf/4.1.2/../../../../nios2-elf/lib/mno-hw-mul/libc.a(lib_a-printf.o)
 .comment       0x00000000       0x27 /opt/altera/13.0sp1/nios2eds/bin/gnu/H-i686-pc-linux-gnu/bin/../lib/gcc/nios2-elf/4.1.2/../../../../nios2-elf/lib/mno-hw-mul/libc.a(lib_a-puts.o)
 .comment       0x00000000       0x27 /opt/altera/13.0sp1/nios2eds/bin/gnu/H-i686-pc-linux-gnu/bin/../lib/gcc/nios2-elf/4.1.2/../../../../nios2-elf/lib/mno-hw-mul/libc.a(lib_a-strlen.o)
 .comment       0x00000000       0x27 /opt/altera/13.0sp1/nios2eds/bin/gnu/H-i686-pc-linux-gnu/bin/../lib/gcc/nios2-elf/4.1.2/../../../../nios2-elf/lib/mno-hw-mul/libc.a(lib_a-vfprintf.o)
 .comment       0x00000000       0x27 /opt/altera/13.0sp1/nios2eds/bin/gnu/H-i686-pc-linux-gnu/bin/../lib/gcc/nios2-elf/4.1.2/../../../../nios2-elf/lib/mno-hw-mul/libc.a(lib_a-wsetup.o)
 .comment       0x00000000       0x27 /opt/altera/13.0sp1/nios2eds/bin/gnu/H-i686-pc-linux-gnu/bin/../lib/gcc/nios2-elf/4.1.2/../../../../nios2-elf/lib/mno-hw-mul/libc.a(lib_a-dtoa.o)
 .comment       0x00000000       0x27 /opt/altera/13.0sp1/nios2eds/bin/gnu/H-i686-pc-linux-gnu/bin/../lib/gcc/nios2-elf/4.1.2/../../../../nios2-elf/lib/mno-hw-mul/libc.a(lib_a-fflush.o)
 .comment       0x00000000       0x27 /opt/altera/13.0sp1/nios2eds/bin/gnu/H-i686-pc-linux-gnu/bin/../lib/gcc/nios2-elf/4.1.2/../../../../nios2-elf/lib/mno-hw-mul/libc.a(lib_a-findfp.o)
 .comment       0x00000000       0x27 /opt/altera/13.0sp1/nios2eds/bin/gnu/H-i686-pc-linux-gnu/bin/../lib/gcc/nios2-elf/4.1.2/../../../../nios2-elf/lib/mno-hw-mul/libc.a(lib_a-freer.o)
 .comment       0x00000000       0x27 /opt/altera/13.0sp1/nios2eds/bin/gnu/H-i686-pc-linux-gnu/bin/../lib/gcc/nios2-elf/4.1.2/../../../../nios2-elf/lib/mno-hw-mul/libc.a(lib_a-fvwrite.o)
 .comment       0x00000000       0x27 /opt/altera/13.0sp1/nios2eds/bin/gnu/H-i686-pc-linux-gnu/bin/../lib/gcc/nios2-elf/4.1.2/../../../../nios2-elf/lib/mno-hw-mul/libc.a(lib_a-fwalk.o)
 .comment       0x00000000       0x27 /opt/altera/13.0sp1/nios2eds/bin/gnu/H-i686-pc-linux-gnu/bin/../lib/gcc/nios2-elf/4.1.2/../../../../nios2-elf/lib/mno-hw-mul/libc.a(lib_a-impure.o)
 .comment       0x00000000       0x27 /opt/altera/13.0sp1/nios2eds/bin/gnu/H-i686-pc-linux-gnu/bin/../lib/gcc/nios2-elf/4.1.2/../../../../nios2-elf/lib/mno-hw-mul/libc.a(lib_a-locale.o)
 .comment       0x00000000       0x27 /opt/altera/13.0sp1/nios2eds/bin/gnu/H-i686-pc-linux-gnu/bin/../lib/gcc/nios2-elf/4.1.2/../../../../nios2-elf/lib/mno-hw-mul/libc.a(lib_a-makebuf.o)
 .comment       0x00000000       0x27 /opt/altera/13.0sp1/nios2eds/bin/gnu/H-i686-pc-linux-gnu/bin/../lib/gcc/nios2-elf/4.1.2/../../../../nios2-elf/lib/mno-hw-mul/libc.a(lib_a-mallocr.o)
 .comment       0x00000000       0x27 /opt/altera/13.0sp1/nios2eds/bin/gnu/H-i686-pc-linux-gnu/bin/../lib/gcc/nios2-elf/4.1.2/../../../../nios2-elf/lib/mno-hw-mul/libc.a(lib_a-memchr.o)
 .comment       0x00000000       0x27 /opt/altera/13.0sp1/nios2eds/bin/gnu/H-i686-pc-linux-gnu/bin/../lib/gcc/nios2-elf/4.1.2/../../../../nios2-elf/lib/mno-hw-mul/libc.a(lib_a-memcpy.o)
 .comment       0x00000000       0x27 /opt/altera/13.0sp1/nios2eds/bin/gnu/H-i686-pc-linux-gnu/bin/../lib/gcc/nios2-elf/4.1.2/../../../../nios2-elf/lib/mno-hw-mul/libc.a(lib_a-memmove.o)
 .comment       0x00000000       0x27 /opt/altera/13.0sp1/nios2eds/bin/gnu/H-i686-pc-linux-gnu/bin/../lib/gcc/nios2-elf/4.1.2/../../../../nios2-elf/lib/mno-hw-mul/libc.a(lib_a-memset.o)
 .comment       0x00000000       0x27 /opt/altera/13.0sp1/nios2eds/bin/gnu/H-i686-pc-linux-gnu/bin/../lib/gcc/nios2-elf/4.1.2/../../../../nios2-elf/lib/mno-hw-mul/libc.a(lib_a-mprec.o)
 .comment       0x00000000       0x27 /opt/altera/13.0sp1/nios2eds/bin/gnu/H-i686-pc-linux-gnu/bin/../lib/gcc/nios2-elf/4.1.2/../../../../nios2-elf/lib/mno-hw-mul/libc.a(lib_a-reallocr.o)
 .comment       0x00000000       0x27 /opt/altera/13.0sp1/nios2eds/bin/gnu/H-i686-pc-linux-gnu/bin/../lib/gcc/nios2-elf/4.1.2/../../../../nios2-elf/lib/mno-hw-mul/libc.a(lib_a-s_isinfd.o)
 .comment       0x00000000       0x27 /opt/altera/13.0sp1/nios2eds/bin/gnu/H-i686-pc-linux-gnu/bin/../lib/gcc/nios2-elf/4.1.2/../../../../nios2-elf/lib/mno-hw-mul/libc.a(lib_a-s_isnand.o)