Archive member included because of file (symbol)

/opt/altera/13.0sp1/nios2eds/bin/gnu/H-i686-pc-linux-gnu/bin/../lib/gcc/nios2-elf/4.1.2/../../../../nios2-elf/lib/mno-hw-mul/libc.a(lib_a-puts.o)
                              obj/default/Handshake.o (puts)
/opt/altera/13.0sp1/nios2eds/bin/gnu/H-i686-pc-linux-gnu/bin/../lib/gcc/nios2-elf/4.1.2/../../../../nios2-elf/lib/mno-hw-mul/libc.a(lib_a-strlen.o)
                              /opt/altera/13.0sp1/nios2eds/bin/gnu/H-i686-pc-linux-gnu/bin/../lib/gcc/nios2-elf/4.1.2/../../../../nios2-elf/lib/mno-hw-mul/libc.a(lib_a-puts.o) (strlen)
/opt/altera/13.0sp1/nios2eds/bin/gnu/H-i686-pc-linux-gnu/bin/../lib/gcc/nios2-elf/4.1.2/../../../../nios2-elf/lib/mno-hw-mul/libc.a(lib_a-fvwrite.o)
                              /opt/altera/13.0sp1/nios2eds/bin/gnu/H-i686-pc-linux-gnu/bin/../lib/gcc/nios2-elf/4.1.2/../../../../nios2-elf/lib/mno-hw-mul/libc.a(lib_a-puts.o) (__sfvwrite_r)
/opt/altera/13.0sp1/nios2eds/bin/gnu/H-i686-pc-linux-gnu/bin/../lib/gcc/nios2-elf/4.1.2/../../../../nios2-elf/lib/mno-hw-mul/libc.a(lib_a-impure.o)
                              /opt/altera/13.0sp1/nios2eds/bin/gnu/H-i686-pc-linux-gnu/bin/../lib/gcc/nios2-elf/4.1.2/../../../../nios2-elf/lib/mno-hw-mul/libc.a(lib_a-puts.o) (_impure_ptr)
/opt/altera/13.0sp1/nios2eds/bin/gnu/H-i686-pc-linux-gnu/bin/../lib/gcc/nios2-elf/4.1.2/../../../../nios2-elf/lib/mno-hw-mul/libc.a(lib_a-mallocr.o)
                              /opt/altera/13.0sp1/nios2eds/bin/gnu/H-i686-pc-linux-gnu/bin/../lib/gcc/nios2-elf/4.1.2/../../../../nios2-elf/lib/mno-hw-mul/libc.a(lib_a-fvwrite.o) (_malloc_r)
/opt/altera/13.0sp1/nios2eds/bin/gnu/H-i686-pc-linux-gnu/bin/../lib/gcc/nios2-elf/4.1.2/../../../../nios2-elf/lib/mno-hw-mul/libc.a(lib_a-memchr.o)
                              /opt/altera/13.0sp1/nios2eds/bin/gnu/H-i686-pc-linux-gnu/bin/../lib/gcc/nios2-elf/4.1.2/../../../../nios2-elf/lib/mno-hw-mul/libc.a(lib_a-fvwrite.o) (memchr)
/opt/altera/13.0sp1/nios2eds/bin/gnu/H-i686-pc-linux-gnu/bin/../lib/gcc/nios2-elf/4.1.2/../../../../nios2-elf/lib/mno-hw-mul/libc.a(lib_a-memcpy.o)
                              /opt/altera/13.0sp1/nios2eds/bin/gnu/H-i686-pc-linux-gnu/bin/../lib/gcc/nios2-elf/4.1.2/../../../../nios2-elf/lib/mno-hw-mul/libc.a(lib_a-fvwrite.o) (memcpy)
/opt/altera/13.0sp1/nios2eds/bin/gnu/H-i686-pc-linux-gnu/bin/../lib/gcc/nios2-elf/4.1.2/../../../../nios2-elf/lib/mno-hw-mul/libc.a(lib_a-memmove.o)
                              /opt/altera/13.0sp1/nios2eds/bin/gnu/H-i686-pc-linux-gnu/bin/../lib/gcc/nios2-elf/4.1.2/../../../../nios2-elf/lib/mno-hw-mul/libc.a(lib_a-fvwrite.o) (memmove)
/opt/altera/13.0sp1/nios2eds/bin/gnu/H-i686-pc-linux-gnu/bin/../lib/gcc/nios2-elf/4.1.2/../../../../nios2-elf/lib/mno-hw-mul/libc.a(lib_a-reallocr.o)
                              /opt/altera/13.0sp1/nios2eds/bin/gnu/H-i686-pc-linux-gnu/bin/../lib/gcc/nios2-elf/4.1.2/../../../../nios2-elf/lib/mno-hw-mul/libc.a(lib_a-fvwrite.o) (_realloc_r)
/opt/altera/13.0sp1/nios2eds/bin/gnu/H-i686-pc-linux-gnu/bin/../lib/gcc/nios2-elf/4.1.2/../../../../nios2-elf/lib/mno-hw-mul/libc.a(lib_a-sbrkr.o)
                              /opt/altera/13.0sp1/nios2eds/bin/gnu/H-i686-pc-linux-gnu/bin/../lib/gcc/nios2-elf/4.1.2/../../../../nios2-elf/lib/mno-hw-mul/libc.a(lib_a-mallocr.o) (_sbrk_r)
/opt/altera/13.0sp1/nios2eds/bin/gnu/H-i686-pc-linux-gnu/bin/../lib/gcc/nios2-elf/4.1.2/../../../../nios2-elf/lib/mno-hw-mul/libc.a(lib_a-wsetup.o)
                              /opt/altera/13.0sp1/nios2eds/bin/gnu/H-i686-pc-linux-gnu/bin/../lib/gcc/nios2-elf/4.1.2/../../../../nios2-elf/lib/mno-hw-mul/libc.a(lib_a-fvwrite.o) (__swsetup_r)
/opt/altera/13.0sp1/nios2eds/bin/gnu/H-i686-pc-linux-gnu/bin/../lib/gcc/nios2-elf/4.1.2/../../../../nios2-elf/lib/mno-hw-mul/libc.a(lib_a-fflush.o)
                              /opt/altera/13.0sp1/nios2eds/bin/gnu/H-i686-pc-linux-gnu/bin/../lib/gcc/nios2-elf/4.1.2/../../../../nios2-elf/lib/mno-hw-mul/libc.a(lib_a-fvwrite.o) (_fflush_r)
/opt/altera/13.0sp1/nios2eds/bin/gnu/H-i686-pc-linux-gnu/bin/../lib/gcc/nios2-elf/4.1.2/../../../../nios2-elf/lib/mno-hw-mul/libc.a(lib_a-findfp.o)
                              /opt/altera/13.0sp1/nios2eds/bin/gnu/H-i686-pc-linux-gnu/bin/../lib/gcc/nios2-elf/4.1.2/../../../../nios2-elf/lib/mno-hw-mul/libc.a(lib_a-wsetup.o) (__sinit)
/opt/altera/13.0sp1/nios2eds/bin/gnu/H-i686-pc-linux-gnu/bin/../lib/gcc/nios2-elf/4.1.2/../../../../nios2-elf/lib/mno-hw-mul/libc.a(lib_a-freer.o)
                              /opt/altera/13.0sp1/nios2eds/bin/gnu/H-i686-pc-linux-gnu/bin/../lib/gcc/nios2-elf/4.1.2/../../../../nios2-elf/lib/mno-hw-mul/libc.a(lib_a-fvwrite.o) (_free_r)
/opt/altera/13.0sp1/nios2eds/bin/gnu/H-i686-pc-linux-gnu/bin/../lib/gcc/nios2-elf/4.1.2/../../../../nios2-elf/lib/mno-hw-mul/libc.a(lib_a-fwalk.o)
                              /opt/altera/13.0sp1/nios2eds/bin/gnu/H-i686-pc-linux-gnu/bin/../lib/gcc/nios2-elf/4.1.2/../../../../nios2-elf/lib/mno-hw-mul/libc.a(lib_a-fflush.o) (_fwalk_reent)
[...]
Memory Configuration

Name             Origin             Length             Attributes
onchip_memory    0x00000000         0x00006400
sram             0x00100000         0x00080000
reset            0x01000000         0x00000020
sdram            0x01000020         0x007fffe0
*default*        0x00000000         0xffffffff

Linker script and memory map

LOAD ../bsp//obj/HAL/src/crt0.o
LOAD obj/default/Handshake.o
LOAD /opt/altera/13.0sp1/nios2eds/bin/gnu/H-i686-pc-linux-gnu/bin/../lib/gcc/nios2-elf/4.1.2/../../../../nios2-elf/lib/mno-hw-mul/libstdc++.a
LOAD /opt/altera/13.0sp1/nios2eds/bin/gnu/H-i686-pc-linux-gnu/bin/../lib/gcc/nios2-elf/4.1.2/../../../../nios2-elf/lib/mno-hw-mul/libm.a
LOAD /opt/altera/13.0sp1/nios2eds/bin/gnu/H-i686-pc-linux-gnu/bin/../lib/gcc/nios2-elf/4.1.2/mno-hw-mul/libgcc.a
START GROUP
LOAD /opt/altera/13.0sp1/nios2eds/bin/gnu/H-i686-pc-linux-gnu/bin/../lib/gcc/nios2-elf/4.1.2/../../../../nios2-elf/lib/mno-hw-mul/libc.a
LOAD /opt/altera/13.0sp1/nios2eds/bin/gnu/H-i686-pc-linux-gnu/bin/../lib/gcc/nios2-elf/4.1.2/mno-hw-mul/libgcc.a
LOAD ../bsp//libucosii_bsp.a
END GROUP
LOAD /opt/altera/13.0sp1/nios2eds/bin/gnu/H-i686-pc-linux-gnu/bin/../lib/gcc/nios2-elf/4.1.2/mno-hw-mul/libgcc.a
                0x00000000                __alt_mem_onchip_memory = 0x0
                0x00100000                __alt_mem_sram = 0x100000
                0x01000000                __alt_mem_sdram = 0x1000000

.entry          0x01000000       0x20
 *(.entry)
 .entry         0x01000000       0x20 ../bsp//obj/HAL/src/crt0.o
                0x01000000                __reset

.exceptions     0x01000020      0x124 load address 0x00100000
                0x01000020                PROVIDE (__ram_exceptions_start, ABSOLUTE (.))
                0x01000020                . = ALIGN (0x20)
 *(.irq)
 *(.exceptions.entry.label)
 .exceptions.entry.label
                0x01000020        0x0 ../bsp//libucosii_bsp.a(alt_irq_entry.o)
                0x01000020                alt_irq_entry
 .exceptions.entry.label
                0x01000020        0x0 ../bsp//libucosii_bsp.a(alt_exception_entry.o)
                0x01000020                alt_exception
 *(.exceptions.entry.user)
 *(.exceptions.entry)
 .exceptions.entry
                0x01000020       0x54 ../bsp//libucosii_bsp.a(alt_exception_entry.o)
 *(.exceptions.irqtest.user)
 *(.exceptions.irqtest)
 .exceptions.irqtest
                0x01000074       0x10 ../bsp//libucosii_bsp.a(alt_irq_entry.o)
 *(.exceptions.irqhandler.user)
 *(.exceptions.irqhandler)
 .exceptions.irqhandler
                0x01000084        0x4 ../bsp//libucosii_bsp.a(alt_irq_entry.o)
 *(.exceptions.irqreturn.user)
 *(.exceptions.irqreturn)
 .exceptions.irqreturn
                0x01000088        0x4 ../bsp//libucosii_bsp.a(alt_irq_entry.o)
 *(.exceptions.notirq.label)
 .exceptions.notirq.label
                0x0100008c        0x0 ../bsp//libucosii_bsp.a(alt_irq_entry.o)
 *(.exceptions.notirq.user)
 *(.exceptions.notirq)
 .exceptions.notirq
                0x0100008c        0x8 ../bsp//libucosii_bsp.a(alt_exception_entry.o)
 *(.exceptions.soft.user)
 *(.exceptions.soft)
 *(.exceptions.unknown.user)
 *(.exceptions.unknown)
 .exceptions.unknown
                0x01000094        0x4 ../bsp//libucosii_bsp.a(alt_exception_entry.o)
 *(.exceptions.exit.label)
 .exceptions.exit.label
                0x01000098        0x0 ../bsp//libucosii_bsp.a(alt_irq_entry.o)
 .exceptions.exit.label
                0x01000098        0x0 ../bsp//libucosii_bsp.a(alt_exception_entry.o)
 *(.exceptions.exit.user)
 *(.exceptions.exit)
 .exceptions.exit
                0x01000098       0x54 ../bsp//libucosii_bsp.a(alt_exception_entry.o)
 *(.exceptions)
 .exceptions    0x010000ec       0x58 ../bsp//libucosii_bsp.a(alt_irq_handler.o)
                0x010000ec                alt_irq_handler
                0x01000144                PROVIDE (__ram_exceptions_end, ABSOLUTE (.))
                0x00100000                PROVIDE (__flash_exceptions_start, LOADADDR (.exceptions))

.text           0x00100124     0xb2b8
                0x00100124                PROVIDE (stext, ABSOLUTE (.))
 *(.interp)
 *(.hash)
 *(.dynsym)
 *(.dynstr)
 *(.gnu.version)
 *(.gnu.version_d)
 *(.gnu.version_r)
 *(.rel.init)
 *(.rela.init)
 *(.rel.text .rel.text.* .rel.gnu.linkonce.t.*)
 *(.rela.text .rela.text.* .rela.gnu.linkonce.t.*)
 *(.rel.fini)
 *(.rela.fini)
 *(.rel.rodata .rel.rodata.* .rel.gnu.linkonce.r.*)
 *(.rela.rodata .rela.rodata.* .rela.gnu.linkonce.r.*)
 *(.rel.data .rel.data.* .rel.gnu.linkonce.d.*)
 *(.rela.data .rela.data.* .rela.gnu.linkonce.d.*)
 *(.rel.tdata .rel.tdata.* .rel.gnu.linkonce.td.*)
 *(.rela.tdata .rela.tdata.* .rela.gnu.linkonce.td.*)
 *(.rel.tbss .rel.tbss.* .rel.gnu.linkonce.tb.*)
 *(.rela.tbss .rela.tbss.* .rela.gnu.linkonce.tb.*)
 *(.rel.ctors)
 *(.rela.ctors)
 *(.rel.dtors)
 *(.rela.dtors)
 *(.rel.got)
 *(.rela.got)
 *(.rel.sdata .rel.sdata.* .rel.gnu.linkonce.s.*)
 *(.rela.sdata .rela.sdata.* .rela.gnu.linkonce.s.*)
 *(.rel.sbss .rel.sbss.* .rel.gnu.linkonce.sb.*)
 *(.rela.sbss .rela.sbss.* .rela.gnu.linkonce.sb.*)
 *(.rel.sdata2 .rel.sdata2.* .rel.gnu.linkonce.s2.*)
 *(.rela.sdata2 .rela.sdata2.* .rela.gnu.linkonce.s2.*)
 *(.rel.sbss2 .rel.sbss2.* .rel.gnu.linkonce.sb2.*)
 *(.rela.sbss2 .rela.sbss2.* .rela.gnu.linkonce.sb2.*)
 *(.rel.bss .rel.bss.* .rel.gnu.linkonce.b.*)
 *(.rela.bss .rela.bss.* .rela.gnu.linkonce.b.*)
 *(.rel.plt)
 *(.rela.plt)
 *(.rel.dyn)
 *(.init)
 *(.plt)
 *(.text .stub .text.* .gnu.linkonce.t.*)
 .text          0x00100124       0x3c ../bsp//obj/HAL/src/crt0.o
                0x00100124                _start
 .text          0x00100160      0x204 obj/default/Handshake.o
                0x00100160                printStackSize
                0x0010019c                task1
                0x001001fc                task2
                0x00100244                statisticTask
                0x0010028c                main
 .text          0x00100364       0xb4 /opt/altera/13.0sp1/nios2eds/bin/gnu/H-i686-pc-linux-gnu/bin/../lib/gcc/nios2-elf/4.1.2/../../../../nios2-elf/lib/mno-hw-mul/libc.a(lib_a-puts.o)
                0x00100364                _puts_r
                0x00100404                puts
 .text          0x00100418       0x74 /opt/altera/13.0sp1/nios2eds/bin/gnu/H-i686-pc-linux-gnu/bin/../lib/gcc/nios2-elf/4.1.2/../../../../nios2-elf/lib/mno-hw-mul/libc.a(lib_a-strlen.o)
                0x00100418                strlen
 .text          0x0010048c      0x49c /opt/altera/13.0sp1/nios2eds/bin/gnu/H-i686-pc-linux-gnu/bin/../lib/gcc/nios2-elf/4.1.2/../../../../nios2-elf/lib/mno-hw-mul/libc.a(lib_a-fvwrite.o)
                0x0010048c                __sfvwrite_r
 .text          0x00100928        0x0 /opt/altera/13.0sp1/nios2eds/bin/gnu/H-i686-pc-linux-gnu/bin/../lib/gcc/nios2-elf/4.1.2/../../../../nios2-elf/lib/mno-hw-mul/libc.a(lib_a-impure.o)
 .text          0x00100928      0x740 /opt/altera/13.0sp1/nios2eds/bin/gnu/H-i686-pc-linux-gnu/bin/../lib/gcc/nios2-elf/4.1.2/../../../../nios2-elf/lib/mno-hw-mul/libc.a(lib_a-mallocr.o)
                0x00100928                _malloc_r
 .text          0x00101068       0xe4 /opt/altera/13.0sp1/nios2eds/bin/gnu/H-i686-pc-linux-gnu/bin/../lib/gcc/nios2-elf/4.1.2/../../../../nios2-elf/lib/mno-hw-mul/libc.a(lib_a-memchr.o)
                0x00101068                memchr
 .text          0x0010114c       0xa0 /opt/altera/13.0sp1/nios2eds/bin/gnu/H-i686-pc-linux-gnu/bin/../lib/gcc/nios2-elf/4.1.2/../../../../nios2-elf/lib/mno-hw-mul/libc.a(lib_a-memcpy.o)
                0x0010114c                memcpy
 .text          0x001011ec       0xe0 /opt/altera/13.0sp1/nios2eds/bin/gnu/H-i686-pc-linux-gnu/bin/../lib/gcc/nios2-elf/4.1.2/../../../../nios2-elf/lib/mno-hw-mul/libc.a(lib_a-memmove.o)
                0x001011ec                memmove
 .text          0x001012cc      0x5f4 /opt/altera/13.0sp1/nios2eds/bin/gnu/H-i686-pc-linux-gnu/bin/../lib/gcc/nios2-elf/4.1.2/../../../../nios2-elf/lib/mno-hw-mul/libc.a(lib_a-reallocr.o)
                0x001012cc                _realloc_r
 .text          0x001018c0       0x70 /opt/altera/13.0sp1/nios2eds/bin/gnu/H-i686-pc-linux-gnu/bin/../lib/gcc/nios2-elf/4.1.2/../../../../nios2-elf/lib/mno-hw-mul/libc.a(lib_a-sbrkr.o)
                0x001018c0                _sbrk_r
 .text          0x00101930      0x13c /opt/altera/13.0sp1/nios2eds/bin/gnu/H-i686-pc-linux-gnu/bin/../lib/gcc/nios2-elf/4.1.2/../../../../nios2-elf/lib/mno-hw-mul/libc.a(lib_a-wsetup.o)
                0x00101930                __swsetup_r
 .text          0x00101a6c      0x230 /opt/altera/13.0sp1/nios2eds/bin/gnu/H-i686-pc-linux-gnu/bin/../lib/gcc/nios2-elf/4.1.2/../../../../nios2-elf/lib/mno-hw-mul/libc.a(lib_a-fflush.o)
                0x00101a6c                _fflush_r
                0x00101c68                fflush
 .text          0x00101c9c      0x2f4 /opt/altera/13.0sp1/nios2eds/bin/gnu/H-i686-pc-linux-gnu/bin/../lib/gcc/nios2-elf/4.1.2/../../../../nios2-elf/lib/mno-hw-mul/libc.a(lib_a-findfp.o)
                0x00101cf4                __sfp_lock_acquire
                0x00101cf8                __sfp_lock_release
                0x00101cfc                __sinit_lock_acquire
                0x00101d00                __sinit_lock_release
                0x00101d04                __sinit
                0x00101db8                __fp_unlock_all
                0x00101dd0                __fp_lock_all
                0x00101de8                _cleanup_r
                0x00101df4                _cleanup
                0x00101e04                __sfmoreglue
                0x00101ea0                __sfp
 .text          0x00101f90      0x440 /opt/altera/13.0sp1/nios2eds/bin/gnu/H-i686-pc-linux-gnu/bin/../lib/gcc/nios2-elf/4.1.2/../../../../nios2-elf/lib/mno-hw-mul/libc.a(lib_a-freer.o)
                0x00101f90                _malloc_trim_r
                0x001020bc                _free_r
 .text          0x001023d0      0x180 /opt/altera/13.0sp1/nios2eds/bin/gnu/H-i686-pc-linux-gnu/bin/../lib/gcc/nios2-elf/4.1.2/../../../../nios2-elf/lib/mno-hw-mul/libc.a(lib_a-fwalk.o)
                0x001023d0                _fwalk_reent
                0x00102498                _fwalk
 .text          0x00102550        0x0 /opt/altera/13.0sp1/nios2eds/bin/gnu/H-i686-pc-linux-gnu/bin/../lib/gcc/nios2-elf/4.1.2/../../../../nios2-elf/lib/mno-hw-mul/libc.a(lib_a-int_errno.o)
 .text          0x00102550      0x194 /opt/altera/13.0sp1/nios2eds/bin/gnu/H-i686-pc-linux-gnu/bin/../lib/gcc/nios2-elf/4.1.2/../../../../nios2-elf/lib/mno-hw-mul/libc.a(lib_a-makebuf.o)
                0x00102550                __smakebuf_r
 .text          0x001026e4       0x98 /opt/altera/13.0sp1/nios2eds/bin/gnu/H-i686-pc-linux-gnu/bin/../lib/gcc/nios2-elf/4.1.2/../../../../nios2-elf/lib/mno-hw-mul/libc.a(lib_a-memset.o)
                0x001026e4                memset
 .text          0x0010277c      0x14c /opt/altera/13.0sp1/nios2eds/bin/gnu/H-i686-pc-linux-gnu/bin/../lib/gcc/nios2-elf/4.1.2/../../../../nios2-elf/lib/mno-hw-mul/libc.a(lib_a-stdio.o)
                0x0010277c                __sclose
                0x00102784                __sseek
                0x001027ec                __swrite
                0x00102868                __sread
 .text          0x001028c8       0x78 /opt/altera/13.0sp1/nios2eds/bin/gnu/H-i686-pc-linux-gnu/bin/../lib/gcc/nios2-elf/4.1.2/../../../../nios2-elf/lib/mno-hw-mul/libc.a(lib_a-writer.o)
                0x001028c8                _write_r
 .text          0x00102940       0x70 /opt/altera/13.0sp1/nios2eds/bin/gnu/H-i686-pc-linux-gnu/bin/../lib/gcc/nios2-elf/4.1.2/../../../../nios2-elf/lib/mno-hw-mul/libc.a(lib_a-closer.o)
                0x00102940                _close_r
 .text          0x001029b0      0x124 /opt/altera/13.0sp1/nios2eds/bin/gnu/H-i686-pc-linux-gnu/bin/../lib/gcc/nios2-elf/4.1.2/../../../../nios2-elf/lib/mno-hw-mul/libc.a(lib_a-fclose.o)
                0x001029b0                _fclose_r
                0x00102ac0                fclose
 .text          0x00102ad4       0x74 /opt/altera/13.0sp1/nios2eds/bin/gnu/H-i686-pc-linux-gnu/bin/../lib/gcc/nios2-elf/4.1.2/../../../../nios2-elf/lib/mno-hw-mul/libc.a(lib_a-fstatr.o)
                0x00102ad4                _fstat_r
 .text          0x00102b48       0x70 /opt/altera/13.0sp1/nios2eds/bin/gnu/H-i686-pc-linux-gnu/bin/../lib/gcc/nios2-elf/4.1.2/../../../../nios2-elf/lib/mno-hw-mul/libc.a(lib_a-isattyr.o)
                0x00102b48                _isatty_r
 .text          0x00102bb8       0x78 /opt/altera/13.0sp1/nios2eds/bin/gnu/H-i686-pc-linux-gnu/bin/../lib/gcc/nios2-elf/4.1.2/../../../../nios2-elf/lib/mno-hw-mul/libc.a(lib_a-lseekr.o)
                0x00102bb8                _lseek_r
 .text          0x00102c30       0x78 /opt/altera/13.0sp1/nios2eds/bin/gnu/H-i686-pc-linux-gnu/bin/../lib/gcc/nios2-elf/4.1.2/../../../../nios2-elf/lib/mno-hw-mul/libc.a(lib_a-readr.o)
                0x00102c30                _read_r
 .text          0x00102ca8       0x38 /opt/altera/13.0sp1/nios2eds/bin/gnu/H-i686-pc-linux-gnu/bin/../lib/gcc/nios2-elf/4.1.2/mno-hw-mul/libgcc.a(lib2-mul.o)
                0x00102ca8                __mulsi3
 .text          0x00102ce0       0xbc ../bsp//libucosii_bsp.a(alt_close.o)
                0x00102d00                close
 .text          0x00102d9c        0x8 ../bsp//libucosii_bsp.a(alt_dev.o)
 .text          0x00102da4        0x0 ../bsp//libucosii_bsp.a(alt_errno.o)
 .text          0x00102da4       0x9c ../bsp//libucosii_bsp.a(alt_fstat.o)
                0x00102da4                fstat
 .text          0x00102e40       0x94 ../bsp//libucosii_bsp.a(alt_isatty.o)
                0x00102e40                isatty
 .text          0x00102ed4       0x8c ../bsp//libucosii_bsp.a(alt_load.o)
                0x00102ef4                alt_load
 .text          0x00102f60       0xb8 ../bsp//libucosii_bsp.a(alt_lseek.o)
                0x00102f60                lseek
 .text          0x00103018       0xa8 ../bsp//libucosii_bsp.a(alt_main.o)
                0x00103018                alt_main
 .text          0x001030c0       0xd8 ../bsp//libucosii_bsp.a(alt_read.o)
                0x001030e0                read
 .text          0x00103198       0x5c ../bsp//libucosii_bsp.a(alt_release_fd.o)
                0x00103198                alt_release_fd
 .text          0x001031f4       0x50 ../bsp//libucosii_bsp.a(alt_sbrk.o)
                0x001031f4                sbrk
 .text          0x00103244       0xd4 ../bsp//libucosii_bsp.a(alt_write.o)
                0x00103264                write
 .text          0x00103318       0xa8 ../bsp//libucosii_bsp.a(alt_env_lock.o)
                0x00103318                __env_unlock
                0x00103340                __env_lock
 .text          0x001033c0      0x110 ../bsp//libucosii_bsp.a(alt_malloc_lock.o)
                0x001033c0                __malloc_unlock
                0x0010341c                __malloc_lock
 .text          0x001034d0     0x1118 ../bsp//libucosii_bsp.a(os_core.o)
                0x001034d0                OSVersion
                0x001034d8                OS_Dummy
                0x001034dc                OS_EventTaskWait
                0x00103560                OS_EventTaskWaitMulti
                0x00103600                OS_EventTaskRemove
                0x0010364c                OS_EventTaskRemoveMulti
                0x001036a8                OS_EventTaskRdy
                0x0010379c                OS_EventWaitListInit
                0x001037b8                OS_MemClr
                0x001037d4                OS_MemCopy
                0x001037f8                OS_StrCopy
                0x00103824                OS_StrLen
                0x00103844                OS_TaskStatStkChk
                0x001038c8                OS_Sched
                0x00103980                OSStart
                0x001039ec                OSInit
                0x00103bcc                OSEventNameGet
                0x00103c84                OSEventPendMulti
                0x00103fdc                OSIntEnter
                0x00104018                OSSchedLock
                0x0010405c                OSSchedUnlock
                0x001040b0                OSStatInit
                0x00104114                OSTimeTick
                0x00104220                OS_TaskIdle
                0x00104250                OS_TaskStat
                0x001042d4                OS_TCBInit
                0x00104458                OSIntExit
                0x0010452c                OSEventNameSet
 .text          0x001045e8        0x4 ../bsp//libucosii_bsp.a(os_dbg.o)
                0x001045e8                OSDebugInit
 .text          0x001045ec      0xc5c ../bsp//libucosii_bsp.a(os_flag.o)
                0x001046a4                OS_FlagUnlink
                0x00104770                OS_FlagInit
                0x001047e0                OSFlagQuery
                0x0010483c                OSFlagAccept
                0x001049ac                OSFlagCreate
                0x00104a34                OSFlagDel
                0x00104b94                OSFlagNameGet
                0x00104c54                OSFlagNameSet
                0x00104d28                OSFlagPend
                0x00105028                OSFlagPendGetFlagsRdy
                0x00105054                OSFlagPost
 .text          0x00105248      0x3b8 ../bsp//libucosii_bsp.a(os_mem.o)
                0x00105248                OS_MemInit
                0x001052b0                OSMemQuery
                0x00105314                OSMemCreate
                0x001053e4                OSMemGet
                0x00105450                OSMemNameGet
                0x001054ec                OSMemNameSet
                0x001055a8                OSMemPut
 .text          0x00105600      0x9c4 ../bsp//libucosii_bsp.a(os_q.o)
                0x00105600                OS_QInit
                0x00105650                OSQQuery
                0x001056e8                OSQAccept
                0x00105784                OSQCreate
                0x00105884                OSQDel
                0x00105a08                OSQFlush
                0x00105a58                OSQPend
                0x00105c18                OSQPendAbort
                0x00105d00                OSQPost
                0x00105dbc                OSQPostFront
                0x00105e80                OSQPostOpt
 .text          0x00105fc4      0x5e0 ../bsp//libucosii_bsp.a(os_sem.o)
                0x00105fc4                OSSemSet
                0x00106028                OSSemAccept
                0x0010606c                OSSemCreate
                0x001060f8                OSSemDel
                0x0010624c                OSSemPend
                0x001063b4                OSSemPendAbort
                0x001064a0                OSSemPost
                0x0010653c                OSSemQuery
 .text          0x001065a4      0xe74 ../bsp//libucosii_bsp.a(os_task.o)
                0x001065a4                OS_TaskStkClr
                0x001065d4                OSTaskQuery
                0x0010669c                OSTaskChangePrio
                0x00106938                OSTaskCreate
                0x00106a44                OSTaskCreateExt
                0x00106bbc                OSTaskDel
                0x00106e08                OSTaskDelReq
                0x00106ebc                OSTaskNameGet
                0x00106fc4                OSTaskNameSet
                0x001070e0                OSTaskResume
                0x001071e4                OSTaskStkChk
                0x001072d4                OSTaskSuspend
 .text          0x00107418      0x378 ../bsp//libucosii_bsp.a(os_time.o)
                0x00107418                OSTimeSet
                0x0010743c                OSTimeDly
                0x001074d4                OSTimeDlyHMSM
                0x00107674                OSTimeDlyResume
                0x0010776c                OSTimeGet
 .text          0x00107790      0xb94 ../bsp//libucosii_bsp.a(os_tmr.o)
                0x001078fc                OSTmr_Init
                0x00107b58                OSTmrStop
                0x00107cb4                OSTmrStart
                0x00107db8                OSTmrStateGet
                0x00107e60                OSTmrRemainGet
                0x00107f78                OSTmrDel
                0x00108074                OSTmrSignal
                0x0010809c                OSTmrNameGet
                0x00108188                OSTmrCreate
 .text          0x00108324       0x9c ../bsp//libucosii_bsp.a(alt_sys_init.o)
                0x00108330                alt_sys_init
                0x001083a0                alt_irq_init
 .text          0x001083c0       0x3c ../bsp//libucosii_bsp.a(altera_avalon_jtag_uart_fd.o)
                0x001083c0                altera_avalon_jtag_uart_ioctl_fd
                0x001083cc                altera_avalon_jtag_uart_close_fd
                0x001083dc                altera_avalon_jtag_uart_write_fd
                0x001083ec                altera_avalon_jtag_uart_read_fd
 .text          0x001083fc      0x2f4 ../bsp//libucosii_bsp.a(altera_avalon_jtag_uart_init.o)
                0x001083fc                altera_avalon_jtag_uart_close
                0x001084bc                altera_avalon_jtag_uart_init
 .text          0x001086f0       0x7c ../bsp//libucosii_bsp.a(altera_avalon_jtag_uart_ioctl.o)
                0x001086f0                altera_avalon_jtag_uart_ioctl
 .text          0x0010876c      0x1ac ../bsp//libucosii_bsp.a(altera_avalon_jtag_uart_read.o)
                0x0010876c                altera_avalon_jtag_uart_read
 .text          0x00108918      0x1b8 ../bsp//libucosii_bsp.a(altera_avalon_jtag_uart_write.o)
                0x00108918                altera_avalon_jtag_uart_write
 .text          0x00108ad0       0x8c ../bsp//libucosii_bsp.a(altera_avalon_timer_sc.o)
                0x00108ad0                alt_avalon_timer_sc_init
 .text          0x00108b5c      0x250 ../bsp//libucosii_bsp.a(altera_up_avalon_character_lcd.o)
                0x00108b5c                get_DDRAM_addr
                0x00108b74                alt_up_character_lcd_string
                0x00108b90                alt_up_character_lcd_write
                0x00108bb4                alt_up_character_lcd_write_fd
                0x00108bd4                alt_up_character_lcd_init
                0x00108be4                alt_up_character_lcd_send_cmd
                0x00108bf4                alt_up_character_lcd_cursor_blink_on
                0x00108bfc                alt_up_character_lcd_cursor_off
                0x00108c04                alt_up_character_lcd_erase_pos
                0x00108c68                alt_up_character_lcd_shift_display
                0x00108cd8                alt_up_character_lcd_shift_cursor
                0x00108d48                alt_up_character_lcd_set_cursor_pos
                0x00108da0                alt_up_character_lcd_open_dev
 .text          0x00108dac       0x90 ../bsp//libucosii_bsp.a(alt_alarm_start.o)
                0x00108dac                alt_alarm_start
 .text          0x00108e3c        0x4 ../bsp//libucosii_bsp.a(alt_dcache_flush_all.o)
                0x00108e3c                alt_dcache_flush_all
 .text          0x00108e40       0x70 ../bsp//libucosii_bsp.a(alt_dev_llist_insert.o)
                0x00108e40                alt_dev_llist_insert
 .text          0x00108eb0       0x40 ../bsp//libucosii_bsp.a(alt_do_ctors.o)
                0x00108eb0                _do_ctors
 .text          0x00108ef0       0x40 ../bsp//libucosii_bsp.a(alt_do_dtors.o)
                0x00108ef0                _do_dtors
 .text          0x00108f30       0x70 ../bsp//libucosii_bsp.a(alt_find_dev.o)
                0x00108f30                alt_find_dev
 .text          0x00108fa0        0x4 ../bsp//libucosii_bsp.a(alt_icache_flush_all.o)
                0x00108fa0                alt_icache_flush_all
 .text          0x00108fa4       0x9c ../bsp//libucosii_bsp.a(alt_iic.o)
                0x00108fa4                alt_ic_irq_enabled
                0x00108fbc                alt_ic_irq_enable
                0x00108ffc                alt_ic_irq_disable
                0x0010903c                alt_ic_isr_register
 .text          0x00109040       0x6c ../bsp//libucosii_bsp.a(alt_iic_isr_register.o)
                0x00109040                alt_iic_isr_register
 .text          0x001090ac      0x114 ../bsp//libucosii_bsp.a(alt_io_redirect.o)
                0x00109134                alt_io_redirect
 .text          0x001091c0        0x0 ../bsp//libucosii_bsp.a(alt_irq_entry.o)
 .text          0x001091c0        0x0 ../bsp//libucosii_bsp.a(alt_irq_handler.o)
 .text          0x001091c0        0x0 ../bsp//libucosii_bsp.a(alt_irq_vars.o)
 .text          0x001091c0      0x17c ../bsp//libucosii_bsp.a(alt_open.o)
                0x001091c0                open
 .text          0x0010933c       0xe0 ../bsp//libucosii_bsp.a(alt_tick.o)
                0x0010933c                alt_alarm_stop
                0x00109370                alt_tick
 .text          0x0010941c        0x8 ../bsp//libucosii_bsp.a(altera_nios2_qsys_irq.o)
                0x0010941c                altera_nios2_qsys_irq_init
 .text          0x00109424       0xd0 ../bsp//libucosii_bsp.a(os_cpu_a.o)
                0x00109424                OSCtxSw
                0x00109424                OSIntCtxSw
                0x001094b0                OSStartHighRdy
                0x001094d0                OSStartTsk
 .text          0x001094f4      0x228 ../bsp//libucosii_bsp.a(os_cpu_c.o)
                0x001094f4                OSTaskCreateHook
                0x001094f8                OSTaskDelHook
                0x001094fc                OSTaskSwHook
                0x00109500                OSTaskStatHook
                0x00109504                OSInitHookBegin
                0x0010950c                OSInitHookEnd
                0x00109510                OSTaskIdleHook
                0x00109514                OSTCBInitHook
                0x00109518                OSTimeTickHook
                0x00109570                OSTaskStkInit
 .text          0x0010971c        0x0 ../bsp//libucosii_bsp.a(alt_exception_entry.o)
 .text          0x0010971c       0x9c ../bsp//libucosii_bsp.a(alt_find_file.o)
                0x0010971c                alt_find_file
 .text          0x001097b8       0xa4 ../bsp//libucosii_bsp.a(alt_get_fd.o)
                0x001097b8                alt_get_fd
 .text          0x0010985c       0x14 /opt/altera/13.0sp1/nios2eds/bin/gnu/H-i686-pc-linux-gnu/bin/../lib/gcc/nios2-elf/4.1.2/../../../../nios2-elf/lib/mno-hw-mul/libc.a(lib_a-atexit.o)
                0x0010985c                atexit
 .text          0x00109870       0x38 /opt/altera/13.0sp1/nios2eds/bin/gnu/H-i686-pc-linux-gnu/bin/../lib/gcc/nios2-elf/4.1.2/../../../../nios2-elf/lib/mno-hw-mul/libc.a(lib_a-exit.o)
                0x00109870                exit
 .text          0x001098a8       0x74 /opt/altera/13.0sp1/nios2eds/bin/gnu/H-i686-pc-linux-gnu/bin/../lib/gcc/nios2-elf/4.1.2/../../../../nios2-elf/lib/mno-hw-mul/libc.a(lib_a-memcmp.o)
                0x001098a8                memcmp
 .text          0x0010991c      0x134 /opt/altera/13.0sp1/nios2eds/bin/gnu/H-i686-pc-linux-gnu/bin/../lib/gcc/nios2-elf/4.1.2/../../../../nios2-elf/lib/mno-hw-mul/libc.a(lib_a-__atexit.o)
                0x0010991c                __register_exitproc
 .text          0x00109a50      0x1b4 /opt/altera/13.0sp1/nios2eds/bin/gnu/H-i686-pc-linux-gnu/bin/../lib/gcc/nios2-elf/4.1.2/../../../../nios2-elf/lib/mno-hw-mul/libc.a(lib_a-__call_atexit.o)
                0x00109a54                __call_exitprocs
 .text          0x00109c04       0xa4 /opt/altera/13.0sp1/nios2eds/bin/gnu/H-i686-pc-linux-gnu/bin/../lib/gcc/nios2-elf/4.1.2/mno-hw-mul/libgcc.a(_fixunsdfsi.o)
                0x00109c04                __fixunsdfsi
 .text          0x00109ca8      0x504 /opt/altera/13.0sp1/nios2eds/bin/gnu/H-i686-pc-linux-gnu/bin/../lib/gcc/nios2-elf/4.1.2/mno-hw-mul/libgcc.a(_addsub_df.o)
                0x0010a0b8                __subdf3
                0x0010a138                __adddf3
 .text          0x0010a1ac      0x3c4 /opt/altera/13.0sp1/nios2eds/bin/gnu/H-i686-pc-linux-gnu/bin/../lib/gcc/nios2-elf/4.1.2/mno-hw-mul/libgcc.a(_mul_df.o)
                0x0010a1ac                __muldf3
 .text          0x0010a570      0x258 /opt/altera/13.0sp1/nios2eds/bin/gnu/H-i686-pc-linux-gnu/bin/../lib/gcc/nios2-elf/4.1.2/mno-hw-mul/libgcc.a(_div_df.o)
                0x0010a570                __divdf3
 .text          0x0010a7c8       0x88 /opt/altera/13.0sp1/nios2eds/bin/gnu/H-i686-pc-linux-gnu/bin/../lib/gcc/nios2-elf/4.1.2/mno-hw-mul/libgcc.a(_ge_df.o)
                0x0010a7c8                __gedf2
 .text          0x0010a850       0xf8 /opt/altera/13.0sp1/nios2eds/bin/gnu/H-i686-pc-linux-gnu/bin/../lib/gcc/nios2-elf/4.1.2/mno-hw-mul/libgcc.a(_si_to_df.o)
                0x0010a850                __floatsidf
 .text          0x0010a948       0xd8 /opt/altera/13.0sp1/nios2eds/bin/gnu/H-i686-pc-linux-gnu/bin/../lib/gcc/nios2-elf/4.1.2/mno-hw-mul/libgcc.a(_df_to_si.o)
                0x0010a948                __fixdfsi
 .text          0x0010aa20        0x0 /opt/altera/13.0sp1/nios2eds/bin/gnu/H-i686-pc-linux-gnu/bin/../lib/gcc/nios2-elf/4.1.2/mno-hw-mul/libgcc.a(_thenan_df.o)
 .text          0x0010aa20      0x194 /opt/altera/13.0sp1/nios2eds/bin/gnu/H-i686-pc-linux-gnu/bin/../lib/gcc/nios2-elf/4.1.2/mno-hw-mul/libgcc.a(_usi_to_df.o)
                0x0010aa20                __floatunsidf
 .text          0x0010abb4      0x14c /opt/altera/13.0sp1/nios2eds/bin/gnu/H-i686-pc-linux-gnu/bin/../lib/gcc/nios2-elf/4.1.2/mno-hw-mul/libgcc.a(lib2-divmod.o)
                0x0010ac30                __divsi3
                0x0010ac90                __modsi3
                0x0010acf0                __udivsi3
                0x0010acf8                __umodsi3
 .text          0x0010ad00      0x124 /opt/altera/13.0sp1/nios2eds/bin/gnu/H-i686-pc-linux-gnu/bin/../lib/gcc/nios2-elf/4.1.2/mno-hw-mul/libgcc.a(_muldi3.o)
                0x0010ad00                __muldi3
 .text          0x0010ae24       0x80 /opt/altera/13.0sp1/nios2eds/bin/gnu/H-i686-pc-linux-gnu/bin/../lib/gcc/nios2-elf/4.1.2/mno-hw-mul/libgcc.a(_clzsi2.o)
                0x0010ae24                __clzsi2
 .text          0x0010aea4      0x314 /opt/altera/13.0sp1/nios2eds/bin/gnu/H-i686-pc-linux-gnu/bin/../lib/gcc/nios2-elf/4.1.2/mno-hw-mul/libgcc.a(_pack_df.o)
                0x0010aea4                __pack_d
 .text          0x0010b1b8      0x138 /opt/altera/13.0sp1/nios2eds/bin/gnu/H-i686-pc-linux-gnu/bin/../lib/gcc/nios2-elf/4.1.2/mno-hw-mul/libgcc.a(_unpack_df.o)
                0x0010b1b8                __unpack_d
 .text          0x0010b2f0       0xc8 /opt/altera/13.0sp1/nios2eds/bin/gnu/H-i686-pc-linux-gnu/bin/../lib/gcc/nios2-elf/4.1.2/mno-hw-mul/libgcc.a(_fpcmp_parts_df.o)
                0x0010b2f0                __fpcmp_parts_d
 .text          0x0010b3b8        0x0 /opt/altera/13.0sp1/nios2eds/bin/gnu/H-i686-pc-linux-gnu/bin/../lib/gcc/nios2-elf/4.1.2/mno-hw-mul/libgcc.a(_clz.o)
 .text          0x0010b3b8       0x20 ../bsp//libucosii_bsp.a(alt_exit.o)
                0x0010b3b8                _exit
 *(.gnu.warning.*)
 *(.fini)
                0x0010b3d8                PROVIDE (__etext, ABSOLUTE (.))
                0x0010b3d8                PROVIDE (_etext, ABSOLUTE (.))
                0x0010b3d8                PROVIDE (etext, ABSOLUTE (.))
 *(.eh_frame_hdr)
                0x0010b3d8                . = ALIGN (0x4)
                0x0010b3d8                PROVIDE (__preinit_array_start, ABSOLUTE (.))
 *(.preinit_array)
                0x0010b3d8                PROVIDE (__preinit_array_end, ABSOLUTE (.))
                0x0010b3d8                PROVIDE (__init_array_start, ABSOLUTE (.))
 *(.init_array)
                0x0010b3d8                PROVIDE (__init_array_end, ABSOLUTE (.))
                0x0010b3d8                PROVIDE (__fini_array_start, ABSOLUTE (.))
 *(.fini_array)
                0x0010b3d8                PROVIDE (__fini_array_end, ABSOLUTE (.))
 *(.eh_frame)
 *(.gcc_except_table)
 *(.dynamic)
                0x0010b3d8                PROVIDE (__CTOR_LIST__, ABSOLUTE (.))
 *(.ctors)
 *(SORT(.ctors.*))
 .ctors.65535   0x0010b3d8        0x4 /opt/altera/13.0sp1/nios2eds/bin/gnu/H-i686-pc-linux-gnu/bin/../lib/gcc/nios2-elf/4.1.2/../../../../nios2-elf/lib/mno-hw-mul/libc.a(lib_a-__call_atexit.o)
                0x0010b3dc                PROVIDE (__CTOR_END__, ABSOLUTE (.))
                0x0010b3dc                PROVIDE (__DTOR_LIST__, ABSOLUTE (.))
 *(.dtors)
 *(SORT(.dtors.*))
                0x0010b3dc                PROVIDE (__DTOR_END__, ABSOLUTE (.))
 *(.jcr)
                0x0010b3dc                . = ALIGN (0x4)

.rodata         0x0010b3dc      0x328
                0x0010b3dc                PROVIDE (__ram_rodata_start, ABSOLUTE (.))
                0x0010b3dc                . = ALIGN (0x4)
 *(.rodata .rodata.* .gnu.linkonce.r.*)
 .rodata        0x0010b3dc       0x84 obj/default/Handshake.o
 .rodata.str1.4
                0x0010b460        0x2 /opt/altera/13.0sp1/nios2eds/bin/gnu/H-i686-pc-linux-gnu/bin/../lib/gcc/nios2-elf/4.1.2/../../../../nios2-elf/lib/mno-hw-mul/libc.a(lib_a-puts.o)
                                  0x4 (size before relaxing)
 *fill*         0x0010b462        0x2 00
 .rodata.str1.4
                0x0010b464        0x2 /opt/altera/13.0sp1/nios2eds/bin/gnu/H-i686-pc-linux-gnu/bin/../lib/gcc/nios2-elf/4.1.2/../../../../nios2-elf/lib/mno-hw-mul/libc.a(lib_a-impure.o)
                                  0x4 (size before relaxing)
 *fill*         0x0010b466        0x2 00
 .rodata.str1.4
                0x0010b468        0xa ../bsp//libucosii_bsp.a(alt_dev.o)
                                  0xc (size before relaxing)
 *fill*         0x0010b472        0x2 00
 .rodata.str1.4
                0x0010b474       0x11 ../bsp//libucosii_bsp.a(alt_main.o)
                                 0x14 (size before relaxing)
 *fill*         0x0010b485        0x3 00
 .rodata.str1.4
                0x0010b488       0x1e ../bsp//libucosii_bsp.a(os_core.o)
                                 0x20 (size before relaxing)
 .rodata        0x0010b4a6      0x100 ../bsp//libucosii_bsp.a(os_core.o)
                0x0010b4a6                OSUnMapTbl
 *fill*         0x0010b5a6        0x2 00
 .rodata.str1.4
                0x0010b5a8       0x35 ../bsp//libucosii_bsp.a(os_tmr.o)
                                 0x38 (size before relaxing)
 *fill*         0x0010b5dd        0x3 00
 .rodata.str1.4
                0x0010b5e0       0x10 ../bsp//libucosii_bsp.a(alt_sys_init.o)
                                 0x24 (size before relaxing)
 .rodata.str1.4
                0x00000000        0x4 ../bsp//libucosii_bsp.a(os_cpu_c.o)
 .rodata        0x0010b5f0       0x14 /opt/altera/13.0sp1/nios2eds/bin/gnu/H-i686-pc-linux-gnu/bin/../lib/gcc/nios2-elf/4.1.2/mno-hw-mul/libgcc.a(_thenan_df.o)
                0x0010b5f0                __thenan_df
 .rodata        0x0010b604      0x100 /opt/altera/13.0sp1/nios2eds/bin/gnu/H-i686-pc-linux-gnu/bin/../lib/gcc/nios2-elf/4.1.2/mno-hw-mul/libgcc.a(_clz.o)
                0x0010b604                __clz_tab
 *(.rodata1)
                0x0010b704                . = ALIGN (0x4)
                0x0010b704                PROVIDE (__ram_rodata_end, ABSOLUTE (.))
                0x0010b3dc                PROVIDE (__flash_rodata_start, LOADADDR (.rodata))

.rwdata         0x0010b704     0x1afc load address 0x0010d200
                0x0010b704                PROVIDE (__ram_rwdata_start, ABSOLUTE (.))
                0x0010b704                . = ALIGN (0x4)
 *(.got.plt)
 *(.got)
 *(.data1)
 *(.data .data.* .gnu.linkonce.d.*)
 .data          0x0010b704        0x0 ../bsp//obj/HAL/src/crt0.o
 .data          0x0010b704        0x0 obj/default/Handshake.o
 .data          0x0010b704        0x0 /opt/altera/13.0sp1/nios2eds/bin/gnu/H-i686-pc-linux-gnu/bin/../lib/gcc/nios2-elf/4.1.2/../../../../nios2-elf/lib/mno-hw-mul/libc.a(lib_a-puts.o)
 .data          0x0010b704        0x0 /opt/altera/13.0sp1/nios2eds/bin/gnu/H-i686-pc-linux-gnu/bin/../lib/gcc/nios2-elf/4.1.2/../../../../nios2-elf/lib/mno-hw-mul/libc.a(lib_a-strlen.o)
 .data          0x0010b704        0x0 /opt/altera/13.0sp1/nios2eds/bin/gnu/H-i686-pc-linux-gnu/bin/../lib/gcc/nios2-elf/4.1.2/../../../../nios2-elf/lib/mno-hw-mul/libc.a(lib_a-fvwrite.o)
 .data          0x0010b704      0x400 /opt/altera/13.0sp1/nios2eds/bin/gnu/H-i686-pc-linux-gnu/bin/../lib/gcc/nios2-elf/4.1.2/../../../../nios2-elf/lib/mno-hw-mul/libc.a(lib_a-impure.o)
 .data          0x0010bb04      0x408 /opt/altera/13.0sp1/nios2eds/bin/gnu/H-i686-pc-linux-gnu/bin/../lib/gcc/nios2-elf/4.1.2/../../../../nios2-elf/lib/mno-hw-mul/libc.a(lib_a-mallocr.o)
                0x0010bb04                __malloc_av_
 .data          0x0010bf0c        0x0 /opt/altera/13.0sp1/nios2eds/bin/gnu/H-i686-pc-linux-gnu/bin/../lib/gcc/nios2-elf/4.1.2/../../../../nios2-elf/lib/mno-hw-mul/libc.a(lib_a-memchr.o)
 .data          0x0010bf0c        0x0 /opt/altera/13.0sp1/nios2eds/bin/gnu/H-i686-pc-linux-gnu/bin/../lib/gcc/nios2-elf/4.1.2/../../../../nios2-elf/lib/mno-hw-mul/libc.a(lib_a-memcpy.o)
 .data          0x0010bf0c        0x0 /opt/altera/13.0sp1/nios2eds/bin/gnu/H-i686-pc-linux-gnu/bin/../lib/gcc/nios2-elf/4.1.2/../../../../nios2-elf/lib/mno-hw-mul/libc.a(lib_a-memmove.o)
 .data          0x0010bf0c        0x0 /opt/altera/13.0sp1/nios2eds/bin/gnu/H-i686-pc-linux-gnu/bin/../lib/gcc/nios2-elf/4.1.2/../../../../nios2-elf/lib/mno-hw-mul/libc.a(lib_a-reallocr.o)
 .data          0x0010bf0c        0x0 /opt/altera/13.0sp1/nios2eds/bin/gnu/H-i686-pc-linux-gnu/bin/../lib/gcc/nios2-elf/4.1.2/../../../../nios2-elf/lib/mno-hw-mul/libc.a(lib_a-sbrkr.o)
 .data          0x0010bf0c        0x0 /opt/altera/13.0sp1/nios2eds/bin/gnu/H-i686-pc-linux-gnu/bin/../lib/gcc/nios2-elf/4.1.2/../../../../nios2-elf/lib/mno-hw-mul/libc.a(lib_a-wsetup.o)
 .data          0x0010bf0c        0x0 /opt/altera/13.0sp1/nios2eds/bin/gnu/H-i686-pc-linux-gnu/bin/../lib/gcc/nios2-elf/4.1.2/../../../../nios2-elf/lib/mno-hw-mul/libc.a(lib_a-fflush.o)
 .data          0x0010bf0c        0x0 /opt/altera/13.0sp1/nios2eds/bin/gnu/H-i686-pc-linux-gnu/bin/../lib/gcc/nios2-elf/4.1.2/../../../../nios2-elf/lib/mno-hw-mul/libc.a(lib_a-findfp.o)
 .data          0x0010bf0c        0x0 /opt/altera/13.0sp1/nios2eds/bin/gnu/H-i686-pc-linux-gnu/bin/../lib/gcc/nios2-elf/4.1.2/../../../../nios2-elf/lib/mno-hw-mul/libc.a(lib_a-freer.o)
 .data          0x0010bf0c        0x0 /opt/altera/13.0sp1/nios2eds/bin/gnu/H-i686-pc-linux-gnu/bin/../lib/gcc/nios2-elf/4.1.2/../../../../nios2-elf/lib/mno-hw-mul/libc.a(lib_a-fwalk.o)
 .data          0x0010bf0c        0x0 /opt/altera/13.0sp1/nios2eds/bin/gnu/H-i686-pc-linux-gnu/bin/../lib/gcc/nios2-elf/4.1.2/../../../../nios2-elf/lib/mno-hw-mul/libc.a(lib_a-int_errno.o)
 .data          0x0010bf0c        0x0 /opt/altera/13.0sp1/nios2eds/bin/gnu/H-i686-pc-linux-gnu/bin/../lib/gcc/nios2-elf/4.1.2/../../../../nios2-elf/lib/mno-hw-mul/libc.a(lib_a-makebuf.o)
 .data          0x0010bf0c        0x0 /opt/altera/13.0sp1/nios2eds/bin/gnu/H-i686-pc-linux-gnu/bin/../lib/gcc/nios2-elf/4.1.2/../../../../nios2-elf/lib/mno-hw-mul/libc.a(lib_a-memset.o)
 .data          0x0010bf0c        0x0 /opt/altera/13.0sp1/nios2eds/bin/gnu/H-i686-pc-linux-gnu/bin/../lib/gcc/nios2-elf/4.1.2/../../../../nios2-elf/lib/mno-hw-mul/libc.a(lib_a-stdio.o)
 .data          0x0010bf0c        0x0 /opt/altera/13.0sp1/nios2eds/bin/gnu/H-i686-pc-linux-gnu/bin/../lib/gcc/nios2-elf/4.1.2/../../../../nios2-elf/lib/mno-hw-mul/libc.a(lib_a-writer.o)
 .data          0x0010bf0c        0x0 /opt/altera/13.0sp1/nios2eds/bin/gnu/H-i686-pc-linux-gnu/bin/../lib/gcc/nios2-elf/4.1.2/../../../../nios2-elf/lib/mno-hw-mul/libc.a(lib_a-closer.o)
 .data          0x0010bf0c        0x0 /opt/altera/13.0sp1/nios2eds/bin/gnu/H-i686-pc-linux-gnu/bin/../lib/gcc/nios2-elf/4.1.2/../../../../nios2-elf/lib/mno-hw-mul/libc.a(lib_a-fclose.o)
 .data          0x0010bf0c        0x0 /opt/altera/13.0sp1/nios2eds/bin/gnu/H-i686-pc-linux-gnu/bin/../lib/gcc/nios2-elf/4.1.2/../../../../nios2-elf/lib/mno-hw-mul/libc.a(lib_a-fstatr.o)
 .data          0x0010bf0c        0x0 /opt/altera/13.0sp1/nios2eds/bin/gnu/H-i686-pc-linux-gnu/bin/../lib/gcc/nios2-elf/4.1.2/../../../../nios2-elf/lib/mno-hw-mul/libc.a(lib_a-isattyr.o)
 .data          0x0010bf0c        0x0 /opt/altera/13.0sp1/nios2eds/bin/gnu/H-i686-pc-linux-gnu/bin/../lib/gcc/nios2-elf/4.1.2/../../../../nios2-elf/lib/mno-hw-mul/libc.a(lib_a-lseekr.o)
 .data          0x0010bf0c        0x0 /opt/altera/13.0sp1/nios2eds/bin/gnu/H-i686-pc-linux-gnu/bin/../lib/gcc/nios2-elf/4.1.2/../../../../nios2-elf/lib/mno-hw-mul/libc.a(lib_a-readr.o)
 .data          0x0010bf0c        0x0 /opt/altera/13.0sp1/nios2eds/bin/gnu/H-i686-pc-linux-gnu/bin/../lib/gcc/nios2-elf/4.1.2/mno-hw-mul/libgcc.a(lib2-mul.o)
 .data          0x0010bf0c        0x0 ../bsp//libucosii_bsp.a(alt_close.o)
 .data          0x0010bf0c      0x1a8 ../bsp//libucosii_bsp.a(alt_dev.o)
                0x0010bf0c                alt_dev_null
                0x0010bf34                alt_fd_list
 .data          0x0010c0b4        0x0 ../bsp//libucosii_bsp.a(alt_errno.o)
 .data          0x0010c0b4        0x0 ../bsp//libucosii_bsp.a(alt_fstat.o)
 .data          0x0010c0b4        0x0 ../bsp//libucosii_bsp.a(alt_isatty.o)
 .data          0x0010c0b4        0x0 ../bsp//libucosii_bsp.a(alt_load.o)
 .data          0x0010c0b4        0x0 ../bsp//libucosii_bsp.a(alt_lseek.o)
 .data          0x0010c0b4        0x0 ../bsp//libucosii_bsp.a(alt_main.o)
 .data          0x0010c0b4        0x0 ../bsp//libucosii_bsp.a(alt_read.o)
 .data          0x0010c0b4        0x0 ../bsp//libucosii_bsp.a(alt_release_fd.o)
 .data          0x0010c0b4        0x0 ../bsp//libucosii_bsp.a(alt_sbrk.o)
 .data          0x0010c0b4        0x0 ../bsp//libucosii_bsp.a(alt_write.o)
 .data          0x0010c0b4        0x0 ../bsp//libucosii_bsp.a(alt_env_lock.o)
 .data          0x0010c0b4        0x0 ../bsp//libucosii_bsp.a(alt_malloc_lock.o)
 .data          0x0010c0b4        0x0 ../bsp//libucosii_bsp.a(os_core.o)
 .data          0x0010c0b4        0x0 ../bsp//libucosii_bsp.a(os_dbg.o)
 .data          0x0010c0b4        0x0 ../bsp//libucosii_bsp.a(os_flag.o)
 .data          0x0010c0b4        0x0 ../bsp//libucosii_bsp.a(os_mem.o)
 .data          0x0010c0b4        0x0 ../bsp//libucosii_bsp.a(os_q.o)
 .data          0x0010c0b4        0x0 ../bsp//libucosii_bsp.a(os_sem.o)
 .data          0x0010c0b4        0x0 ../bsp//libucosii_bsp.a(os_task.o)
 .data          0x0010c0b4        0x0 ../bsp//libucosii_bsp.a(os_time.o)
 .data          0x0010c0b4        0x0 ../bsp//libucosii_bsp.a(os_tmr.o)
 .data          0x0010c0b4     0x1098 ../bsp//libucosii_bsp.a(alt_sys_init.o)
 .data          0x0010d14c        0x0 ../bsp//libucosii_bsp.a(altera_avalon_jtag_uart_fd.o)
 .data          0x0010d14c        0x0 ../bsp//libucosii_bsp.a(altera_avalon_jtag_uart_init.o)
 .data          0x0010d14c        0x0 ../bsp//libucosii_bsp.a(altera_avalon_jtag_uart_ioctl.o)
 .data          0x0010d14c        0x0 ../bsp//libucosii_bsp.a(altera_avalon_jtag_uart_read.o)
 .data          0x0010d14c        0x0 ../bsp//libucosii_bsp.a(altera_avalon_jtag_uart_write.o)
 .data          0x0010d14c        0x0 ../bsp//libucosii_bsp.a(altera_avalon_timer_sc.o)
 .data          0x0010d14c        0x0 ../bsp//libucosii_bsp.a(altera_up_avalon_character_lcd.o)
 .data          0x0010d14c        0x0 ../bsp//libucosii_bsp.a(alt_alarm_start.o)
 .data          0x0010d14c        0x0 ../bsp//libucosii_bsp.a(alt_dcache_flush_all.o)
 .data          0x0010d14c        0x0 ../bsp//libucosii_bsp.a(alt_dev_llist_insert.o)
 .data          0x0010d14c        0x0 ../bsp//libucosii_bsp.a(alt_do_ctors.o)
 .data          0x0010d14c        0x0 ../bsp//libucosii_bsp.a(alt_do_dtors.o)
 .data          0x0010d14c        0x0 ../bsp//libucosii_bsp.a(alt_find_dev.o)
 .data          0x0010d14c        0x0 ../bsp//libucosii_bsp.a(alt_icache_flush_all.o)
 .data          0x0010d14c        0x0 ../bsp//libucosii_bsp.a(alt_iic.o)
 .data          0x0010d14c        0x0 ../bsp//libucosii_bsp.a(alt_iic_isr_register.o)
 .data          0x0010d14c        0x0 ../bsp//libucosii_bsp.a(alt_io_redirect.o)
 .data          0x0010d14c        0x0 ../bsp//libucosii_bsp.a(alt_irq_entry.o)
 .data          0x0010d14c        0x0 ../bsp//libucosii_bsp.a(alt_irq_handler.o)
 .data          0x0010d14c        0x0 ../bsp//libucosii_bsp.a(alt_irq_vars.o)
 .data          0x0010d14c        0x0 ../bsp//libucosii_bsp.a(alt_open.o)
 .data          0x0010d14c        0x0 ../bsp//libucosii_bsp.a(alt_tick.o)
 .data          0x0010d14c        0x0 ../bsp//libucosii_bsp.a(altera_nios2_qsys_irq.o)
 .data          0x0010d14c        0x0 ../bsp//libucosii_bsp.a(os_cpu_a.o)
 .data          0x0010d14c        0x0 ../bsp//libucosii_bsp.a(os_cpu_c.o)
 .data          0x0010d14c        0x0 ../bsp//libucosii_bsp.a(alt_exception_entry.o)
 .data          0x0010d14c        0x0 ../bsp//libucosii_bsp.a(alt_find_file.o)
 .data          0x0010d14c        0x0 ../bsp//libucosii_bsp.a(alt_get_fd.o)
 .data          0x0010d14c        0x0 /opt/altera/13.0sp1/nios2eds/bin/gnu/H-i686-pc-linux-gnu/bin/../lib/gcc/nios2-elf/4.1.2/../../../../nios2-elf/lib/mno-hw-mul/libc.a(lib_a-atexit.o)
 .data          0x0010d14c        0x0 /opt/altera/13.0sp1/nios2eds/bin/gnu/H-i686-pc-linux-gnu/bin/../lib/gcc/nios2-elf/4.1.2/../../../../nios2-elf/lib/mno-hw-mul/libc.a(lib_a-exit.o)
 .data          0x0010d14c        0x0 /opt/altera/13.0sp1/nios2eds/bin/gnu/H-i686-pc-linux-gnu/bin/../lib/gcc/nios2-elf/4.1.2/../../../../nios2-elf/lib/mno-hw-mul/libc.a(lib_a-memcmp.o)
 .data          0x0010d14c        0x0 /opt/altera/13.0sp1/nios2eds/bin/gnu/H-i686-pc-linux-gnu/bin/../lib/gcc/nios2-elf/4.1.2/../../../../nios2-elf/lib/mno-hw-mul/libc.a(lib_a-__atexit.o)
 .data          0x0010d14c        0x0 /opt/altera/13.0sp1/nios2eds/bin/gnu/H-i686-pc-linux-gnu/bin/../lib/gcc/nios2-elf/4.1.2/../../../../nios2-elf/lib/mno-hw-mul/libc.a(lib_a-__call_atexit.o)
 .data          0x0010d14c        0x0 /opt/altera/13.0sp1/nios2eds/bin/gnu/H-i686-pc-linux-gnu/bin/../lib/gcc/nios2-elf/4.1.2/mno-hw-mul/libgcc.a(_fixunsdfsi.o)
 .data          0x0010d14c        0x0 /opt/altera/13.0sp1/nios2eds/bin/gnu/H-i686-pc-linux-gnu/bin/../lib/gcc/nios2-elf/4.1.2/mno-hw-mul/libgcc.a(_addsub_df.o)
 .data          0x0010d14c        0x0 /opt/altera/13.0sp1/nios2eds/bin/gnu/H-i686-pc-linux-gnu/bin/../lib/gcc/nios2-elf/4.1.2/mno-hw-mul/libgcc.a(_mul_df.o)
 .data          0x0010d14c        0x0 /opt/altera/13.0sp1/nios2eds/bin/gnu/H-i686-pc-linux-gnu/bin/../lib/gcc/nios2-elf/4.1.2/mno-hw-mul/libgcc.a(_div_df.o)
 .data          0x0010d14c        0x0 /opt/altera/13.0sp1/nios2eds/bin/gnu/H-i686-pc-linux-gnu/bin/../lib/gcc/nios2-elf/4.1.2/mno-hw-mul/libgcc.a(_ge_df.o)
 .data          0x0010d14c        0x0 /opt/altera/13.0sp1/nios2eds/bin/gnu/H-i686-pc-linux-gnu/bin/../lib/gcc/nios2-elf/4.1.2/mno-hw-mul/libgcc.a(_si_to_df.o)
 .data          0x0010d14c        0x0 /opt/altera/13.0sp1/nios2eds/bin/gnu/H-i686-pc-linux-gnu/bin/../lib/gcc/nios2-elf/4.1.2/mno-hw-mul/libgcc.a(_df_to_si.o)
 .data          0x0010d14c        0x0 /opt/altera/13.0sp1/nios2eds/bin/gnu/H-i686-pc-linux-gnu/bin/../lib/gcc/nios2-elf/4.1.2/mno-hw-mul/libgcc.a(_thenan_df.o)
 .data          0x0010d14c        0x0 /opt/altera/13.0sp1/nios2eds/bin/gnu/H-i686-pc-linux-gnu/bin/../lib/gcc/nios2-elf/4.1.2/mno-hw-mul/libgcc.a(_usi_to_df.o)
 .data          0x0010d14c        0x0 /opt/altera/13.0sp1/nios2eds/bin/gnu/H-i686-pc-linux-gnu/bin/../lib/gcc/nios2-elf/4.1.2/mno-hw-mul/libgcc.a(lib2-divmod.o)
 .data          0x0010d14c        0x0 /opt/altera/13.0sp1/nios2eds/bin/gnu/H-i686-pc-linux-gnu/bin/../lib/gcc/nios2-elf/4.1.2/mno-hw-mul/libgcc.a(_muldi3.o)
 .data          0x0010d14c        0x0 /opt/altera/13.0sp1/nios2eds/bin/gnu/H-i686-pc-linux-gnu/bin/../lib/gcc/nios2-elf/4.1.2/mno-hw-mul/libgcc.a(_clzsi2.o)
 .data          0x0010d14c        0x0 /opt/altera/13.0sp1/nios2eds/bin/gnu/H-i686-pc-linux-gnu/bin/../lib/gcc/nios2-elf/4.1.2/mno-hw-mul/libgcc.a(_pack_df.o)
 .data          0x0010d14c        0x0 /opt/altera/13.0sp1/nios2eds/bin/gnu/H-i686-pc-linux-gnu/bin/../lib/gcc/nios2-elf/4.1.2/mno-hw-mul/libgcc.a(_unpack_df.o)
 .data          0x0010d14c        0x0 /opt/altera/13.0sp1/nios2eds/bin/gnu/H-i686-pc-linux-gnu/bin/../lib/gcc/nios2-elf/4.1.2/mno-hw-mul/libgcc.a(_fpcmp_parts_df.o)
 .data          0x0010d14c        0x0 /opt/altera/13.0sp1/nios2eds/bin/gnu/H-i686-pc-linux-gnu/bin/../lib/gcc/nios2-elf/4.1.2/mno-hw-mul/libgcc.a(_clz.o)
 .data          0x0010d14c        0x0 ../bsp//libucosii_bsp.a(alt_exit.o)
                0x0011514c                _gp = ABSOLUTE ((. + 0x8000))
                0x0011514c                PROVIDE (gp, _gp)
 *(.rwdata .rwdata.*)
 *(.sdata .sdata.* .gnu.linkonce.s.*)
 .sdata         0x0010d14c        0x8 /opt/altera/13.0sp1/nios2eds/bin/gnu/H-i686-pc-linux-gnu/bin/../lib/gcc/nios2-elf/4.1.2/../../../../nios2-elf/lib/mno-hw-mul/libc.a(lib_a-impure.o)
                0x0010d14c                _impure_ptr
                0x0010d150                _global_impure_ptr
 .sdata         0x0010d154        0x8 /opt/altera/13.0sp1/nios2eds/bin/gnu/H-i686-pc-linux-gnu/bin/../lib/gcc/nios2-elf/4.1.2/../../../../nios2-elf/lib/mno-hw-mul/libc.a(lib_a-mallocr.o)
                0x0010d154                __malloc_trim_threshold
                0x0010d158                __malloc_sbrk_base
 .sdata         0x0010d15c       0x14 ../bsp//libucosii_bsp.a(alt_dev.o)
                0x0010d15c                alt_fs_list
                0x0010d164                alt_dev_list
                0x0010d16c                alt_max_fd
 .sdata         0x0010d170        0x4 ../bsp//libucosii_bsp.a(alt_errno.o)
                0x0010d170                alt_errno
 .sdata         0x0010d174        0x4 ../bsp//libucosii_bsp.a(alt_sbrk.o)
 .sdata         0x0010d178        0x4 ../bsp//libucosii_bsp.a(alt_env_lock.o)
 .sdata         0x0010d17c        0x4 ../bsp//libucosii_bsp.a(alt_malloc_lock.o)
 .sdata         0x0010d180       0x74 ../bsp//libucosii_bsp.a(os_dbg.o)
                0x0010d180                OSDebugEn
                0x0010d184                OSEndiannessTest
                0x0010d188                OSEventEn
                0x0010d18a                OSEventMax
                0x0010d18c                OSEventNameSize
                0x0010d18e                OSEventSize
                0x0010d190                OSEventTblSize
                0x0010d192                OSEventMultiEn
                0x0010d194                OSFlagEn
                0x0010d196                OSFlagGrpSize
                0x0010d198                OSFlagNodeSize
                0x0010d19a                OSFlagWidth
                0x0010d19c                OSFlagMax
                0x0010d19e                OSFlagNameSize
                0x0010d1a0                OSLowestPrio
                0x0010d1a2                OSMboxEn
                0x0010d1a4                OSMemEn
                0x0010d1a6                OSMemMax
                0x0010d1a8                OSMemNameSize
                0x0010d1aa                OSMemSize
                0x0010d1ac                OSMemTblSize
                0x0010d1ae                OSMutexEn
                0x0010d1b0                OSPtrSize
                0x0010d1b2                OSQEn
                0x0010d1b4                OSQMax
                0x0010d1b6                OSQSize
                0x0010d1b8                OSRdyTblSize
                0x0010d1ba                OSSemEn
                0x0010d1bc                OSStkWidth
                0x0010d1be                OSTaskCreateEn
                0x0010d1c0                OSTaskCreateExtEn
                0x0010d1c2                OSTaskDelEn
                0x0010d1c4                OSTaskIdleStkSize
                0x0010d1c6                OSTaskProfileEn
                0x0010d1c8                OSTaskMax
                0x0010d1ca                OSTaskNameSize
                0x0010d1cc                OSTaskStatEn
                0x0010d1ce                OSTaskStatStkSize
                0x0010d1d0                OSTaskStatStkChkEn
                0x0010d1d2                OSTaskSwHookEn
                0x0010d1d4                OSTCBPrioTblMax
                0x0010d1d6                OSTCBSize
                0x0010d1d8                OSTicksPerSec
                0x0010d1da                OSTimeTickHookEn
                0x0010d1dc                OSVersionNbr
                0x0010d1de                OSTmrEn
                0x0010d1e0                OSTmrCfgMax
                0x0010d1e2                OSTmrCfgNameSize
                0x0010d1e4                OSTmrCfgWheelSize
                0x0010d1e6                OSTmrCfgTicksPerSec
                0x0010d1e8                OSTmrSize
                0x0010d1ea                OSTmrTblSize
                0x0010d1ec                OSTmrWheelSize
                0x0010d1ee                OSTmrWheelTblSize
                0x0010d1f0                OSDataSize
 .sdata         0x0010d1f4        0x4 ../bsp//libucosii_bsp.a(alt_irq_vars.o)
                0x0010d1f4                alt_priority_mask
 .sdata         0x0010d1f8        0x8 ../bsp//libucosii_bsp.a(alt_tick.o)
                0x0010d1f8                alt_alarm_list
 *(.sdata2 .sdata2.* .gnu.linkonce.s2.*)
                0x0010d200                . = ALIGN (0x4)
                0x0010d200                _edata = ABSOLUTE (.)
                0x0010d200                PROVIDE (edata, ABSOLUTE (.))
                0x0010d200                PROVIDE (__ram_rwdata_end, ABSOLUTE (.))
                0x0010d200                PROVIDE (__flash_rwdata_start, LOADADDR (.rwdata))

.bss            0x0010ecfc     0xa0dc
                0x0010ecfc                __bss_start = ABSOLUTE (.)
                0x0010ecfc                PROVIDE (__sbss_start, ABSOLUTE (.))
                0x0010ecfc                PROVIDE (___sbss_start, ABSOLUTE (.))
 *(.dynsbss)
 *(.sbss .sbss.* .gnu.linkonce.sb.*)
 .sbss          0x0010ecfc        0x8 obj/default/Handshake.o
                0x0010ecfc                sem1
                0x0010ed00                sem0
 .sbss          0x0010ed04        0xc /opt/altera/13.0sp1/nios2eds/bin/gnu/H-i686-pc-linux-gnu/bin/../lib/gcc/nios2-elf/4.1.2/../../../../nios2-elf/lib/mno-hw-mul/libc.a(lib_a-mallocr.o)
                0x0010ed04                __malloc_top_pad
                0x0010ed08                __malloc_max_sbrked_mem
                0x0010ed0c                __malloc_max_total_mem
 .sbss          0x0010ed10        0x4 /opt/altera/13.0sp1/nios2eds/bin/gnu/H-i686-pc-linux-gnu/bin/../lib/gcc/nios2-elf/4.1.2/../../../../nios2-elf/lib/mno-hw-mul/libc.a(lib_a-int_errno.o)
                0x0010ed10                errno
 .sbss          0x0010ed14        0x4 ../bsp//libucosii_bsp.a(alt_dev.o)
                0x0010ed14                alt_fd_list_lock
 .sbss          0x0010ed18        0xc ../bsp//libucosii_bsp.a(alt_main.o)
                0x0010ed18                alt_argc
                0x0010ed1c                alt_argv
                0x0010ed20                alt_envp
 .sbss          0x0010ed24        0x8 ../bsp//libucosii_bsp.a(alt_env_lock.o)
                0x0010ed28                alt_envsem
 .sbss          0x0010ed2c        0x8 ../bsp//libucosii_bsp.a(alt_malloc_lock.o)
                0x0010ed30                alt_heapsem
 .sbss          0x0010ed34       0x68 ../bsp//libucosii_bsp.a(os_core.o)
                0x0010ed34                OSTmrFreeList
                0x0010ed38                OSLockNesting
                0x0010ed3c                OSTmrSemSignal
                0x0010ed40                OSRunning
                0x0010ed44                OSIdleCtr
                0x0010ed48                OSTmrUsed
                0x0010ed4a                OSPrioHighRdy
                0x0010ed4b                OSPrioCur
                0x0010ed4c                OSTCBList
                0x0010ed50                OSTickStepState
                0x0010ed54                OSCtxSwCtr
                0x0010ed58                OSTmrFree
                0x0010ed5c                OSIdleCtrMax
                0x0010ed60                OSTCBFreeList
                0x0010ed64                OSCPUUsage
                0x0010ed65                OSTaskCtr
                0x0010ed68                OSMemFreeList
                0x0010ed6c                OSTCBHighRdy
                0x0010ed70                OSQFreeList
                0x0010ed74                OSRdyGrp
                0x0010ed75                OSRdyTbl
                0x0010ed78                OSEventFreeList
                0x0010ed7c                OSIntNesting
                0x0010ed80                OSTCBCur
                0x0010ed84                OSTmrTime
                0x0010ed88                OSTime
                0x0010ed8c                OSTmrSem
                0x0010ed90                OSFlagFreeList
                0x0010ed94                OSStatRdy
                0x0010ed98                OSIdleCtrRun
 .sbss          0x0010ed9c        0x4 ../bsp//libucosii_bsp.a(alt_irq_vars.o)
                0x0010ed9c                alt_irq_active
 .sbss          0x0010eda0        0x8 ../bsp//libucosii_bsp.a(alt_tick.o)
                0x0010eda0                _alt_tick_rate
                0x0010eda4                _alt_nticks
 .sbss          0x0010eda8        0x2 ../bsp//libucosii_bsp.a(os_cpu_c.o)
 *(.sbss2 .sbss2.* .gnu.linkonce.sb2.*)
 *(.scommon)
                0x0010edaa                PROVIDE (__sbss_end, ABSOLUTE (.))
                0x0010edaa                PROVIDE (___sbss_end, ABSOLUTE (.))
 *(.dynbss)
 *(.bss .bss.* .gnu.linkonce.b.*)
 .bss           0x0010edaa        0x0 ../bsp//obj/HAL/src/crt0.o
 .bss           0x0010edaa        0x0 obj/default/Handshake.o
 .bss           0x0010edaa        0x0 /opt/altera/13.0sp1/nios2eds/bin/gnu/H-i686-pc-linux-gnu/bin/../lib/gcc/nios2-elf/4.1.2/../../../../nios2-elf/lib/mno-hw-mul/libc.a(lib_a-puts.o)
 .bss           0x0010edaa        0x0 /opt/altera/13.0sp1/nios2eds/bin/gnu/H-i686-pc-linux-gnu/bin/../lib/gcc/nios2-elf/4.1.2/../../../../nios2-elf/lib/mno-hw-mul/libc.a(lib_a-strlen.o)
 .bss           0x0010edaa        0x0 /opt/altera/13.0sp1/nios2eds/bin/gnu/H-i686-pc-linux-gnu/bin/../lib/gcc/nios2-elf/4.1.2/../../../../nios2-elf/lib/mno-hw-mul/libc.a(lib_a-fvwrite.o)
 .bss           0x0010edaa        0x0 /opt/altera/13.0sp1/nios2eds/bin/gnu/H-i686-pc-linux-gnu/bin/../lib/gcc/nios2-elf/4.1.2/../../../../nios2-elf/lib/mno-hw-mul/libc.a(lib_a-impure.o)
 *fill*         0x0010edaa        0x2 00
 .bss           0x0010edac       0x28 /opt/altera/13.0sp1/nios2eds/bin/gnu/H-i686-pc-linux-gnu/bin/../lib/gcc/nios2-elf/4.1.2/../../../../nios2-elf/lib/mno-hw-mul/libc.a(lib_a-mallocr.o)
                0x0010edac                __malloc_current_mallinfo
 .bss           0x0010edd4        0x0 /opt/altera/13.0sp1/nios2eds/bin/gnu/H-i686-pc-linux-gnu/bin/../lib/gcc/nios2-elf/4.1.2/../../../../nios2-elf/lib/mno-hw-mul/libc.a(lib_a-memchr.o)
 .bss           0x0010edd4        0x0 /opt/altera/13.0sp1/nios2eds/bin/gnu/H-i686-pc-linux-gnu/bin/../lib/gcc/nios2-elf/4.1.2/../../../../nios2-elf/lib/mno-hw-mul/libc.a(lib_a-memcpy.o)
 .bss           0x0010edd4        0x0 /opt/altera/13.0sp1/nios2eds/bin/gnu/H-i686-pc-linux-gnu/bin/../lib/gcc/nios2-elf/4.1.2/../../../../nios2-elf/lib/mno-hw-mul/libc.a(lib_a-memmove.o)
 .bss           0x0010edd4        0x0 /opt/altera/13.0sp1/nios2eds/bin/gnu/H-i686-pc-linux-gnu/bin/../lib/gcc/nios2-elf/4.1.2/../../../../nios2-elf/lib/mno-hw-mul/libc.a(lib_a-reallocr.o)
 .bss           0x0010edd4        0x0 /opt/altera/13.0sp1/nios2eds/bin/gnu/H-i686-pc-linux-gnu/bin/../lib/gcc/nios2-elf/4.1.2/../../../../nios2-elf/lib/mno-hw-mul/libc.a(lib_a-sbrkr.o)
 .bss           0x0010edd4        0x0 /opt/altera/13.0sp1/nios2eds/bin/gnu/H-i686-pc-linux-gnu/bin/../lib/gcc/nios2-elf/4.1.2/../../../../nios2-elf/lib/mno-hw-mul/libc.a(lib_a-wsetup.o)
 .bss           0x0010edd4        0x0 /opt/altera/13.0sp1/nios2eds/bin/gnu/H-i686-pc-linux-gnu/bin/../lib/gcc/nios2-elf/4.1.2/../../../../nios2-elf/lib/mno-hw-mul/libc.a(lib_a-fflush.o)
 .bss           0x0010edd4        0x0 /opt/altera/13.0sp1/nios2eds/bin/gnu/H-i686-pc-linux-gnu/bin/../lib/gcc/nios2-elf/4.1.2/../../../../nios2-elf/lib/mno-hw-mul/libc.a(lib_a-findfp.o)
 .bss           0x0010edd4        0x0 /opt/altera/13.0sp1/nios2eds/bin/gnu/H-i686-pc-linux-gnu/bin/../lib/gcc/nios2-elf/4.1.2/../../../../nios2-elf/lib/mno-hw-mul/libc.a(lib_a-freer.o)
 .bss           0x0010edd4        0x0 /opt/altera/13.0sp1/nios2eds/bin/gnu/H-i686-pc-linux-gnu/bin/../lib/gcc/nios2-elf/4.1.2/../../../../nios2-elf/lib/mno-hw-mul/libc.a(lib_a-fwalk.o)
 .bss           0x0010edd4        0x0 /opt/altera/13.0sp1/nios2eds/bin/gnu/H-i686-pc-linux-gnu/bin/../lib/gcc/nios2-elf/4.1.2/../../../../nios2-elf/lib/mno-hw-mul/libc.a(lib_a-int_errno.o)
 .bss           0x0010edd4        0x0 /opt/altera/13.0sp1/nios2eds/bin/gnu/H-i686-pc-linux-gnu/bin/../lib/gcc/nios2-elf/4.1.2/../../../../nios2-elf/lib/mno-hw-mul/libc.a(lib_a-makebuf.o)
 .bss           0x0010edd4        0x0 /opt/altera/13.0sp1/nios2eds/bin/gnu/H-i686-pc-linux-gnu/bin/../lib/gcc/nios2-elf/4.1.2/../../../../nios2-elf/lib/mno-hw-mul/libc.a(lib_a-memset.o)
 .bss           0x0010edd4        0x0 /opt/altera/13.0sp1/nios2eds/bin/gnu/H-i686-pc-linux-gnu/bin/../lib/gcc/nios2-elf/4.1.2/../../../../nios2-elf/lib/mno-hw-mul/libc.a(lib_a-stdio.o)
 .bss           0x0010edd4        0x0 /opt/altera/13.0sp1/nios2eds/bin/gnu/H-i686-pc-linux-gnu/bin/../lib/gcc/nios2-elf/4.1.2/../../../../nios2-elf/lib/mno-hw-mul/libc.a(lib_a-writer.o)
 .bss           0x0010edd4        0x0 /opt/altera/13.0sp1/nios2eds/bin/gnu/H-i686-pc-linux-gnu/bin/../lib/gcc/nios2-elf/4.1.2/../../../../nios2-elf/lib/mno-hw-mul/libc.a(lib_a-closer.o)
 .bss           0x0010edd4        0x0 /opt/altera/13.0sp1/nios2eds/bin/gnu/H-i686-pc-linux-gnu/bin/../lib/gcc/nios2-elf/4.1.2/../../../../nios2-elf/lib/mno-hw-mul/libc.a(lib_a-fclose.o)
 .bss           0x0010edd4        0x0 /opt/altera/13.0sp1/nios2eds/bin/gnu/H-i686-pc-linux-gnu/bin/../lib/gcc/nios2-elf/4.1.2/../../../../nios2-elf/lib/mno-hw-mul/libc.a(lib_a-fstatr.o)
 .bss           0x0010edd4        0x0 /opt/altera/13.0sp1/nios2eds/bin/gnu/H-i686-pc-linux-gnu/bin/../lib/gcc/nios2-elf/4.1.2/../../../../nios2-elf/lib/mno-hw-mul/libc.a(lib_a-isattyr.o)
 .bss           0x0010edd4        0x0 /opt/altera/13.0sp1/nios2eds/bin/gnu/H-i686-pc-linux-gnu/bin/../lib/gcc/nios2-elf/4.1.2/../../../../nios2-elf/lib/mno-hw-mul/libc.a(lib_a-lseekr.o)
 .bss           0x0010edd4        0x0 /opt/altera/13.0sp1/nios2eds/bin/gnu/H-i686-pc-linux-gnu/bin/../lib/gcc/nios2-elf/4.1.2/../../../../nios2-elf/lib/mno-hw-mul/libc.a(lib_a-readr.o)
 .bss           0x0010edd4        0x0 /opt/altera/13.0sp1/nios2eds/bin/gnu/H-i686-pc-linux-gnu/bin/../lib/gcc/nios2-elf/4.1.2/mno-hw-mul/libgcc.a(lib2-mul.o)
 .bss           0x0010edd4        0x0 ../bsp//libucosii_bsp.a(alt_close.o)
 .bss           0x0010edd4        0x0 ../bsp//libucosii_bsp.a(alt_dev.o)
 .bss           0x0010edd4        0x0 ../bsp//libucosii_bsp.a(alt_errno.o)
 .bss           0x0010edd4        0x0 ../bsp//libucosii_bsp.a(alt_fstat.o)
 .bss           0x0010edd4        0x0 ../bsp//libucosii_bsp.a(alt_isatty.o)
 .bss           0x0010edd4        0x0 ../bsp//libucosii_bsp.a(alt_load.o)
 .bss           0x0010edd4        0x0 ../bsp//libucosii_bsp.a(alt_lseek.o)
 .bss           0x0010edd4        0x0 ../bsp//libucosii_bsp.a(alt_main.o)
 .bss           0x0010edd4        0x0 ../bsp//libucosii_bsp.a(alt_read.o)
 .bss           0x0010edd4        0x0 ../bsp//libucosii_bsp.a(alt_release_fd.o)
 .bss           0x0010edd4        0x0 ../bsp//libucosii_bsp.a(alt_sbrk.o)
 .bss           0x0010edd4        0x0 ../bsp//libucosii_bsp.a(alt_write.o)
 .bss           0x0010edd4        0x0 ../bsp//libucosii_bsp.a(alt_env_lock.o)
 .bss           0x0010edd4        0x0 ../bsp//libucosii_bsp.a(alt_malloc_lock.o)
 .bss           0x0010edd4        0x0 ../bsp//libucosii_bsp.a(os_core.o)
 .bss           0x0010edd4        0x0 ../bsp//libucosii_bsp.a(os_dbg.o)
 .bss           0x0010edd4        0x0 ../bsp//libucosii_bsp.a(os_flag.o)
 .bss           0x0010edd4        0x0 ../bsp//libucosii_bsp.a(os_mem.o)
 .bss           0x0010edd4        0x0 ../bsp//libucosii_bsp.a(os_q.o)
 .bss           0x0010edd4        0x0 ../bsp//libucosii_bsp.a(os_sem.o)
 .bss           0x0010edd4        0x0 ../bsp//libucosii_bsp.a(os_task.o)
 .bss           0x0010edd4        0x0 ../bsp//libucosii_bsp.a(os_time.o)
 .bss           0x0010edd4        0x0 ../bsp//libucosii_bsp.a(os_tmr.o)
 .bss           0x0010edd4        0x0 ../bsp//libucosii_bsp.a(alt_sys_init.o)
 .bss           0x0010edd4        0x0 ../bsp//libucosii_bsp.a(altera_avalon_jtag_uart_fd.o)
 .bss           0x0010edd4        0x0 ../bsp//libucosii_bsp.a(altera_avalon_jtag_uart_init.o)
 .bss           0x0010edd4        0x0 ../bsp//libucosii_bsp.a(altera_avalon_jtag_uart_ioctl.o)
 .bss           0x0010edd4        0x0 ../bsp//libucosii_bsp.a(altera_avalon_jtag_uart_read.o)
 .bss           0x0010edd4        0x0 ../bsp//libucosii_bsp.a(altera_avalon_jtag_uart_write.o)
 .bss           0x0010edd4        0x0 ../bsp//libucosii_bsp.a(altera_avalon_timer_sc.o)
 .bss           0x0010edd4        0x0 ../bsp//libucosii_bsp.a(altera_up_avalon_character_lcd.o)
 .bss           0x0010edd4        0x0 ../bsp//libucosii_bsp.a(alt_alarm_start.o)
 .bss           0x0010edd4        0x0 ../bsp//libucosii_bsp.a(alt_dcache_flush_all.o)
 .bss           0x0010edd4        0x0 ../bsp//libucosii_bsp.a(alt_dev_llist_insert.o)
 .bss           0x0010edd4        0x0 ../bsp//libucosii_bsp.a(alt_do_ctors.o)
 .bss           0x0010edd4        0x0 ../bsp//libucosii_bsp.a(alt_do_dtors.o)
 .bss           0x0010edd4        0x0 ../bsp//libucosii_bsp.a(alt_find_dev.o)
 .bss           0x0010edd4        0x0 ../bsp//libucosii_bsp.a(alt_icache_flush_all.o)
 .bss           0x0010edd4        0x0 ../bsp//libucosii_bsp.a(alt_iic.o)
 .bss           0x0010edd4        0x0 ../bsp//libucosii_bsp.a(alt_iic_isr_register.o)
 .bss           0x0010edd4        0x0 ../bsp//libucosii_bsp.a(alt_io_redirect.o)
 .bss           0x0010edd4        0x0 ../bsp//libucosii_bsp.a(alt_irq_entry.o)
 .bss           0x0010edd4        0x0 ../bsp//libucosii_bsp.a(alt_irq_handler.o)
 .bss           0x0010edd4        0x0 ../bsp//libucosii_bsp.a(alt_irq_vars.o)
 .bss           0x0010edd4        0x0 ../bsp//libucosii_bsp.a(alt_open.o)
 .bss           0x0010edd4        0x0 ../bsp//libucosii_bsp.a(alt_tick.o)
 .bss           0x0010edd4        0x0 ../bsp//libucosii_bsp.a(altera_nios2_qsys_irq.o)
 .bss           0x0010edd4        0x0 ../bsp//libucosii_bsp.a(os_cpu_a.o)
 .bss           0x0010edd4        0x0 ../bsp//libucosii_bsp.a(os_cpu_c.o)
 .bss           0x0010edd4        0x0 ../bsp//libucosii_bsp.a(alt_exception_entry.o)
 .bss           0x0010edd4        0x0 ../bsp//libucosii_bsp.a(alt_find_file.o)
 .bss           0x0010edd4        0x0 ../bsp//libucosii_bsp.a(alt_get_fd.o)
 .bss           0x0010edd4        0x0 /opt/altera/13.0sp1/nios2eds/bin/gnu/H-i686-pc-linux-gnu/bin/../lib/gcc/nios2-elf/4.1.2/../../../../nios2-elf/lib/mno-hw-mul/libc.a(lib_a-atexit.o)
 .bss           0x0010edd4        0x0 /opt/altera/13.0sp1/nios2eds/bin/gnu/H-i686-pc-linux-gnu/bin/../lib/gcc/nios2-elf/4.1.2/../../../../nios2-elf/lib/mno-hw-mul/libc.a(lib_a-exit.o)
 .bss           0x0010edd4        0x0 /opt/altera/13.0sp1/nios2eds/bin/gnu/H-i686-pc-linux-gnu/bin/../lib/gcc/nios2-elf/4.1.2/../../../../nios2-elf/lib/mno-hw-mul/libc.a(lib_a-memcmp.o)
 .bss           0x0010edd4        0x0 /opt/altera/13.0sp1/nios2eds/bin/gnu/H-i686-pc-linux-gnu/bin/../lib/gcc/nios2-elf/4.1.2/../../../../nios2-elf/lib/mno-hw-mul/libc.a(lib_a-__atexit.o)
 .bss           0x0010edd4        0x0 /opt/altera/13.0sp1/nios2eds/bin/gnu/H-i686-pc-linux-gnu/bin/../lib/gcc/nios2-elf/4.1.2/../../../../nios2-elf/lib/mno-hw-mul/libc.a(lib_a-__call_atexit.o)
 .bss           0x0010edd4        0x0 /opt/altera/13.0sp1/nios2eds/bin/gnu/H-i686-pc-linux-gnu/bin/../lib/gcc/nios2-elf/4.1.2/mno-hw-mul/libgcc.a(_fixunsdfsi.o)
 .bss           0x0010edd4        0x0 /opt/altera/13.0sp1/nios2eds/bin/gnu/H-i686-pc-linux-gnu/bin/../lib/gcc/nios2-elf/4.1.2/mno-hw-mul/libgcc.a(_addsub_df.o)
 .bss           0x0010edd4        0x0 /opt/altera/13.0sp1/nios2eds/bin/gnu/H-i686-pc-linux-gnu/bin/../lib/gcc/nios2-elf/4.1.2/mno-hw-mul/libgcc.a(_mul_df.o)
 .bss           0x0010edd4        0x0 /opt/altera/13.0sp1/nios2eds/bin/gnu/H-i686-pc-linux-gnu/bin/../lib/gcc/nios2-elf/4.1.2/mno-hw-mul/libgcc.a(_div_df.o)
 .bss           0x0010edd4        0x0 /opt/altera/13.0sp1/nios2eds/bin/gnu/H-i686-pc-linux-gnu/bin/../lib/gcc/nios2-elf/4.1.2/mno-hw-mul/libgcc.a(_ge_df.o)
 .bss           0x0010edd4        0x0 /opt/altera/13.0sp1/nios2eds/bin/gnu/H-i686-pc-linux-gnu/bin/../lib/gcc/nios2-elf/4.1.2/mno-hw-mul/libgcc.a(_si_to_df.o)
 .bss           0x0010edd4        0x0 /opt/altera/13.0sp1/nios2eds/bin/gnu/H-i686-pc-linux-gnu/bin/../lib/gcc/nios2-elf/4.1.2/mno-hw-mul/libgcc.a(_df_to_si.o)
 .bss           0x0010edd4        0x0 /opt/altera/13.0sp1/nios2eds/bin/gnu/H-i686-pc-linux-gnu/bin/../lib/gcc/nios2-elf/4.1.2/mno-hw-mul/libgcc.a(_thenan_df.o)
 .bss           0x0010edd4        0x0 /opt/altera/13.0sp1/nios2eds/bin/gnu/H-i686-pc-linux-gnu/bin/../lib/gcc/nios2-elf/4.1.2/mno-hw-mul/libgcc.a(_usi_to_df.o)
 .bss           0x0010edd4        0x0 /opt/altera/13.0sp1/nios2eds/bin/gnu/H-i686-pc-linux-gnu/bin/../lib/gcc/nios2-elf/4.1.2/mno-hw-mul/libgcc.a(lib2-divmod.o)
 .bss           0x0010edd4        0x0 /opt/altera/13.0sp1/nios2eds/bin/gnu/H-i686-pc-linux-gnu/bin/../lib/gcc/nios2-elf/4.1.2/mno-hw-mul/libgcc.a(_muldi3.o)
 .bss           0x0010edd4        0x0 /opt/altera/13.0sp1/nios2eds/bin/gnu/H-i686-pc-linux-gnu/bin/../lib/gcc/nios2-elf/4.1.2/mno-hw-mul/libgcc.a(_clzsi2.o)
 .bss           0x0010edd4        0x0 /opt/altera/13.0sp1/nios2eds/bin/gnu/H-i686-pc-linux-gnu/bin/../lib/gcc/nios2-elf/4.1.2/mno-hw-mul/libgcc.a(_pack_df.o)
 .bss           0x0010edd4        0x0 /opt/altera/13.0sp1/nios2eds/bin/gnu/H-i686-pc-linux-gnu/bin/../lib/gcc/nios2-elf/4.1.2/mno-hw-mul/libgcc.a(_unpack_df.o)
 .bss           0x0010edd4        0x0 /opt/altera/13.0sp1/nios2eds/bin/gnu/H-i686-pc-linux-gnu/bin/../lib/gcc/nios2-elf/4.1.2/mno-hw-mul/libgcc.a(_fpcmp_parts_df.o)
 .bss           0x0010edd4        0x0 /opt/altera/13.0sp1/nios2eds/bin/gnu/H-i686-pc-linux-gnu/bin/../lib/gcc/nios2-elf/4.1.2/mno-hw-mul/libgcc.a(_clz.o)
 .bss           0x0010edd4        0x0 ../bsp//libucosii_bsp.a(alt_exit.o)
 *(COMMON)
 COMMON         0x0010edd4     0x6000 obj/default/Handshake.o
                0x0010edd4                task1_stk
                0x00110dd4                stat_stk
                0x00112dd4                task2_stk
 COMMON         0x00114dd4     0x3d74 ../bsp//libucosii_bsp.a(os_core.o)
                0x00114dd4                OSTmrWheelTbl
                0x00114de4                OSFlagTbl
                0x00115154                OSTmrTbl
                0x00115494                OSMemTbl
                0x001160c4                OSTaskStatStk
                0x001168c4                OSQTbl
                0x00116aa4                OSTmrTaskStk
                0x001172a4                OSTaskIdleStk
                0x00117aa4                OSEventTbl
                0x001185e4                OSTCBTbl
                0x00118af4                OSTCBPrioTbl
 COMMON         0x00118b48      0x100 ../bsp//libucosii_bsp.a(alt_irq_handler.o)
                0x00118b48                alt_irq
 COMMON         0x00118c48      0x190 /opt/altera/13.0sp1/nios2eds/bin/gnu/H-i686-pc-linux-gnu/bin/../lib/gcc/nios2-elf/4.1.2/../../../../nios2-elf/lib/mno-hw-mul/libc.a(lib_a-atexit.o)
                0x00118c48                _atexit0
                0x00118dd8                . = ALIGN (0x4)
                0x00118dd8                __bss_end = ABSOLUTE (.)

.onchip_memory  0x00000000        0x0 load address 0x00118dd8
                0x00000000                PROVIDE (_alt_partition_onchip_memory_start, ABSOLUTE (.))
 *(.onchip_memory. onchip_memory.*)
                0x00000000                . = ALIGN (0x4)
                0x00000000                PROVIDE (_alt_partition_onchip_memory_end, ABSOLUTE (.))
                0x00118dd8                PROVIDE (_alt_partition_onchip_memory_load_addr, LOADADDR (.onchip_memory))

.sram           0x00118dd8        0x0
                0x00118dd8                PROVIDE (_alt_partition_sram_start, ABSOLUTE (.))
 *(.sram. sram.*)
                0x00118dd8                . = ALIGN (0x4)
                0x00118dd8                PROVIDE (_alt_partition_sram_end, ABSOLUTE (.))
                0x00118dd8                _end = ABSOLUTE (.)
                0x00118dd8                end = ABSOLUTE (.)
                0x00118dd8                __alt_stack_base = ABSOLUTE (.)
                0x00118dd8                PROVIDE (_alt_partition_sram_load_addr, LOADADDR (.sram))

.sdram          0x01000144        0x0 load address 0x00118dd8
                0x01000144                PROVIDE (_alt_partition_sdram_start, ABSOLUTE (.))
 *(.sdram. sdram.*)
                0x01000144                . = ALIGN (0x4)
                0x01000144                PROVIDE (_alt_partition_sdram_end, ABSOLUTE (.))
                0x00118dd8                PROVIDE (_alt_partition_sdram_load_addr, LOADADDR (.sdram))

.stab
 *(.stab)

.stabstr
 *(.stabstr)

.stab.excl
 *(.stab.excl)

.stab.exclstr
 *(.stab.exclstr)

.stab.index
 *(.stab.index)

.stab.indexstr
 *(.stab.indexstr)

.comment        0x00000000       0x26
 *(.comment)
 .comment       0x00000000       0x26 obj/default/Handshake.o
                                 0x27 (size before relaxing)
 .comment       0x00000000       0x27 /opt/altera/13.0sp1/nios2eds/bin/gnu/H-i686-pc-linux-gnu/bin/../lib/gcc/nios2-elf/4.1.2/../../../../nios2-elf/lib/mno-hw-mul/libc.a(lib_a-puts.o)
 .comment       0x00000000       0x27 /opt/altera/13.0sp1/nios2eds/bin/gnu/H-i686-pc-linux-gnu/bin/../lib/gcc/nios2-elf/4.1.2/../../../../nios2-elf/lib/mno-hw-mul/libc.a(lib_a-strlen.o)
 .comment       0x00000000       0x27 /opt/altera/13.0sp1/nios2eds/bin/gnu/H-i686-pc-linux-gnu/bin/../lib/gcc/nios2-elf/4.1.2/../../../../nios2-elf/lib/mno-hw-mul/libc.a(lib_a-fvwrite.o)
 .comment       0x00000000       0x27 /opt/altera/13.0sp1/nios2eds/bin/gnu/H-i686-pc-linux-gnu/bin/../lib/gcc/nios2-elf/4.1.2/../../../../nios2-elf/lib/mno-hw-mul/libc.a(lib_a-impure.o)
 .comment       0x00000000       0x27 /opt/altera/13.0sp1/nios2eds/bin/gnu/H-i686-pc-linux-gnu/bin/../lib/gcc/nios2-elf/4.1.2/../../../../nios2-elf/lib/mno-hw-mul/libc.a(lib_a-mallocr.o)
 .comment       0x00000000       0x27 /opt/altera/13.0sp1/nios2eds/bin/gnu/H-i686-pc-linux-gnu/bin/../lib/gcc/nios2-elf/4.1.2/../../../../nios2-elf/lib/mno-hw-mul/libc.a(lib_a-memchr.o)
 .comment       0x00000000       0x27 /opt/altera/13.0sp1/nios2eds/bin/gnu/H-i686-pc-linux-gnu/bin/../lib/gcc/nios2-elf/4.1.2/../../../../nios2-elf/lib/mno-hw-mul/libc.a(lib_a-memcpy.o)
 .comment       0x00000000       0x27 /opt/altera/13.0sp1/nios2eds/bin/gnu/H-i686-pc-linux-gnu/bin/../lib/gcc/nios2-elf/4.1.2/../../../../nios2-elf/lib/mno-hw-mul/libc.a(lib_a-memmove.o)
 .comment       0x00000000       0x27 /opt/altera/13.0sp1/nios2eds/bin/gnu/H-i686-pc-linux-gnu/bin/../lib/gcc/nios2-elf/4.1.2/../../../../nios2-elf/lib/mno-hw-mul/libc.a(lib_a-reallocr.o)
 .comment       0x00000000       0x27 /opt/altera/13.0sp1/nios2eds/bin/gnu/H-i686-pc-linux-gnu/bin/../lib/gcc/nios2-elf/4.1.2/../../../../nios2-elf/lib/mno-hw-mul/libc.a(lib_a-sbrkr.o)
 .comment       0x00000000       0x27 /opt/altera/13.0sp1/nios2eds/bin/gnu/H-i686-pc-linux-gnu/bin/../lib/gcc/nios2-elf/4.1.2/../../../../nios2-elf/lib/mno-hw-mul/libc.a(lib_a-wsetup.o)
 .comment       0x00000000       0x27 /opt/altera/13.0sp1/nios2eds/bin/gnu/H-i686-pc-linux-gnu/bin/../lib/gcc/nios2-elf/4.1.2/../../../../nios2-elf/lib/mno-hw-mul/libc.a(lib_a-fflush.o)
 .comment       0x00000000       0x27 /opt/altera/13.0sp1/nios2eds/bin/gnu/H-i686-pc-linux-gnu/bin/../lib/gcc/nios2-elf/4.1.2/../../../../nios2-elf/lib/mno-hw-mul/libc.a(lib_a-findfp.o)
 .comment       0x00000000       0x27 /opt/altera/13.0sp1/nios2eds/bin/gnu/H-i686-pc-linux-gnu/bin/../lib/gcc/nios2-elf/4.1.2/../../../../nios2-elf/lib/mno-hw-mul/libc.a(lib_a-freer.o)
 .comment       0x00000000       0x27 /opt/altera/13.0sp1/nios2eds/bin/gnu/H-i686-pc-linux-gnu/bin/../lib/gcc/nios2-elf/4.1.2/../../../../nios2-elf/lib/mno-hw-mul/libc.a(lib_a-fwalk.o)
 .comment       0x00000000       0x27 /opt/altera/13.0sp1/nios2eds/bin/gnu/H-i686-pc-linux-gnu/bin/../lib/gcc/nios2-elf/4.1.2/../../../../nios2-elf/lib/mno-hw-mul/libc.a(lib_a-int_errno.o)
 .comment       0x00000000       0x27 /opt/altera/13.0sp1/nios2eds/bin/gnu/H-i686-pc-linux-gnu/bin/../lib/gcc/nios2-elf/4.1.2/../../../../nios2-elf/lib/mno-hw-mul/libc.a(lib_a-makebuf.o)
 .comment       0x00000000       0x27 /opt/altera/13.0sp1/nios2eds/bin/gnu/H-i686-pc-linux-gnu/bin/../lib/gcc/nios2-elf/4.1.2/../../../../nios2-elf/lib/mno-hw-mul/libc.a(lib_a-memset.o)
 .comment       0x00000000       0x27 /opt/altera/13.0sp1/nios2eds/bin/gnu/H-i686-pc-linux-gnu/bin/../lib/gcc/nios2-elf/4.1.2/../../../../nios2-elf/lib/mno-hw-mul/libc.a(lib_a-stdio.o)
 .comment       0x00000000       0x27 /opt/altera/13.0sp1/nios2eds/bin/gnu/H-i686-pc-linux-gnu/bin/../lib/gcc/nios2-elf/4.1.2/../../../../nios2-elf/lib/mno-hw-mul/libc.a(lib_a-writer.o)
 .comment       0x00000000       0x27 /opt/altera/13.0sp1/nios2eds/bin/gnu/H-i686-pc-linux-gnu/bin/../lib/gcc/nios2-elf/4.1.2/../../../../nios2-elf/lib/mno-hw-mul/libc.a(lib_a-closer.o)
 .comment       0x00000000       0x27 /opt/altera/13.0sp1/nios2eds/bin/gnu/H-i686-pc-linux-gnu/bin/../lib/gcc/nios2-elf/4.1.2/../../../../nios2-elf/lib/mno-hw-mul/libc.a(lib_a-fclose.o)
 .comment       0x00000000       0x27 /opt/altera/13.0sp1/nios2eds/bin/gnu/H-i686-pc-linux-gnu/bin/../lib/gcc/nios2-elf/4.1.2/../../../../nios2-elf/lib/mno-hw-mul/libc.a(lib_a-fstatr.o)
 .comment       0x00000000       0x27 /opt/altera/13.0sp1/nios2eds/bin/gnu/H-i686-pc-linux-gnu/bin/../lib/gcc/nios2-elf/4.1.2/../../../../nios2-elf/lib/mno-hw-mul/libc.a(lib_a-isattyr.o)
 .comment       0x00000000       0x27 /opt/altera/13.0sp1/nios2eds/bin/gnu/H-i686-pc-linux-gnu/bin/../lib/gcc/nios2-elf/4.1.2/../../../../nios2-elf/lib/mno-hw-mul/libc.a(lib_a-lseekr.o)
 .comment       0x00000000       0x27 /opt/altera/13.0sp1/nios2eds/bin/gnu/H-i686-pc-linux-gnu/bin/../lib/gcc/nios2-elf/4.1.2/../../../../nios2-elf/lib/mno-hw-mul/libc.a(lib_a-readr.o)
 .comment       0x00000000       0x27 /opt/altera/13.0sp1/nios2eds/bin/gnu/H-i686-pc-linux-gnu/bin/../lib/gcc/nios2-elf/4.1.2/mno-hw-mul/libgcc.a(lib2-mul.o)
 .comment       0x00000000       0x27 ../bsp//libucosii_bsp.a(alt_close.o)
 .comment       0x00000000       0x27 ../bsp//libucosii_bsp.a(alt_dev.o)
 .comment       0x00000000       0x27 ../bsp//libucosii_bsp.a(alt_errno.o)
 .comment       0x00000000       0x27 ../bsp//libucosii_bsp.a(alt_fstat.o)
 .comment       0x00000000       0x27 ../bsp//libucosii_bsp.a(alt_isatty.o)
 .comment       0x00000000       0x27 ../bsp//libucosii_bsp.a(alt_load.o)
 .comment       0x00000000       0x27 ../bsp//libucosii_bsp.a(alt_lseek.o)
 .comment       0x00000000       0x27 ../bsp//libucosii_bsp.a(alt_main.o)
 .comment       0x00000000       0x27 ../bsp//libucosii_bsp.a(alt_read.o)
 .comment       0x00000000       0x27 ../bsp//libucosii_bsp.a(alt_release_fd.o)
 .comment       0x00000000       0x27 ../bsp//libucosii_bsp.a(alt_sbrk.o)
 .comment       0x00000000       0x27 ../bsp//libucosii_bsp.a(alt_write.o)
 .comment       0x00000000       0x27 ../bsp//libucosii_bsp.a(alt_env_lock.o)
 .comment       0x00000000       0x27 ../bsp//libucosii_bsp.a(alt_malloc_lock.o)
 .comment       0x00000000       0x27 ../bsp//libucosii_bsp.a(os_core.o)
 .comment       0x00000000       0x27 ../bsp//libucosii_bsp.a(os_dbg.o)
 .comment       0x00000000       0x27 ../bsp//libucosii_bsp.a(os_flag.o)
 .comment       0x00000000       0x27 ../bsp//libucosii_bsp.a(os_mem.o)
 .comment       0x00000000       0x27 ../bsp//libucosii_bsp.a(os_q.o)
 .comment       0x00000000       0x27 ../bsp//libucosii_bsp.a(os_sem.o)
 .comment       0x00000000       0x27 ../bsp//libucosii_bsp.a(os_task.o)
 .comment       0x00000000       0x27 ../bsp//libucosii_bsp.a(os_time.o)
 .comment       0x00000000       0x27 ../bsp//libucosii_bsp.a(os_tmr.o)
 .comment       0x00000000       0x27 ../bsp//libucosii_bsp.a(alt_sys_init.o)
 .comment       0x00000000       0x27 ../bsp//libucosii_bsp.a(altera_avalon_jtag_uart_fd.o)
 .comment       0x00000000       0x27 ../bsp//libucosii_bsp.a(altera_avalon_jtag_uart_init.o)
 .comment       0x00000000       0x27 ../bsp//libucosii_bsp.a(altera_avalon_jtag_uart_ioctl.o)
 .comment       0x00000000       0x27 ../bsp//libucosii_bsp.a(altera_avalon_jtag_uart_read.o)
 .comment       0x00000000       0x27 ../bsp//libucosii_bsp.a(altera_avalon_jtag_uart_write.o)
 .comment       0x00000000       0x27 ../bsp//libucosii_bsp.a(altera_avalon_timer_sc.o)
 .comment       0x00000000       0x27 ../bsp//libucosii_bsp.a(altera_up_avalon_character_lcd.o)
 .comment       0x00000000       0x27 ../bsp//libucosii_bsp.a(alt_alarm_start.o)
 .comment       0x00000000       0x27 ../bsp//libucosii_bsp.a(alt_dcache_flush_all.o)
 .comment       0x00000000       0x27 ../bsp//libucosii_bsp.a(alt_dev_llist_insert.o)
 .comment       0x00000000       0x27 ../bsp//libucosii_bsp.a(alt_do_ctors.o)
 .comment       0x00000000       0x27 ../bsp//libucosii_bsp.a(alt_do_dtors.o)
 .comment       0x00000000       0x27 ../bsp//libucosii_bsp.a(alt_find_dev.o)
 .comment       0x00000000       0x27 ../bsp//libucosii_bsp.a(alt_icache_flush_all.o)
 .comment       0x00000000       0x27 ../bsp//libucosii_bsp.a(alt_iic.o)
 .comment       0x00000000       0x27 ../bsp//libucosii_bsp.a(alt_iic_isr_register.o)
 .comment       0x00000000       0x27 ../bsp//libucosii_bsp.a(alt_io_redirect.o)
 .comment       0x00000000       0x27 ../bsp//libucosii_bsp.a(alt_irq_handler.o)
 .comment       0x00000000       0x27 ../bsp//libucosii_bsp.a(alt_irq_vars.o)
 .comment       0x00000000       0x27 ../bsp//libucosii_bsp.a(alt_open.o)
 .comment       0x00000000       0x27 ../bsp//libucosii_bsp.a(alt_tick.o)
 .comment       0x00000000       0x27 ../bsp//libucosii_bsp.a(altera_nios2_qsys_irq.o)
 .comment       0x00000000       0x27 ../bsp//libucosii_bsp.a(os_cpu_c.o)
 .comment       0x00000000       0x27 ../bsp//libucosii_bsp.a(alt_find_file.o)
 .comment       0x00000000       0x27 ../bsp//libucosii_bsp.a(alt_get_fd.o)
 .comment       0x00000000       0x27 /opt/altera/13.0sp1/nios2eds/bin/gnu/H-i686-pc-linux-gnu/bin/../lib/gcc/nios2-elf/4.1.2/../../../../nios2-elf/lib/mno-hw-mul/libc.a(lib_a-atexit.o)
 .comment       0x00000000       0x27 /opt/altera/13.0sp1/nios2eds/bin/gnu/H-i686-pc-linux-gnu/bin/../lib/gcc/nios2-elf/4.1.2/../../../../nios2-elf/lib/mno-hw-mul/libc.a(lib_a-exit.o)
 .comment       0x00000000       0x27 /opt/altera/13.0sp1/nios2eds/bin/gnu/H-i686-pc-linux-gnu/bin/../lib/gcc/nios2-elf/4.1.2/../../../../nios2-elf/lib/mno-hw-mul/libc.a(lib_a-memcmp.o)
 .comment       0x00000000       0x27 /opt/altera/13.0sp1/nios2eds/bin/gnu/H-i686-pc-linux-gnu/bin/../lib/gcc/nios2-elf/4.1.2/../../../../nios2-elf/lib/mno-hw-mul/libc.a(lib_a-__atexit.o)
 .comment       0x00000000       0x27 /opt/altera/13.0sp1/nios2eds/bin/gnu/H-i686-pc-linux-gnu/bin/../lib/gcc/nios2-elf/4.1.2/../../../../nios2-elf/lib/mno-hw-mul/libc.a(lib_a-__call_atexit.o)
 .comment       0x00000000       0x27 /opt/altera/13.0sp1/nios2eds/bin/gnu/H-i686-pc-linux-gnu/bin/../lib/gcc/nios2-elf/4.1.2/mno-hw-mul/libgcc.a(_fixunsdfsi.o)
 .comment       0x00000000       0x27 /opt/altera/13.0sp1/nios2eds/bin/gnu/H-i686-pc-linux-gnu/bin/../lib/gcc/nios2-elf/4.1.2/mno-hw-mul/libgcc.a(_addsub_df.o)
 .comment       0x00000000       0x27 /opt/altera/13.0sp1/nios2eds/bin/gnu/H-i686-pc-linux-gnu/bin/../lib/gcc/nios2-elf/4.1.2/mno-hw-mul/libgcc.a(_mul_df.o)
 .comment       0x00000000       0x27 /opt/altera/13.0sp1/nios2eds/bin/gnu/H-i686-pc-linux-gnu/bin/../lib/gcc/nios2-elf/4.1.2/mno-hw-mul/libgcc.a(_div_df.o)
 .comment       0x00000000       0x27 /opt/altera/13.0sp1/nios2eds/bin/gnu/H-i686-pc-linux-gnu/bin/../lib/gcc/nios2-elf/4.1.2/mno-hw-mul/libgcc.a(_ge_df.o)
 .comment       0x00000000       0x27 /opt/altera/13.0sp1/nios2eds/bin/gnu/H-i686-pc-linux-gnu/bin/../lib/gcc/nios2-elf/4.1.2/mno-hw-mul/libgcc.a(_si_to_df.o)
 .comment       0x00000000       0x27 /opt/altera/13.0sp1/nios2eds/bin/gnu/H-i686-pc-linux-gnu/bin/../lib/gcc/nios2-elf/4.1.2/mno-hw-mul/libgcc.a(_df_to_si.o)
 .comment       0x00000000       0x27 /opt/altera/13.0sp1/nios2eds/bin/gnu/H-i686-pc-linux-gnu/bin/../lib/gcc/nios2-elf/4.1.2/mno-hw-mul/libgcc.a(_thenan_df.o)
 .comment       0x00000000       0x27 /opt/altera/13.0sp1/nios2eds/bin/gnu/H-i686-pc-linux-gnu/bin/../lib/gcc/nios2-elf/4.1.2/mno-hw-mul/libgcc.a(_usi_to_df.o)
 .comment       0x00000000       0x27 /opt/altera/13.0sp1/nios2eds/bin/gnu/H-i686-pc-linux-gnu/bin/../lib/gcc/nios2-elf/4.1.2/mno-hw-mul/libgcc.a(lib2-divmod.o)
 .comment       0x00000000       0x27 /opt/altera/13.0sp1/nios2eds/bin/gnu/H-i686-pc-linux-gnu/bin/../lib/gcc/nios2-elf/4.1.2/mno-hw-mul/libgcc.a(_muldi3.o)
 .comment       0x00000000       0x27 /opt/altera/13.0sp1/nios2eds/bin/gnu/H-i686-pc-linux-gnu/bin/../lib/gcc/nios2-elf/4.1.2/mno-hw-mul/libgcc.a(_clzsi2.o)
 .comment       0x00000000       0x27 /opt/altera/13.0sp1/nios2eds/bin/gnu/H-i686-pc-linux-gnu/bin/../lib/gcc/nios2-elf/4.1.2/mno-hw-mul/libgcc.a(_pack_df.o)
 .comment       0x00000000       0x27 /opt/altera/13.0sp1/nios2eds/bin/gnu/H-i686-pc-linux-gnu/bin/../lib/gcc/nios2-elf/4.1.2/mno-hw-mul/libgcc.a(_unpack_df.o)
 .comment       0x00000000       0x27 /opt/altera/13.0sp1/nios2eds/bin/gnu/H-i686-pc-linux-gnu/bin/../lib/gcc/nios2-elf/4.1.2/mno-hw-mul/libgcc.a(_fpcmp_parts_df.o)
 .comment       0x00000000       0x27 /opt/altera/13.0sp1/nios2eds/bin/gnu/H-i686-pc-linux-gnu/bin/../lib/gcc/nios2-elf/4.1.2/mno-hw-mul/libgcc.a(_clz.o)
 .comment       0x00000000       0x27 ../bsp//libucosii_bsp.a(alt_exit.o)

.debug
 *(.debug)

.line
 *(.line)

.debug_srcinfo
 *(.debug_srcinfo)

.debug_sfnames
 *(.debug_sfnames)

.debug_aranges  0x00000000      0xc58
 *(.debug_aranges)
 .debug_aranges
                0x00000000       0x28 ../bsp//obj/HAL/src/crt0.o
 .debug_aranges
                0x00000028       0x20 obj/default/Handshake.o
 .debug_aranges
                0x00000048       0x20 /opt/altera/13.0sp1/nios2eds/bin/gnu/H-i686-pc-linux-gnu/bin/../lib/gcc/nios2-elf/4.1.2/../../../../nios2-elf/lib/mno-hw-mul/libc.a(lib_a-puts.o)
 .debug_aranges
                0x00000068       0x20 /opt/altera/13.0sp1/nios2eds/bin/gnu/H-i686-pc-linux-gnu/bin/../lib/gcc/nios2-elf/4.1.2/../../../../nios2-elf/lib/mno-hw-mul/libc.a(lib_a-strlen.o)
 .debug_aranges
                0x00000088       0x20 /opt/altera/13.0sp1/nios2eds/bin/gnu/H-i686-pc-linux-gnu/bin/../lib/gcc/nios2-elf/4.1.2/../../../../nios2-elf/lib/mno-hw-mul/libc.a(lib_a-fvwrite.o)
 .debug_aranges
                0x000000a8       0x20 /opt/altera/13.0sp1/nios2eds/bin/gnu/H-i686-pc-linux-gnu/bin/../lib/gcc/nios2-elf/4.1.2/../../../../nios2-elf/lib/mno-hw-mul/libc.a(lib_a-mallocr.o)
 .debug_aranges
                0x000000c8       0x20 /opt/altera/13.0sp1/nios2eds/bin/gnu/H-i686-pc-linux-gnu/bin/../lib/gcc/nios2-elf/4.1.2/../../../../nios2-elf/lib/mno-hw-mul/libc.a(lib_a-memchr.o)
 .debug_aranges
                0x000000e8       0x20 /opt/altera/13.0sp1/nios2eds/bin/gnu/H-i686-pc-linux-gnu/bin/../lib/gcc/nios2-elf/4.1.2/../../../../nios2-elf/lib/mno-hw-mul/libc.a(lib_a-memcpy.o)
 .debug_aranges
                0x00000108       0x20 /opt/altera/13.0sp1/nios2eds/bin/gnu/H-i686-pc-linux-gnu/bin/../lib/gcc/nios2-elf/4.1.2/../../../../nios2-elf/lib/mno-hw-mul/libc.a(lib_a-memmove.o)
 .debug_aranges
                0x00000128       0x20 /opt/altera/13.0sp1/nios2eds/bin/gnu/H-i686-pc-linux-gnu/bin/../lib/gcc/nios2-elf/4.1.2/../../../../nios2-elf/lib/mno-hw-mul/libc.a(lib_a-reallocr.o)
 .debug_aranges
                0x00000148       0x20 /opt/altera/13.0sp1/nios2eds/bin/gnu/H-i686-pc-linux-gnu/bin/../lib/gcc/nios2-elf/4.1.2/../../../../nios2-elf/lib/mno-hw-mul/libc.a(lib_a-sbrkr.o)
 .debug_aranges
                0x00000168       0x20 /opt/altera/13.0sp1/nios2eds/bin/gnu/H-i686-pc-linux-gnu/bin/../lib/gcc/nios2-elf/4.1.2/../../../../nios2-elf/lib/mno-hw-mul/libc.a(lib_a-wsetup.o)
 .debug_aranges
                0x00000188       0x20 /opt/altera/13.0sp1/nios2eds/bin/gnu/H-i686-pc-linux-gnu/bin/../lib/gcc/nios2-elf/4.1.2/../../../../nios2-elf/lib/mno-hw-mul/libc.a(lib_a-fflush.o)
 .debug_aranges
                0x000001a8       0x20 /opt/altera/13.0sp1/nios2eds/bin/gnu/H-i686-pc-linux-gnu/bin/../lib/gcc/nios2-elf/4.1.2/../../../../nios2-elf/lib/mno-hw-mul/libc.a(lib_a-findfp.o)
 .debug_aranges
                0x000001c8       0x20 /opt/altera/13.0sp1/nios2eds/bin/gnu/H-i686-pc-linux-gnu/bin/../lib/gcc/nios2-elf/4.1.2/../../../../nios2-elf/lib/mno-hw-mul/libc.a(lib_a-freer.o)
 .debug_aranges
                0x000001e8       0x20 /opt/altera/13.0sp1/nios2eds/bin/gnu/H-i686-pc-linux-gnu/bin/../lib/gcc/nios2-elf/4.1.2/../../../../nios2-elf/lib/mno-hw-mul/libc.a(lib_a-fwalk.o)
 .debug_aranges
                0x00000208       0x20 /opt/altera/13.0sp1/nios2eds/bin/gnu/H-i686-pc-linux-gnu/bin/../lib/gcc/nios2-elf/4.1.2/../../../../nios2-elf/lib/mno-hw-mul/libc.a(lib_a-makebuf.o)
 .debug_aranges
                0x00000228       0x20 /opt/altera/13.0sp1/nios2eds/bin/gnu/H-i686-pc-linux-gnu/bin/../lib/gcc/nios2-elf/4.1.2/../../../../nios2-elf/lib/mno-hw-mul/libc.a(lib_a-memset.o)
 .debug_aranges
                0x00000248       0x20 /opt/altera/13.0sp1/nios2eds/bin/gnu/H-i686-pc-linux-gnu/bin/../lib/gcc/nios2-elf/4.1.2/../../../../nios2-elf/lib/mno-hw-mul/libc.a(lib_a-stdio.o)
 .debug_aranges
                0x00000268       0x20 /opt/altera/13.0sp1/nios2eds/bin/gnu/H-i686-pc-linux-gnu/bin/../lib/gcc/nios2-elf/4.1.2/../../../../nios2-elf/lib/mno-hw-mul/libc.a(lib_a-writer.o)
 .debug_aranges
                0x00000288       0x20 /opt/altera/13.0sp1/nios2eds/bin/gnu/H-i686-pc-linux-gnu/bin/../lib/gcc/nios2-elf/4.1.2/../../../../nios2-elf/lib/mno-hw-mul/libc.a(lib_a-closer.o)
 .debug_aranges
                0x000002a8       0x20 /opt/altera/13.0sp1/nios2eds/bin/gnu/H-i686-pc-linux-gnu/bin/../lib/gcc/nios2-elf/4.1.2/../../../../nios2-elf/lib/mno-hw-mul/libc.a(lib_a-fclose.o)
 .debug_aranges
                0x000002c8       0x20 /opt/altera/13.0sp1/nios2eds/bin/gnu/H-i686-pc-linux-gnu/bin/../lib/gcc/nios2-elf/4.1.2/../../../../nios2-elf/lib/mno-hw-mul/libc.a(lib_a-fstatr.o)
 .debug_aranges
                0x000002e8       0x20 /opt/altera/13.0sp1/nios2eds/bin/gnu/H-i686-pc-linux-gnu/bin/../lib/gcc/nios2-elf/4.1.2/../../../../nios2-elf/lib/mno-hw-mul/libc.a(lib_a-isattyr.o)
 .debug_aranges
                0x00000308       0x20 /opt/altera/13.0sp1/nios2eds/bin/gnu/H-i686-pc-linux-gnu/bin/../lib/gcc/nios2-elf/4.1.2/../../../../nios2-elf/lib/mno-hw-mul/libc.a(lib_a-lseekr.o)
 .debug_aranges
                0x00000328       0x20 /opt/altera/13.0sp1/nios2eds/bin/gnu/H-i686-pc-linux-gnu/bin/../lib/gcc/nios2-elf/4.1.2/../../../../nios2-elf/lib/mno-hw-mul/libc.a(lib_a-readr.o)
 .debug_aranges
                0x00000348       0x20 /opt/altera/13.0sp1/nios2eds/bin/gnu/H-i686-pc-linux-gnu/bin/../lib/gcc/nios2-elf/4.1.2/mno-hw-mul/libgcc.a(lib2-mul.o)
 .debug_aranges
                0x00000368       0x20 ../bsp//libucosii_bsp.a(alt_close.o)
 .debug_aranges
                0x00000388       0x20 ../bsp//libucosii_bsp.a(alt_dev.o)
 .debug_aranges
                0x000003a8       0x20 ../bsp//libucosii_bsp.a(alt_fstat.o)
 .debug_aranges
                0x000003c8       0x20 ../bsp//libucosii_bsp.a(alt_isatty.o)
 .debug_aranges
                0x000003e8       0x20 ../bsp//libucosii_bsp.a(alt_load.o)
 .debug_aranges
                0x00000408       0x20 ../bsp//libucosii_bsp.a(alt_lseek.o)
 .debug_aranges
                0x00000428       0x20 ../bsp//libucosii_bsp.a(alt_main.o)
 .debug_aranges
                0x00000448       0x20 ../bsp//libucosii_bsp.a(alt_read.o)
 .debug_aranges
                0x00000468       0x20 ../bsp//libucosii_bsp.a(alt_release_fd.o)
 .debug_aranges
                0x00000488       0x20 ../bsp//libucosii_bsp.a(alt_sbrk.o)
 .debug_aranges
                0x000004a8       0x20 ../bsp//libucosii_bsp.a(alt_write.o)
 .debug_aranges
                0x000004c8       0x20 ../bsp//libucosii_bsp.a(alt_env_lock.o)
 .debug_aranges
                0x000004e8       0x20 ../bsp//libucosii_bsp.a(alt_malloc_lock.o)
 .debug_aranges
                0x00000508       0x20 ../bsp//libucosii_bsp.a(os_core.o)
 .debug_aranges
                0x00000528       0x20 ../bsp//libucosii_bsp.a(os_dbg.o)
 .debug_aranges
                0x00000548       0x20 ../bsp//libucosii_bsp.a(os_flag.o)
 .debug_aranges
                0x00000568       0x20 ../bsp//libucosii_bsp.a(os_mem.o)
 .debug_aranges
                0x00000588       0x20 ../bsp//libucosii_bsp.a(os_q.o)
 .debug_aranges
                0x000005a8       0x20 ../bsp//libucosii_bsp.a(os_sem.o)
 .debug_aranges
                0x000005c8       0x20 ../bsp//libucosii_bsp.a(os_task.o)
 .debug_aranges
                0x000005e8       0x20 ../bsp//libucosii_bsp.a(os_time.o)
 .debug_aranges
                0x00000608       0x20 ../bsp//libucosii_bsp.a(os_tmr.o)
 .debug_aranges
                0x00000628       0x20 ../bsp//libucosii_bsp.a(alt_sys_init.o)
 .debug_aranges
                0x00000648       0x20 ../bsp//libucosii_bsp.a(altera_avalon_jtag_uart_fd.o)
 .debug_aranges
                0x00000668       0x20 ../bsp//libucosii_bsp.a(altera_avalon_jtag_uart_init.o)
 .debug_aranges
                0x00000688       0x20 ../bsp//libucosii_bsp.a(altera_avalon_jtag_uart_ioctl.o)
 .debug_aranges
                0x000006a8       0x20 ../bsp//libucosii_bsp.a(altera_avalon_jtag_uart_read.o)
 .debug_aranges
                0x000006c8       0x20 ../bsp//libucosii_bsp.a(altera_avalon_jtag_uart_write.o)
 .debug_aranges
                0x000006e8       0x20 ../bsp//libucosii_bsp.a(altera_avalon_timer_sc.o)
 .debug_aranges
                0x00000708       0x20 ../bsp//libucosii_bsp.a(altera_up_avalon_character_lcd.o)
 .debug_aranges